Device: cuda
============================================================
Large Network (256-256-128)
============================================================
[PPO] ep=  50 cap=38.0% ret=-54.9
[PPO] ep= 100 cap=40.0% ret=-14.9
[PPO] ep= 150 cap=32.0% ret=25.4
[PPO] ep= 200 cap=48.0% ret=155.6
[PPO] ep= 250 cap=30.0% ret=83.4
[PPO] ep= 300 cap=24.0% ret=78.1
[PPO] ep= 350 cap=30.0% ret=75.3
[PPO] ep= 400 cap=36.0% ret=-4.0
[PPO] ep= 450 cap=44.0% ret=55.1
[PPO] ep= 500 cap=60.0% ret=126.0
[PPO] ep= 550 cap=50.0% ret=39.8
[PPO] ep= 600 cap=34.0% ret=1.8
[PPO] ep= 650 cap=40.0% ret=78.8
[PPO] ep= 700 cap=44.0% ret=-14.6
[PPO] ep= 750 cap=50.0% ret=44.1
[PPO] ep= 800 cap=42.0% ret=51.2
[PPO] ep= 850 cap=34.0% ret=-23.0
[PPO] ep= 900 cap=48.0% ret=59.1
[PPO] ep= 950 cap=38.0% ret=50.4
[PPO] ep=1000 cap=38.0% ret=158.7
[PPO] ep=1050 cap=34.0% ret=104.8
[PPO] ep=1100 cap=38.0% ret=78.0
[PPO] ep=1150 cap=38.0% ret=156.2
[PPO] ep=1200 cap=58.0% ret=247.5
[PPO] ep=1250 cap=56.0% ret=180.3
[PPO] ep=1300 cap=66.0% ret=185.5
[PPO] ep=1350 cap=50.0% ret=152.1
[PPO] ep=1400 cap=62.0% ret=186.7
[PPO] ep=1450 cap=64.0% ret=170.2
[PPO] ep=1500 cap=54.0% ret=168.1
[PPO] ep=1550 cap=52.0% ret=232.1
[PPO] ep=1600 cap=58.0% ret=236.8
[PPO] ep=1650 cap=62.0% ret=284.3
[PPO] ep=1700 cap=64.0% ret=214.3
[PPO] ep=1750 cap=48.0% ret=221.2
[PPO] ep=1800 cap=66.0% ret=287.5
[PPO] ep=1850 cap=64.0% ret=255.7
[PPO] ep=1900 cap=74.0% ret=356.1
[PPO] ep=1950 cap=56.0% ret=198.4
[PPO] ep=2000 cap=60.0% ret=243.1
[PPO] ep=2050 cap=58.0% ret=259.4
[PPO] ep=2100 cap=76.0% ret=312.5
[PPO] ep=2150 cap=60.0% ret=300.8
[PPO] ep=2200 cap=74.0% ret=341.7
[PPO] ep=2250 cap=64.0% ret=256.4
[PPO] ep=2300 cap=72.0% ret=262.9
[PPO] ep=2350 cap=68.0% ret=291.3
[PPO] ep=2400 cap=68.0% ret=343.0
[PPO] ep=2450 cap=64.0% ret=278.8
[PPO] ep=2500 cap=68.0% ret=315.3
[PPO] ep=2550 cap=78.0% ret=327.5
[PPO] ep=2600 cap=72.0% ret=316.0
[PPO] ep=2650 cap=68.0% ret=298.6
[PPO] ep=2700 cap=78.0% ret=363.5
[PPO] ep=2750 cap=70.0% ret=327.6
[PPO] ep=2800 cap=76.0% ret=343.4
[PPO] ep=2850 cap=58.0% ret=220.3
[PPO] ep=2900 cap=68.0% ret=274.5
[PPO] ep=2950 cap=70.0% ret=292.2
[PPO] ep=3000 cap=48.0% ret=260.5
[PPO] ep=3050 cap=60.0% ret=269.7
[PPO] ep=3100 cap=66.0% ret=274.5
[PPO] ep=3150 cap=70.0% ret=276.0
[PPO] ep=3200 cap=70.0% ret=291.8
[PPO] ep=3250 cap=66.0% ret=279.9
[PPO] ep=3300 cap=68.0% ret=318.1
[PPO] ep=3350 cap=66.0% ret=272.6
[PPO] ep=3400 cap=60.0% ret=266.4
[PPO] ep=3450 cap=78.0% ret=366.4
[PPO] ep=3500 cap=66.0% ret=241.7
[PPO] ep=3550 cap=74.0% ret=330.8
[PPO] ep=3600 cap=70.0% ret=296.8
[PPO] ep=3650 cap=60.0% ret=303.6
[PPO] ep=3700 cap=64.0% ret=339.7
[PPO] ep=3750 cap=62.0% ret=310.2
[PPO] ep=3800 cap=86.0% ret=365.6
[PPO] ep=3850 cap=66.0% ret=326.7
[PPO] ep=3900 cap=48.0% ret=261.6
[PPO] ep=3950 cap=70.0% ret=380.2
[PPO] ep=4000 cap=66.0% ret=320.4
Final capture rate: 68.0%
