Device: cuda
Creating SubprocVecEnv with 4 workers ...
Loaded V4 NN: obs_dim=8, act_dim=3, hidden=(64, 64)
/root/miniconda3/lib/python3.12/site-packages/gymnasium/spaces/box.py:236: UserWarning: [33mWARN: Box low's precision lowered by casting to float32, current low.dtype=float64[0m
  gym.logger.warn(
/root/miniconda3/lib/python3.12/site-packages/gymnasium/spaces/box.py:306: UserWarning: [33mWARN: Box high's precision lowered by casting to float32, current high.dtype=float64[0m
  gym.logger.warn(
Loaded pretrained (TD3Actor→AC): checkpoints/td3bc_v4_2m/best.pth
Online PPO: 195 updates, 256 steps × 4 envs = 1024/update [reward-norm]
Reward params: {'R_catch': 150.0, 'R_fail': -50.0, 'alpha': 5.0, 'c_sg': 10.0, 'd_sg_safe': 1.5, 'c_path': 5.0, 'lam_time': 0.02}
/root/miniconda3/lib/python3.12/site-packages/gymnasium/spaces/box.py:236: UserWarning: [33mWARN: Box low's precision lowered by casting to float32, current low.dtype=float64[0m
  gym.logger.warn(
/root/miniconda3/lib/python3.12/site-packages/gymnasium/spaces/box.py:306: UserWarning: [33mWARN: Box high's precision lowered by casting to float32, current high.dtype=float64[0m
  gym.logger.warn(
/root/miniconda3/lib/python3.12/site-packages/gymnasium/spaces/box.py:236: UserWarning: [33mWARN: Box low's precision lowered by casting to float32, current low.dtype=float64[0m
  gym.logger.warn(
/root/miniconda3/lib/python3.12/site-packages/gymnasium/spaces/box.py:306: UserWarning: [33mWARN: Box high's precision lowered by casting to float32, current high.dtype=float64[0m
  gym.logger.warn(
/root/miniconda3/lib/python3.12/site-packages/gymnasium/spaces/box.py:236: UserWarning: [33mWARN: Box low's precision lowered by casting to float32, current low.dtype=float64[0m
  gym.logger.warn(
/root/miniconda3/lib/python3.12/site-packages/gymnasium/spaces/box.py:306: UserWarning: [33mWARN: Box high's precision lowered by casting to float32, current high.dtype=float64[0m
  gym.logger.warn(
/root/miniconda3/lib/python3.12/site-packages/gymnasium/spaces/box.py:236: UserWarning: [33mWARN: Box low's precision lowered by casting to float32, current low.dtype=float64[0m
  gym.logger.warn(
/root/miniconda3/lib/python3.12/site-packages/gymnasium/spaces/box.py:306: UserWarning: [33mWARN: Box high's precision lowered by casting to float32, current high.dtype=float64[0m
  gym.logger.warn(
  Update 1/195 | steps=1024 | ep_rew=-93.0 | ep_len=78 | sr=50.00% | pi=0.043 vf=41.6 ent=1.838 kl=-0.358 clip=0.26 | beta=0.295 lr=1.0e-05 | FPS=51
    [Reward] event=75.0 shaping=43.3 sg_obs=-209.8 time=-1.6
  Update 10/195 | steps=10240 | ep_rew=7.3 | ep_len=68 | sr=63.56% | pi=0.122 vf=32.5 ent=1.840 kl=-2.284 clip=0.14 | beta=0.249 lr=9.6e-06 | FPS=54
    [Reward] event=115.4 shaping=51.4 sg_obs=-158.2 time=-1.4
    [Eval] rew=-0.64±274.7  sr=85.00%  steps=72  cap_steps=64
    [Eval Reward] event=127.5 shaping=54.4 sg_obs=-181.1 time=-1.4
Saved: /root/autodl-tmp/pursue_20260302/checkpoints/ablation_evader_difficulty_simple/best.pth
  Update 20/195 | steps=20480 | ep_rew=-115.9 | ep_len=86 | sr=61.43% | pi=0.003 vf=31.1 ent=1.841 kl=-3.740 clip=0.09 | beta=0.198 lr=9.1e-06 | FPS=43
    [Reward] event=100.0 shaping=49.1 sg_obs=-263.3 time=-1.7
    [Eval] rew=39.89±146.9  sr=70.00%  steps=74  cap_steps=55
    [Eval Reward] event=105.0 shaping=52.1 sg_obs=-115.8 time=-1.5
  Update 30/195 | steps=30720 | ep_rew=-85.1 | ep_len=90 | sr=57.68% | pi=0.007 vf=17.6 ent=1.841 kl=-7.317 clip=0.12 | beta=0.146 lr=8.7e-06 | FPS=40
    [Reward] event=56.2 shaping=43.8 sg_obs=-183.4 time=-1.8
    [Eval] rew=-77.95±429.8  sr=60.00%  steps=76  cap_steps=46
    [Eval Reward] event=87.5 shaping=43.2 sg_obs=-207.1 time=-1.5
  Update 40/195 | steps=40960 | ep_rew=-89.9 | ep_len=85 | sr=54.52% | pi=0.010 vf=35.9 ent=1.842 kl=-6.792 clip=0.07 | beta=0.095 lr=8.2e-06 | FPS=38
    [Reward] event=70.0 shaping=45.8 sg_obs=-204.0 time=-1.7
    [Eval] rew=-91.90±278.9  sr=50.00%  steps=88  cap_steps=55
    [Eval Reward] event=72.5 shaping=54.3 sg_obs=-217.0 time=-1.8
    [Eval] rew=15.28±159.1  sr=60.00%  steps=75  cap_steps=45
    [Eval Reward] event=87.5 shaping=44.9 sg_obs=-115.6 time=-1.5
Saved: /root/autodl-tmp/pursue_20260302/checkpoints/ablation_evader_difficulty_simple/latest.pth
  Update 50/195 | steps=51200 | ep_rew=-147.5 | ep_len=95 | sr=51.79% | pi=0.018 vf=42.0 ent=1.842 kl=-7.645 clip=0.11 | beta=0.044 lr=7.7e-06 | FPS=34
    [Reward] event=77.8 shaping=45.9 sg_obs=-269.3 time=-1.9
    [Eval] rew=14.36±215.6  sr=75.00%  steps=66  cap_steps=48
    [Eval Reward] event=110.0 shaping=46.7 sg_obs=-141.0 time=-1.3
  Update 60/195 | steps=61440 | ep_rew=-20.0 | ep_len=71 | sr=51.09% | pi=0.001 vf=37.7 ent=1.843 kl=0.000 clip=0.05 | beta=0.000 lr=7.3e-06 | FPS=34
    [Reward] event=90.0 shaping=48.2 sg_obs=-156.8 time=-1.4
    [Eval] rew=131.97±94.4  sr=80.00%  steps=62  cap_steps=47
    [Eval Reward] event=120.0 shaping=39.7 sg_obs=-26.5 time=-1.2
  Update 70/195 | steps=71680 | ep_rew=-77.5 | ep_len=95 | sr=49.34% | pi=0.015 vf=16.2 ent=1.843 kl=0.000 clip=0.07 | beta=0.000 lr=6.8e-06 | FPS=35
    [Reward] event=37.5 shaping=52.9 sg_obs=-166.0 time=-1.9
    [Eval] rew=35.14±203.6  sr=60.00%  steps=71  cap_steps=38
    [Eval Reward] event=90.0 shaping=45.5 sg_obs=-98.9 time=-1.4
  Update 80/195 | steps=81920 | ep_rew=-105.0 | ep_len=91 | sr=48.01% | pi=0.004 vf=25.2 ent=1.843 kl=0.000 clip=0.09 | beta=0.000 lr=6.4e-06 | FPS=35
    [Reward] event=38.9 shaping=53.2 sg_obs=-195.3 time=-1.8
    [Eval] rew=10.58±216.2  sr=65.00%  steps=82  cap_steps=62
    [Eval Reward] event=97.5 shaping=51.3 sg_obs=-136.5 time=-1.6
  Update 90/195 | steps=92160 | ep_rew=-59.5 | ep_len=93 | sr=47.54% | pi=0.006 vf=19.6 ent=1.843 kl=0.000 clip=0.07 | beta=0.000 lr=5.9e-06 | FPS=35
    [Reward] event=50.0 shaping=35.2 sg_obs=-142.8 time=-1.9
    [Eval] rew=-44.60±280.2  sr=50.00%  steps=88  cap_steps=56
    [Eval Reward] event=70.0 shaping=50.7 sg_obs=-163.6 time=-1.8
Saved: /root/autodl-tmp/pursue_20260302/checkpoints/ablation_evader_difficulty_simple/latest.pth
  Update 100/195 | steps=102400 | ep_rew=-82.4 | ep_len=96 | sr=46.16% | pi=0.017 vf=19.8 ent=1.843 kl=0.000 clip=0.06 | beta=0.000 lr=5.4e-06 | FPS=34
    [Reward] event=61.1 shaping=51.4 sg_obs=-192.9 time=-1.9
    [Eval] rew=0.99±213.2  sr=60.00%  steps=72  cap_steps=40
    [Eval Reward] event=90.0 shaping=46.5 sg_obs=-134.0 time=-1.4
  Update 110/195 | steps=112640 | ep_rew=-38.3 | ep_len=93 | sr=45.50% | pi=-0.001 vf=33.4 ent=1.843 kl=0.000 clip=0.03 | beta=0.000 lr=5.0e-06 | FPS=34
    [Reward] event=50.0 shaping=46.5 sg_obs=-133.0 time=-1.9
    [Eval] rew=-11.83±208.7  sr=55.00%  steps=80  cap_steps=48
    [Eval Reward] event=80.0 shaping=55.3 sg_obs=-145.5 time=-1.6
  Update 120/195 | steps=122880 | ep_rew=-20.2 | ep_len=83 | sr=45.34% | pi=0.007 vf=30.7 ent=1.843 kl=0.000 clip=0.06 | beta=0.000 lr=4.5e-06 | FPS=34
    [Reward] event=90.0 shaping=47.3 sg_obs=-155.9 time=-1.7
    [Eval] rew=-40.16±303.0  sr=65.00%  steps=80  cap_steps=59
    [Eval Reward] event=90.0 shaping=48.9 sg_obs=-177.4 time=-1.6
  Update 130/195 | steps=133120 | ep_rew=-37.2 | ep_len=91 | sr=44.75% | pi=-0.005 vf=24.6 ent=1.843 kl=0.000 clip=0.07 | beta=0.000 lr=4.0e-06 | FPS=34
    [Reward] event=55.0 shaping=41.5 sg_obs=-132.0 time=-1.8
    [Eval] rew=91.81±108.3  sr=65.00%  steps=78  cap_steps=55
    [Eval Reward] event=97.5 shaping=51.3 sg_obs=-55.4 time=-1.6
  Update 140/195 | steps=143360 | ep_rew=-73.2 | ep_len=99 | sr=44.31% | pi=-0.002 vf=28.4 ent=1.843 kl=0.000 clip=0.04 | beta=0.000 lr=3.6e-06 | FPS=34
    [Reward] event=50.0 shaping=51.5 sg_obs=-172.6 time=-2.0
    [Eval] rew=-65.17±470.5  sr=60.00%  steps=79  cap_steps=51
    [Eval Reward] event=87.5 shaping=49.7 sg_obs=-200.8 time=-1.6
Saved: /root/autodl-tmp/pursue_20260302/checkpoints/ablation_evader_difficulty_simple/latest.pth
  Update 150/195 | steps=153600 | ep_rew=-351.0 | ep_len=112 | sr=44.15% | pi=0.054 vf=55.2 ent=1.843 kl=0.000 clip=0.09 | beta=0.000 lr=3.1e-06 | FPS=34
    [Reward] event=18.8 shaping=43.3 sg_obs=-410.8 time=-2.2
    [Eval] rew=-13.73±260.3  sr=65.00%  steps=75  cap_steps=51
    [Eval Reward] event=95.0 shaping=49.7 sg_obs=-156.9 time=-1.5
  Update 160/195 | steps=163840 | ep_rew=91.7 | ep_len=78 | sr=44.30% | pi=0.005 vf=28.4 ent=1.843 kl=0.000 clip=0.05 | beta=0.000 lr=2.7e-06 | FPS=34
    [Reward] event=120.0 shaping=55.3 sg_obs=-82.1 time=-1.6
    [Eval] rew=62.19±167.4  sr=70.00%  steps=64  cap_steps=40
    [Eval Reward] event=105.0 shaping=47.2 sg_obs=-88.8 time=-1.3
  Update 170/195 | steps=174080 | ep_rew=-95.3 | ep_len=100 | sr=44.36% | pi=0.048 vf=14.6 ent=1.843 kl=0.000 clip=0.08 | beta=0.000 lr=2.2e-06 | FPS=34
    [Reward] event=37.5 shaping=46.1 sg_obs=-176.9 time=-2.0
    [Eval] rew=-11.22±216.3  sr=55.00%  steps=86  cap_steps=59
    [Eval Reward] event=77.5 shaping=44.4 sg_obs=-131.4 time=-1.7
  Update 180/195 | steps=184320 | ep_rew=-97.8 | ep_len=88 | sr=44.38% | pi=0.015 vf=30.3 ent=1.843 kl=0.000 clip=0.06 | beta=0.000 lr=1.7e-06 | FPS=34
    [Reward] event=50.0 shaping=48.0 sg_obs=-194.0 time=-1.8
    [Eval] rew=30.88±194.0  sr=70.00%  steps=70  cap_steps=49
    [Eval Reward] event=105.0 shaping=48.8 sg_obs=-121.5 time=-1.4
  Update 190/195 | steps=194560 | ep_rew=-13.4 | ep_len=81 | sr=44.51% | pi=0.020 vf=24.6 ent=1.843 kl=0.000 clip=0.04 | beta=0.000 lr=1.3e-06 | FPS=34
    [Reward] event=70.0 shaping=46.4 sg_obs=-128.1 time=-1.6
Saved: /root/autodl-tmp/pursue_20260302/checkpoints/ablation_evader_difficulty_simple/final.pth
Saved: /root/autodl-tmp/pursue_20260302/visualization/logs/ablation_evader_difficulty_simple/online_ppo_curves.png
Loaded V4 NN: obs_dim=8, act_dim=3, hidden=(64, 64)
Loaded V4 NN: obs_dim=8, act_dim=3, hidden=(64, 64)
Loaded V4 NN: obs_dim=8, act_dim=3, hidden=(64, 64)
Loaded V4 NN: obs_dim=8, act_dim=3, hidden=(64, 64)
Online PPO fine-tuning done.
