Device: cuda
Creating SubprocVecEnv with 4 workers ...
Loaded V4 NN: obs_dim=8, act_dim=3, hidden=(64, 64)
/root/miniconda3/lib/python3.12/site-packages/gymnasium/spaces/box.py:236: UserWarning: [33mWARN: Box low's precision lowered by casting to float32, current low.dtype=float64[0m
  gym.logger.warn(
/root/miniconda3/lib/python3.12/site-packages/gymnasium/spaces/box.py:306: UserWarning: [33mWARN: Box high's precision lowered by casting to float32, current high.dtype=float64[0m
  gym.logger.warn(
Loaded pretrained (TD3Actor→AC): checkpoints/td3bc_v4_2m/best.pth
Online PPO: 195 updates, 256 steps × 4 envs = 1024/update [reward-norm]
Reward params: {'R_catch': 150.0, 'R_fail': -50.0, 'alpha': 5.0, 'c_sg': 10.0, 'd_sg_safe': 1.5, 'c_path': 5.0, 'lam_time': 0.02}
/root/miniconda3/lib/python3.12/site-packages/gymnasium/spaces/box.py:236: UserWarning: [33mWARN: Box low's precision lowered by casting to float32, current low.dtype=float64[0m
  gym.logger.warn(
/root/miniconda3/lib/python3.12/site-packages/gymnasium/spaces/box.py:306: UserWarning: [33mWARN: Box high's precision lowered by casting to float32, current high.dtype=float64[0m
  gym.logger.warn(
/root/miniconda3/lib/python3.12/site-packages/gymnasium/spaces/box.py:236: UserWarning: [33mWARN: Box low's precision lowered by casting to float32, current low.dtype=float64[0m
  gym.logger.warn(
/root/miniconda3/lib/python3.12/site-packages/gymnasium/spaces/box.py:306: UserWarning: [33mWARN: Box high's precision lowered by casting to float32, current high.dtype=float64[0m
  gym.logger.warn(
/root/miniconda3/lib/python3.12/site-packages/gymnasium/spaces/box.py:236: UserWarning: [33mWARN: Box low's precision lowered by casting to float32, current low.dtype=float64[0m
  gym.logger.warn(
/root/miniconda3/lib/python3.12/site-packages/gymnasium/spaces/box.py:306: UserWarning: [33mWARN: Box high's precision lowered by casting to float32, current high.dtype=float64[0m
  gym.logger.warn(
/root/miniconda3/lib/python3.12/site-packages/gymnasium/spaces/box.py:236: UserWarning: [33mWARN: Box low's precision lowered by casting to float32, current low.dtype=float64[0m
  gym.logger.warn(
/root/miniconda3/lib/python3.12/site-packages/gymnasium/spaces/box.py:306: UserWarning: [33mWARN: Box high's precision lowered by casting to float32, current high.dtype=float64[0m
  gym.logger.warn(
  Update 1/195 | steps=1024 | ep_rew=113.3 | ep_len=51 | sr=82.35% | pi=0.032 vf=11.7 ent=1.838 kl=-0.567 clip=0.32 | beta=0.295 lr=1.0e-05 | FPS=50
    [Reward] event=123.5 shaping=45.1 sg_obs=-54.3 time=-1.0
  Update 10/195 | steps=10240 | ep_rew=-128.7 | ep_len=85 | sr=79.17% | pi=0.025 vf=16.7 ent=1.840 kl=-3.579 clip=0.21 | beta=0.249 lr=9.6e-06 | FPS=54
    [Reward] event=70.0 shaping=42.2 sg_obs=-239.1 time=-1.7
    [Eval] rew=81.46±256.3  sr=95.00%  steps=38  cap_steps=34
    [Eval Reward] event=142.5 shaping=41.4 sg_obs=-101.6 time=-0.8
Saved: /root/autodl-tmp/pursue_20260302/checkpoints/ablation_subgoal_range_sg_1.0/best.pth
  Update 20/195 | steps=20480 | ep_rew=-81.8 | ep_len=90 | sr=78.83% | pi=0.018 vf=11.5 ent=1.841 kl=-8.317 clip=0.18 | beta=0.198 lr=9.1e-06 | FPS=48
    [Reward] event=93.8 shaping=45.2 sg_obs=-218.9 time=-1.8
    [Eval] rew=105.90±142.9  sr=95.00%  steps=47  cap_steps=43
    [Eval Reward] event=142.5 shaping=49.5 sg_obs=-85.2 time=-0.9
  Update 30/195 | steps=30720 | ep_rew=-3.8 | ep_len=72 | sr=74.68% | pi=0.005 vf=15.0 ent=1.842 kl=-8.063 clip=0.09 | beta=0.146 lr=8.7e-06 | FPS=45
    [Reward] event=95.8 shaping=46.6 sg_obs=-144.8 time=-1.5
    [Eval] rew=-31.89±240.3  sr=75.00%  steps=69  cap_steps=51
    [Eval Reward] event=112.5 shaping=45.8 sg_obs=-188.9 time=-1.4
  Update 40/195 | steps=40960 | ep_rew=-1.8 | ep_len=78 | sr=72.80% | pi=0.001 vf=15.0 ent=1.842 kl=-6.758 clip=0.07 | beta=0.095 lr=8.2e-06 | FPS=43
    [Reward] event=105.0 shaping=57.5 sg_obs=-162.8 time=-1.6
    [Eval] rew=-56.88±281.1  sr=80.00%  steps=74  cap_steps=62
    [Eval Reward] event=117.5 shaping=57.0 sg_obs=-229.9 time=-1.5
    [Eval] rew=-26.25±432.1  sr=75.00%  steps=65  cap_steps=46
    [Eval Reward] event=110.0 shaping=49.6 sg_obs=-184.6 time=-1.3
Saved: /root/autodl-tmp/pursue_20260302/checkpoints/ablation_subgoal_range_sg_1.0/latest.pth
  Update 50/195 | steps=51200 | ep_rew=61.6 | ep_len=59 | sr=73.30% | pi=0.013 vf=18.9 ent=1.842 kl=-8.978 clip=0.10 | beta=0.044 lr=7.7e-06 | FPS=39
    [Reward] event=130.0 shaping=51.1 sg_obs=-118.4 time=-1.2
    [Eval] rew=89.56±214.0  sr=85.00%  steps=43  cap_steps=30
    [Eval Reward] event=127.5 shaping=43.6 sg_obs=-80.7 time=-0.9
  Update 60/195 | steps=61440 | ep_rew=-11.0 | ep_len=70 | sr=72.40% | pi=0.006 vf=25.2 ent=1.843 kl=0.000 clip=0.08 | beta=0.000 lr=7.3e-06 | FPS=39
    [Reward] event=115.4 shaping=51.4 sg_obs=-176.4 time=-1.4
    [Eval] rew=132.05±120.3  sr=90.00%  steps=43  cap_steps=35
    [Eval Reward] event=135.0 shaping=40.4 sg_obs=-42.5 time=-0.9
  Update 70/195 | steps=71680 | ep_rew=18.0 | ep_len=71 | sr=72.75% | pi=0.004 vf=12.7 ent=1.843 kl=0.000 clip=0.06 | beta=0.000 lr=6.8e-06 | FPS=39
    [Reward] event=112.5 shaping=46.7 sg_obs=-139.8 time=-1.4
    [Eval] rew=61.99±165.9  sr=85.00%  steps=59  cap_steps=48
    [Eval Reward] event=125.0 shaping=48.0 sg_obs=-109.9 time=-1.2
  Update 80/195 | steps=81920 | ep_rew=-112.5 | ep_len=83 | sr=72.53% | pi=0.006 vf=17.4 ent=1.843 kl=0.000 clip=0.09 | beta=0.000 lr=6.4e-06 | FPS=39
    [Reward] event=90.0 shaping=59.7 sg_obs=-260.6 time=-1.7
    [Eval] rew=88.52±153.5  sr=80.00%  steps=56  cap_steps=40
    [Eval Reward] event=117.5 shaping=48.1 sg_obs=-75.9 time=-1.1
  Update 90/195 | steps=92160 | ep_rew=56.0 | ep_len=69 | sr=72.93% | pi=0.034 vf=15.5 ent=1.843 kl=0.000 clip=0.07 | beta=0.000 lr=5.9e-06 | FPS=39
    [Reward] event=126.9 shaping=51.3 sg_obs=-120.8 time=-1.4
    [Eval] rew=64.84±137.2  sr=70.00%  steps=64  cap_steps=39
    [Eval Reward] event=105.0 shaping=46.5 sg_obs=-85.3 time=-1.3
Saved: /root/autodl-tmp/pursue_20260302/checkpoints/ablation_subgoal_range_sg_1.0/latest.pth
  Update 100/195 | steps=102400 | ep_rew=-52.0 | ep_len=63 | sr=71.96% | pi=-0.003 vf=29.1 ent=1.843 kl=0.000 clip=0.07 | beta=0.000 lr=5.4e-06 | FPS=39
    [Reward] event=83.3 shaping=43.6 sg_obs=-177.6 time=-1.3
    [Eval] rew=105.16±122.4  sr=85.00%  steps=50  cap_steps=37
    [Eval Reward] event=127.5 shaping=40.5 sg_obs=-61.8 time=-1.0
  Update 110/195 | steps=112640 | ep_rew=43.8 | ep_len=67 | sr=72.58% | pi=0.011 vf=20.2 ent=1.843 kl=0.000 clip=0.07 | beta=0.000 lr=5.0e-06 | FPS=39
    [Reward] event=126.9 shaping=49.3 sg_obs=-131.1 time=-1.3
    [Eval] rew=47.96±214.5  sr=85.00%  steps=66  cap_steps=56
    [Eval Reward] event=125.0 shaping=55.6 sg_obs=-131.3 time=-1.3
  Update 120/195 | steps=122880 | ep_rew=36.0 | ep_len=65 | sr=73.14% | pi=0.004 vf=16.9 ent=1.842 kl=0.000 clip=0.06 | beta=0.000 lr=4.5e-06 | FPS=39
    [Reward] event=117.9 shaping=50.6 sg_obs=-131.1 time=-1.3
    [Eval] rew=56.32±140.3  sr=80.00%  steps=62  cap_steps=47
    [Eval Reward] event=120.0 shaping=51.8 sg_obs=-114.2 time=-1.2
  Update 130/195 | steps=133120 | ep_rew=101.1 | ep_len=48 | sr=73.07% | pi=0.270 vf=22.0 ent=1.842 kl=0.000 clip=0.04 | beta=0.000 lr=4.0e-06 | FPS=39
    [Reward] event=141.2 shaping=49.4 sg_obs=-88.4 time=-1.0
    [Eval] rew=115.02±140.5  sr=85.00%  steps=48  cap_steps=35
    [Eval Reward] event=125.0 shaping=43.4 sg_obs=-52.5 time=-1.0
  Update 140/195 | steps=143360 | ep_rew=37.8 | ep_len=55 | sr=73.07% | pi=0.055 vf=18.9 ent=1.842 kl=0.000 clip=0.10 | beta=0.000 lr=3.6e-06 | FPS=39
    [Reward] event=120.0 shaping=47.6 sg_obs=-128.8 time=-1.1
    [Eval] rew=124.04±158.0  sr=95.00%  steps=46  cap_steps=42
    [Eval Reward] event=142.5 shaping=48.9 sg_obs=-66.4 time=-0.9
Saved: /root/autodl-tmp/pursue_20260302/checkpoints/ablation_subgoal_range_sg_1.0/latest.pth
  Update 150/195 | steps=153600 | ep_rew=60.5 | ep_len=63 | sr=73.19% | pi=0.021 vf=14.1 ent=1.842 kl=0.000 clip=0.10 | beta=0.000 lr=3.1e-06 | FPS=39
    [Reward] event=111.5 shaping=42.9 sg_obs=-92.7 time=-1.3
    [Eval] rew=111.89±99.5  sr=85.00%  steps=55  cap_steps=43
    [Eval Reward] event=127.5 shaping=47.4 sg_obs=-61.9 time=-1.1
  Update 160/195 | steps=163840 | ep_rew=3.7 | ep_len=81 | sr=73.23% | pi=0.003 vf=9.8 ent=1.843 kl=0.000 clip=0.09 | beta=0.000 lr=2.7e-06 | FPS=39
    [Reward] event=95.5 shaping=53.6 sg_obs=-143.7 time=-1.6
    [Eval] rew=125.73±149.4  sr=95.00%  steps=47  cap_steps=43
    [Eval Reward] event=142.5 shaping=46.6 sg_obs=-62.4 time=-0.9
  Update 170/195 | steps=174080 | ep_rew=-0.3 | ep_len=73 | sr=73.54% | pi=0.023 vf=23.0 ent=1.843 kl=0.000 clip=0.10 | beta=0.000 lr=2.2e-06 | FPS=39
    [Reward] event=95.5 shaping=41.1 sg_obs=-135.3 time=-1.5
    [Eval] rew=86.69±148.0  sr=75.00%  steps=57  cap_steps=36
    [Eval Reward] event=110.0 shaping=36.8 sg_obs=-59.0 time=-1.1
  Update 180/195 | steps=184320 | ep_rew=108.1 | ep_len=68 | sr=73.89% | pi=0.134 vf=10.8 ent=1.843 kl=0.000 clip=0.05 | beta=0.000 lr=1.7e-06 | FPS=39
    [Reward] event=135.0 shaping=53.8 sg_obs=-79.3 time=-1.4
    [Eval] rew=123.94±150.2  sr=95.00%  steps=34  cap_steps=29
    [Eval Reward] event=142.5 shaping=41.9 sg_obs=-59.8 time=-0.7
  Update 190/195 | steps=194560 | ep_rew=5.5 | ep_len=62 | sr=73.80% | pi=0.009 vf=22.1 ent=1.843 kl=0.000 clip=0.06 | beta=0.000 lr=1.3e-06 | FPS=40
    [Reward] event=111.5 shaping=39.2 sg_obs=-144.0 time=-1.2
Saved: /root/autodl-tmp/pursue_20260302/checkpoints/ablation_subgoal_range_sg_1.0/final.pth
Saved: /root/autodl-tmp/pursue_20260302/visualization/logs/ablation_subgoal_range_sg_1.0/online_ppo_curves.png
Loaded V4 NN: obs_dim=8, act_dim=3, hidden=(64, 64)
Loaded V4 NN: obs_dim=8, act_dim=3, hidden=(64, 64)
Loaded V4 NN: obs_dim=8, act_dim=3, hidden=(64, 64)
Loaded V4 NN: obs_dim=8, act_dim=3, hidden=(64, 64)
Online PPO fine-tuning done.
