Device: cuda
Creating SubprocVecEnv with 4 workers ...
Loaded V4 NN: obs_dim=8, act_dim=3, hidden=(64, 64)
/root/miniconda3/lib/python3.12/site-packages/gymnasium/spaces/box.py:236: UserWarning: [33mWARN: Box low's precision lowered by casting to float32, current low.dtype=float64[0m
  gym.logger.warn(
/root/miniconda3/lib/python3.12/site-packages/gymnasium/spaces/box.py:306: UserWarning: [33mWARN: Box high's precision lowered by casting to float32, current high.dtype=float64[0m
  gym.logger.warn(
Loaded pretrained (TD3Actor→AC): checkpoints/td3bc_v4_2m/best.pth
Online PPO: 195 updates, 256 steps × 4 envs = 1024/update [reward-norm]
Reward params: {'R_catch': 150.0, 'R_fail': -50.0, 'alpha': 5.0, 'c_sg': 10.0, 'd_sg_safe': 1.5, 'c_path': 5.0, 'lam_time': 0.02}
/root/miniconda3/lib/python3.12/site-packages/gymnasium/spaces/box.py:236: UserWarning: [33mWARN: Box low's precision lowered by casting to float32, current low.dtype=float64[0m
  gym.logger.warn(
/root/miniconda3/lib/python3.12/site-packages/gymnasium/spaces/box.py:306: UserWarning: [33mWARN: Box high's precision lowered by casting to float32, current high.dtype=float64[0m
  gym.logger.warn(
/root/miniconda3/lib/python3.12/site-packages/gymnasium/spaces/box.py:236: UserWarning: [33mWARN: Box low's precision lowered by casting to float32, current low.dtype=float64[0m
  gym.logger.warn(
/root/miniconda3/lib/python3.12/site-packages/gymnasium/spaces/box.py:306: UserWarning: [33mWARN: Box high's precision lowered by casting to float32, current high.dtype=float64[0m
  gym.logger.warn(
/root/miniconda3/lib/python3.12/site-packages/gymnasium/spaces/box.py:236: UserWarning: [33mWARN: Box low's precision lowered by casting to float32, current low.dtype=float64[0m
  gym.logger.warn(
/root/miniconda3/lib/python3.12/site-packages/gymnasium/spaces/box.py:306: UserWarning: [33mWARN: Box high's precision lowered by casting to float32, current high.dtype=float64[0m
  gym.logger.warn(
/root/miniconda3/lib/python3.12/site-packages/gymnasium/spaces/box.py:236: UserWarning: [33mWARN: Box low's precision lowered by casting to float32, current low.dtype=float64[0m
  gym.logger.warn(
/root/miniconda3/lib/python3.12/site-packages/gymnasium/spaces/box.py:306: UserWarning: [33mWARN: Box high's precision lowered by casting to float32, current high.dtype=float64[0m
  gym.logger.warn(
  Update 1/195 | steps=1024 | ep_rew=11.7 | ep_len=74 | sr=61.54% | pi=0.029 vf=14.4 ent=1.838 kl=0.000 clip=0.30 | beta=0.000 lr=1.0e-05 | FPS=49
    [Reward] event=88.5 shaping=51.2 sg_obs=-126.4 time=-1.5
  Update 10/195 | steps=10240 | ep_rew=79.5 | ep_len=58 | sr=81.21% | pi=0.020 vf=11.7 ent=1.838 kl=0.000 clip=0.23 | beta=0.000 lr=9.6e-06 | FPS=53
    [Reward] event=138.5 shaping=47.1 sg_obs=-104.8 time=-1.2
    [Eval] rew=119.84±93.8  sr=90.00%  steps=48  cap_steps=39
    [Eval Reward] event=135.0 shaping=45.0 sg_obs=-59.2 time=-1.0
Saved: /root/autodl-tmp/pursue_20260302/checkpoints/ablation_kl_constraint_beta_0.0/best.pth
  Update 20/195 | steps=20480 | ep_rew=6.7 | ep_len=66 | sr=80.62% | pi=0.117 vf=11.3 ent=1.838 kl=0.000 clip=0.25 | beta=0.000 lr=9.1e-06 | FPS=46
    [Reward] event=95.8 shaping=41.4 sg_obs=-129.2 time=-1.3
    [Eval] rew=113.28±105.2  sr=90.00%  steps=53  cap_steps=45
    [Eval Reward] event=135.0 shaping=49.1 sg_obs=-69.8 time=-1.1
  Update 30/195 | steps=30720 | ep_rew=91.2 | ep_len=49 | sr=81.02% | pi=0.014 vf=15.5 ent=1.839 kl=0.000 clip=0.19 | beta=0.000 lr=8.7e-06 | FPS=43
    [Reward] event=122.2 shaping=48.9 sg_obs=-78.9 time=-1.0
    [Eval] rew=-9.25±293.0  sr=70.00%  steps=64  cap_steps=41
    [Eval Reward] event=102.5 shaping=41.1 sg_obs=-151.5 time=-1.3
  Update 40/195 | steps=40960 | ep_rew=68.2 | ep_len=69 | sr=80.32% | pi=0.033 vf=8.2 ent=1.838 kl=0.000 clip=0.22 | beta=0.000 lr=8.2e-06 | FPS=41
    [Reward] event=100.0 shaping=46.1 sg_obs=-76.5 time=-1.4
    [Eval] rew=78.93±125.8  sr=85.00%  steps=65  cap_steps=55
    [Eval Reward] event=127.5 shaping=50.0 sg_obs=-97.3 time=-1.3
    [Eval] rew=46.05±207.8  sr=80.00%  steps=59  cap_steps=44
    [Eval Reward] event=120.0 shaping=47.9 sg_obs=-120.6 time=-1.2
Saved: /root/autodl-tmp/pursue_20260302/checkpoints/ablation_kl_constraint_beta_0.0/latest.pth
  Update 50/195 | steps=51200 | ep_rew=-45.2 | ep_len=79 | sr=81.02% | pi=0.038 vf=18.2 ent=1.839 kl=0.000 clip=0.26 | beta=0.000 lr=7.7e-06 | FPS=37
    [Reward] event=83.3 shaping=44.6 sg_obs=-171.6 time=-1.6
    [Eval] rew=133.47±116.9  sr=90.00%  steps=42  cap_steps=34
    [Eval Reward] event=132.5 shaping=40.8 sg_obs=-39.0 time=-0.8
  Update 60/195 | steps=61440 | ep_rew=127.9 | ep_len=57 | sr=80.50% | pi=0.060 vf=11.1 ent=1.839 kl=0.000 clip=0.25 | beta=0.000 lr=7.3e-06 | FPS=37
    [Reward] event=140.0 shaping=45.1 sg_obs=-56.1 time=-1.1
    [Eval] rew=104.03±167.8  sr=85.00%  steps=49  cap_steps=37
    [Eval Reward] event=127.5 shaping=39.9 sg_obs=-62.4 time=-1.0
  Update 70/195 | steps=71680 | ep_rew=5.3 | ep_len=57 | sr=80.83% | pi=0.014 vf=19.8 ent=1.839 kl=0.000 clip=0.20 | beta=0.000 lr=6.8e-06 | FPS=38
    [Reward] event=109.4 shaping=42.9 sg_obs=-145.8 time=-1.1
    [Eval] rew=106.31±132.9  sr=90.00%  steps=50  cap_steps=42
    [Eval Reward] event=135.0 shaping=45.3 sg_obs=-73.0 time=-1.0
  Update 80/195 | steps=81920 | ep_rew=107.7 | ep_len=51 | sr=80.49% | pi=0.038 vf=11.8 ent=1.839 kl=0.000 clip=0.24 | beta=0.000 lr=6.4e-06 | FPS=38
    [Reward] event=128.1 shaping=46.4 sg_obs=-65.8 time=-1.0
    [Eval] rew=107.10±117.3  sr=80.00%  steps=58  cap_steps=43
    [Eval Reward] event=120.0 shaping=50.7 sg_obs=-62.5 time=-1.2
  Update 90/195 | steps=92160 | ep_rew=105.1 | ep_len=60 | sr=80.62% | pi=0.052 vf=9.2 ent=1.839 kl=0.000 clip=0.26 | beta=0.000 lr=5.9e-06 | FPS=38
    [Reward] event=120.0 shaping=42.4 sg_obs=-56.1 time=-1.2
    [Eval] rew=58.96±154.2  sr=75.00%  steps=62  cap_steps=43
    [Eval Reward] event=112.5 shaping=50.0 sg_obs=-102.3 time=-1.2
Saved: /root/autodl-tmp/pursue_20260302/checkpoints/ablation_kl_constraint_beta_0.0/latest.pth
  Update 100/195 | steps=102400 | ep_rew=13.8 | ep_len=76 | sr=81.08% | pi=0.029 vf=8.6 ent=1.839 kl=0.000 clip=0.25 | beta=0.000 lr=5.4e-06 | FPS=37
    [Reward] event=104.5 shaping=53.7 sg_obs=-143.0 time=-1.5
    [Eval] rew=109.80±114.0  sr=90.00%  steps=49  cap_steps=41
    [Eval Reward] event=135.0 shaping=41.2 sg_obs=-65.4 time=-1.0
  Update 110/195 | steps=112640 | ep_rew=114.9 | ep_len=59 | sr=80.83% | pi=0.032 vf=9.3 ent=1.839 kl=0.000 clip=0.23 | beta=0.000 lr=5.0e-06 | FPS=38
    [Reward] event=120.8 shaping=44.3 sg_obs=-49.1 time=-1.2
    [Eval] rew=90.13±150.1  sr=80.00%  steps=58  cap_steps=43
    [Eval Reward] event=117.5 shaping=46.7 sg_obs=-72.9 time=-1.2
  Update 120/195 | steps=122880 | ep_rew=-9.2 | ep_len=73 | sr=80.01% | pi=0.052 vf=17.0 ent=1.839 kl=0.000 clip=0.27 | beta=0.000 lr=4.5e-06 | FPS=37
    [Reward] event=90.0 shaping=39.7 sg_obs=-137.4 time=-1.5
    [Eval] rew=93.07±116.6  sr=85.00%  steps=58  cap_steps=47
    [Eval Reward] event=127.5 shaping=47.6 sg_obs=-80.9 time=-1.2
  Update 130/195 | steps=133120 | ep_rew=95.7 | ep_len=56 | sr=79.61% | pi=0.030 vf=14.8 ent=1.839 kl=0.000 clip=0.22 | beta=0.000 lr=4.0e-06 | FPS=37
    [Reward] event=125.0 shaping=42.3 sg_obs=-70.5 time=-1.1
    [Eval] rew=92.75±220.6  sr=80.00%  steps=53  cap_steps=36
    [Eval Reward] event=117.5 shaping=40.8 sg_obs=-64.5 time=-1.1
  Update 140/195 | steps=143360 | ep_rew=3.0 | ep_len=74 | sr=79.68% | pi=0.030 vf=13.5 ent=1.839 kl=0.000 clip=0.23 | beta=0.000 lr=3.6e-06 | FPS=37
    [Reward] event=120.0 shaping=44.3 sg_obs=-159.8 time=-1.5
    [Eval] rew=78.51±260.0  sr=85.00%  steps=52  cap_steps=40
    [Eval Reward] event=127.5 shaping=47.2 sg_obs=-95.1 time=-1.0
Saved: /root/autodl-tmp/pursue_20260302/checkpoints/ablation_kl_constraint_beta_0.0/latest.pth
  Update 150/195 | steps=153600 | ep_rew=20.9 | ep_len=65 | sr=79.69% | pi=0.048 vf=17.6 ent=1.839 kl=0.000 clip=0.24 | beta=0.000 lr=3.1e-06 | FPS=37
    [Reward] event=117.9 shaping=53.8 sg_obs=-149.5 time=-1.3
    [Eval] rew=120.47±82.6  sr=95.00%  steps=53  cap_steps=49
    [Eval Reward] event=142.5 shaping=51.7 sg_obs=-72.7 time=-1.1
Saved: /root/autodl-tmp/pursue_20260302/checkpoints/ablation_kl_constraint_beta_0.0/best.pth
  Update 160/195 | steps=163840 | ep_rew=102.8 | ep_len=65 | sr=79.86% | pi=0.023 vf=12.7 ent=1.839 kl=0.000 clip=0.23 | beta=0.000 lr=2.7e-06 | FPS=38
    [Reward] event=137.5 shaping=48.9 sg_obs=-82.3 time=-1.3
    [Eval] rew=109.52±156.0  sr=90.00%  steps=47  cap_steps=39
    [Eval Reward] event=135.0 shaping=44.8 sg_obs=-69.3 time=-0.9
  Update 170/195 | steps=174080 | ep_rew=68.1 | ep_len=56 | sr=79.94% | pi=0.039 vf=16.1 ent=1.839 kl=0.000 clip=0.22 | beta=0.000 lr=2.2e-06 | FPS=38
    [Reward] event=126.7 shaping=48.4 sg_obs=-105.9 time=-1.1
    [Eval] rew=97.71±114.7  sr=80.00%  steps=57  cap_steps=41
    [Eval Reward] event=120.0 shaping=42.4 sg_obs=-63.5 time=-1.1
  Update 180/195 | steps=184320 | ep_rew=123.6 | ep_len=57 | sr=79.93% | pi=0.031 vf=10.8 ent=1.839 kl=0.000 clip=0.21 | beta=0.000 lr=1.7e-06 | FPS=38
    [Reward] event=120.0 shaping=37.1 sg_obs=-32.4 time=-1.1
    [Eval] rew=117.00±108.6  sr=85.00%  steps=46  cap_steps=33
    [Eval Reward] event=125.0 shaping=40.3 sg_obs=-47.4 time=-0.9
  Update 190/195 | steps=194560 | ep_rew=119.6 | ep_len=49 | sr=79.82% | pi=0.047 vf=11.1 ent=1.839 kl=0.000 clip=0.22 | beta=0.000 lr=1.3e-06 | FPS=38
    [Reward] event=132.4 shaping=42.6 sg_obs=-54.4 time=-1.0
Saved: /root/autodl-tmp/pursue_20260302/checkpoints/ablation_kl_constraint_beta_0.0/final.pth
Saved: /root/autodl-tmp/pursue_20260302/visualization/logs/ablation_kl_constraint_beta_0.0/online_ppo_curves.png
Loaded V4 NN: obs_dim=8, act_dim=3, hidden=(64, 64)
Loaded V4 NN: obs_dim=8, act_dim=3, hidden=(64, 64)
Loaded V4 NN: obs_dim=8, act_dim=3, hidden=(64, 64)
Loaded V4 NN: obs_dim=8, act_dim=3, hidden=(64, 64)
Online PPO fine-tuning done.
