Device: cuda
Creating SubprocVecEnv with 4 workers ...
Loaded V4 NN: obs_dim=8, act_dim=3, hidden=(64, 64)
/root/miniconda3/lib/python3.12/site-packages/gymnasium/spaces/box.py:236: UserWarning: [33mWARN: Box low's precision lowered by casting to float32, current low.dtype=float64[0m
  gym.logger.warn(
/root/miniconda3/lib/python3.12/site-packages/gymnasium/spaces/box.py:306: UserWarning: [33mWARN: Box high's precision lowered by casting to float32, current high.dtype=float64[0m
  gym.logger.warn(
Loaded pretrained (TD3Actor→AC): checkpoints/td3bc_v4_2m/best.pth
Online PPO: 195 updates, 256 steps × 4 envs = 1024/update [reward-norm]
Reward params: {'R_catch': 150.0, 'R_fail': -50.0, 'alpha': 5.0, 'c_sg': 10.0, 'd_sg_safe': 1.5, 'c_path': 5.0, 'lam_time': 0.02}
/root/miniconda3/lib/python3.12/site-packages/gymnasium/spaces/box.py:236: UserWarning: [33mWARN: Box low's precision lowered by casting to float32, current low.dtype=float64[0m
  gym.logger.warn(
/root/miniconda3/lib/python3.12/site-packages/gymnasium/spaces/box.py:306: UserWarning: [33mWARN: Box high's precision lowered by casting to float32, current high.dtype=float64[0m
  gym.logger.warn(
/root/miniconda3/lib/python3.12/site-packages/gymnasium/spaces/box.py:236: UserWarning: [33mWARN: Box low's precision lowered by casting to float32, current low.dtype=float64[0m
  gym.logger.warn(
/root/miniconda3/lib/python3.12/site-packages/gymnasium/spaces/box.py:306: UserWarning: [33mWARN: Box high's precision lowered by casting to float32, current high.dtype=float64[0m
  gym.logger.warn(
/root/miniconda3/lib/python3.12/site-packages/gymnasium/spaces/box.py:236: UserWarning: [33mWARN: Box low's precision lowered by casting to float32, current low.dtype=float64[0m
  gym.logger.warn(
/root/miniconda3/lib/python3.12/site-packages/gymnasium/spaces/box.py:306: UserWarning: [33mWARN: Box high's precision lowered by casting to float32, current high.dtype=float64[0m
  gym.logger.warn(
/root/miniconda3/lib/python3.12/site-packages/gymnasium/spaces/box.py:236: UserWarning: [33mWARN: Box low's precision lowered by casting to float32, current low.dtype=float64[0m
  gym.logger.warn(
/root/miniconda3/lib/python3.12/site-packages/gymnasium/spaces/box.py:306: UserWarning: [33mWARN: Box high's precision lowered by casting to float32, current high.dtype=float64[0m
  gym.logger.warn(
  Update 1/195 | steps=1024 | ep_rew=11.7 | ep_len=74 | sr=61.54% | pi=0.036 vf=14.4 ent=1.838 kl=-0.427 clip=0.30 | beta=0.098 lr=1.0e-05 | FPS=48
    [Reward] event=88.5 shaping=51.2 sg_obs=-126.4 time=-1.5
  Update 10/195 | steps=10240 | ep_rew=55.9 | ep_len=56 | sr=72.46% | pi=0.006 vf=20.0 ent=1.840 kl=-2.490 clip=0.14 | beta=0.083 lr=9.6e-06 | FPS=52
    [Reward] event=118.8 shaping=45.9 sg_obs=-107.6 time=-1.1
    [Eval] rew=54.31±287.4  sr=85.00%  steps=51  cap_steps=38
    [Eval Reward] event=127.5 shaping=42.5 sg_obs=-114.6 time=-1.0
Saved: /root/autodl-tmp/pursue_20260302/checkpoints/ablation_kl_constraint_beta_0.1/best.pth
  Update 20/195 | steps=20480 | ep_rew=-142.5 | ep_len=89 | sr=70.54% | pi=0.029 vf=20.4 ent=1.841 kl=-7.527 clip=0.19 | beta=0.066 lr=9.1e-06 | FPS=45
    [Reward] event=50.0 shaping=50.0 sg_obs=-240.8 time=-1.8
    [Eval] rew=93.19±126.9  sr=90.00%  steps=53  cap_steps=46
    [Eval Reward] event=135.0 shaping=50.8 sg_obs=-91.6 time=-1.1
Saved: /root/autodl-tmp/pursue_20260302/checkpoints/ablation_kl_constraint_beta_0.1/best.pth
  Update 30/195 | steps=30720 | ep_rew=63.7 | ep_len=62 | sr=69.25% | pi=0.001 vf=22.0 ent=1.842 kl=-4.982 clip=0.11 | beta=0.049 lr=8.7e-06 | FPS=42
    [Reward] event=128.6 shaping=51.1 sg_obs=-114.7 time=-1.2
    [Eval] rew=14.86±222.1  sr=70.00%  steps=68  cap_steps=45
    [Eval Reward] event=102.5 shaping=41.1 sg_obs=-127.4 time=-1.4
  Update 40/195 | steps=40960 | ep_rew=-72.1 | ep_len=75 | sr=67.84% | pi=0.006 vf=26.2 ent=1.842 kl=-6.585 clip=0.12 | beta=0.032 lr=8.2e-06 | FPS=41
    [Reward] event=92.3 shaping=50.0 sg_obs=-212.9 time=-1.5
    [Eval] rew=22.66±237.8  sr=85.00%  steps=63  cap_steps=53
    [Eval Reward] event=125.0 shaping=54.2 sg_obs=-155.3 time=-1.3
    [Eval] rew=3.85±285.1  sr=80.00%  steps=59  cap_steps=44
    [Eval Reward] event=120.0 shaping=48.8 sg_obs=-163.7 time=-1.2
Saved: /root/autodl-tmp/pursue_20260302/checkpoints/ablation_kl_constraint_beta_0.1/latest.pth
  Update 50/195 | steps=51200 | ep_rew=26.6 | ep_len=57 | sr=68.05% | pi=-0.001 vf=28.5 ent=1.843 kl=-4.887 clip=0.07 | beta=0.015 lr=7.7e-06 | FPS=37
    [Reward] event=112.5 shaping=47.0 sg_obs=-131.8 time=-1.1
    [Eval] rew=88.95±144.6  sr=80.00%  steps=50  cap_steps=32
    [Eval Reward] event=117.5 shaping=40.7 sg_obs=-68.3 time=-1.0
  Update 60/195 | steps=61440 | ep_rew=-103.8 | ep_len=79 | sr=68.81% | pi=0.010 vf=27.9 ent=1.843 kl=0.000 clip=0.10 | beta=0.000 lr=7.3e-06 | FPS=38
    [Reward] event=77.3 shaping=53.3 sg_obs=-232.8 time=-1.6
    [Eval] rew=128.84±124.3  sr=90.00%  steps=54  cap_steps=46
    [Eval Reward] event=135.0 shaping=42.7 sg_obs=-47.8 time=-1.1
  Update 70/195 | steps=71680 | ep_rew=-31.8 | ep_len=65 | sr=68.21% | pi=0.019 vf=31.5 ent=1.843 kl=0.000 clip=0.13 | beta=0.000 lr=6.8e-06 | FPS=38
    [Reward] event=100.0 shaping=38.1 sg_obs=-168.7 time=-1.3
    [Eval] rew=41.25±198.1  sr=90.00%  steps=55  cap_steps=47
    [Eval Reward] event=135.0 shaping=46.9 sg_obs=-139.5 time=-1.1
  Update 80/195 | steps=81920 | ep_rew=-74.2 | ep_len=82 | sr=68.45% | pi=0.063 vf=20.6 ent=1.843 kl=0.000 clip=0.14 | beta=0.000 lr=6.4e-06 | FPS=38
    [Reward] event=75.0 shaping=57.8 sg_obs=-205.3 time=-1.6
    [Eval] rew=46.59±194.7  sr=75.00%  steps=65  cap_steps=46
    [Eval Reward] event=110.0 shaping=50.4 sg_obs=-112.6 time=-1.3
  Update 90/195 | steps=92160 | ep_rew=-33.6 | ep_len=58 | sr=68.76% | pi=0.005 vf=41.1 ent=1.843 kl=0.000 clip=0.12 | beta=0.000 lr=5.9e-06 | FPS=38
    [Reward] event=125.0 shaping=50.8 sg_obs=-208.2 time=-1.2
    [Eval] rew=-2.05±227.0  sr=70.00%  steps=64  cap_steps=40
    [Eval Reward] event=105.0 shaping=49.5 sg_obs=-155.3 time=-1.3
Saved: /root/autodl-tmp/pursue_20260302/checkpoints/ablation_kl_constraint_beta_0.1/latest.pth
  Update 100/195 | steps=102400 | ep_rew=-32.5 | ep_len=81 | sr=68.76% | pi=0.014 vf=15.1 ent=1.843 kl=0.000 clip=0.08 | beta=0.000 lr=5.4e-06 | FPS=38
    [Reward] event=90.0 shaping=55.1 sg_obs=-176.0 time=-1.6
    [Eval] rew=94.43±154.8  sr=85.00%  steps=50  cap_steps=37
    [Eval Reward] event=125.0 shaping=39.0 sg_obs=-68.6 time=-1.0
  Update 110/195 | steps=112640 | ep_rew=12.3 | ep_len=73 | sr=69.74% | pi=0.029 vf=18.0 ent=1.843 kl=0.000 clip=0.11 | beta=0.000 lr=5.0e-06 | FPS=38
    [Reward] event=95.8 shaping=45.6 sg_obs=-127.7 time=-1.5
    [Eval] rew=63.01±237.0  sr=85.00%  steps=58  cap_steps=47
    [Eval Reward] event=125.0 shaping=50.7 sg_obs=-111.5 time=-1.2
  Update 120/195 | steps=122880 | ep_rew=36.3 | ep_len=55 | sr=70.17% | pi=0.001 vf=25.0 ent=1.843 kl=0.000 clip=0.11 | beta=0.000 lr=4.5e-06 | FPS=38
    [Reward] event=114.3 shaping=45.9 sg_obs=-122.8 time=-1.1
    [Eval] rew=40.61±208.4  sr=80.00%  steps=64  cap_steps=50
    [Eval Reward] event=120.0 shaping=48.4 sg_obs=-126.5 time=-1.3
  Update 130/195 | steps=133120 | ep_rew=-61.4 | ep_len=76 | sr=70.56% | pi=0.023 vf=18.6 ent=1.843 kl=0.000 clip=0.14 | beta=0.000 lr=4.0e-06 | FPS=38
    [Reward] event=95.5 shaping=56.4 sg_obs=-211.7 time=-1.5
    [Eval] rew=90.76±184.6  sr=75.00%  steps=52  cap_steps=30
    [Eval Reward] event=110.0 shaping=41.8 sg_obs=-60.0 time=-1.0
  Update 140/195 | steps=143360 | ep_rew=-49.5 | ep_len=96 | sr=70.34% | pi=0.020 vf=10.2 ent=1.843 kl=0.000 clip=0.12 | beta=0.000 lr=3.6e-06 | FPS=38
    [Reward] event=55.0 shaping=47.3 sg_obs=-149.9 time=-1.9
    [Eval] rew=103.36±194.1  sr=90.00%  steps=52  cap_steps=44
    [Eval Reward] event=135.0 shaping=49.5 sg_obs=-80.1 time=-1.0
Saved: /root/autodl-tmp/pursue_20260302/checkpoints/ablation_kl_constraint_beta_0.1/latest.pth
  Update 150/195 | steps=153600 | ep_rew=29.1 | ep_len=87 | sr=70.85% | pi=0.005 vf=10.1 ent=1.843 kl=0.000 clip=0.09 | beta=0.000 lr=3.1e-06 | FPS=39
    [Reward] event=90.0 shaping=43.2 sg_obs=-102.3 time=-1.7
    [Eval] rew=72.36±199.4  sr=85.00%  steps=62  cap_steps=51
    [Eval Reward] event=125.0 shaping=51.4 sg_obs=-102.9 time=-1.2
  Update 160/195 | steps=163840 | ep_rew=-11.4 | ep_len=64 | sr=71.00% | pi=0.021 vf=22.8 ent=1.843 kl=0.000 clip=0.09 | beta=0.000 lr=2.7e-06 | FPS=39
    [Reward] event=100.0 shaping=45.1 sg_obs=-155.3 time=-1.3
    [Eval] rew=67.37±184.7  sr=70.00%  steps=57  cap_steps=30
    [Eval Reward] event=102.5 shaping=44.5 sg_obs=-78.5 time=-1.1
  Update 170/195 | steps=174080 | ep_rew=84.5 | ep_len=59 | sr=71.23% | pi=0.052 vf=17.3 ent=1.843 kl=0.000 clip=0.08 | beta=0.000 lr=2.2e-06 | FPS=39
    [Reward] event=138.5 shaping=50.5 sg_obs=-103.2 time=-1.2
    [Eval] rew=46.29±162.2  sr=60.00%  steps=71  cap_steps=38
    [Eval Reward] event=90.0 shaping=44.3 sg_obs=-86.6 time=-1.4
  Update 180/195 | steps=184320 | ep_rew=-5.9 | ep_len=74 | sr=71.33% | pi=0.011 vf=22.9 ent=1.844 kl=0.000 clip=0.10 | beta=0.000 lr=1.7e-06 | FPS=39
    [Reward] event=83.3 shaping=50.3 sg_obs=-138.1 time=-1.5
    [Eval] rew=137.87±97.8  sr=95.00%  steps=41  cap_steps=37
    [Eval Reward] event=142.5 shaping=43.8 sg_obs=-47.6 time=-0.8
Saved: /root/autodl-tmp/pursue_20260302/checkpoints/ablation_kl_constraint_beta_0.1/best.pth
  Update 190/195 | steps=194560 | ep_rew=48.5 | ep_len=53 | sr=71.62% | pi=0.056 vf=24.7 ent=1.844 kl=0.000 clip=0.08 | beta=0.000 lr=1.3e-06 | FPS=39
    [Reward] event=128.1 shaping=45.8 sg_obs=-124.4 time=-1.1
Saved: /root/autodl-tmp/pursue_20260302/checkpoints/ablation_kl_constraint_beta_0.1/final.pth
Saved: /root/autodl-tmp/pursue_20260302/visualization/logs/ablation_kl_constraint_beta_0.1/online_ppo_curves.png
Loaded V4 NN: obs_dim=8, act_dim=3, hidden=(64, 64)
Loaded V4 NN: obs_dim=8, act_dim=3, hidden=(64, 64)
Loaded V4 NN: obs_dim=8, act_dim=3, hidden=(64, 64)
Loaded V4 NN: obs_dim=8, act_dim=3, hidden=(64, 64)
Online PPO fine-tuning done.
