Loaded V4 NN: obs_dim=8, act_dim=3, hidden=(64, 64)

============================================================
DAgger Round 0/3 | beta=1.00 | episodes=700 | workers=9
============================================================
/root/miniconda3/lib/python3.12/site-packages/gymnasium/spaces/box.py:236: UserWarning: [33mWARN: Box low's precision lowered by casting to float32, current low.dtype=float64[0m
  gym.logger.warn(
/root/miniconda3/lib/python3.12/site-packages/gymnasium/spaces/box.py:306: UserWarning: [33mWARN: Box high's precision lowered by casting to float32, current high.dtype=float64[0m
  gym.logger.warn(
/root/miniconda3/lib/python3.12/site-packages/gymnasium/spaces/box.py:236: UserWarning: [33mWARN: Box low's precision lowered by casting to float32, current low.dtype=float64[0m
  gym.logger.warn(
/root/miniconda3/lib/python3.12/site-packages/gymnasium/spaces/box.py:306: UserWarning: [33mWARN: Box high's precision lowered by casting to float32, current high.dtype=float64[0m
  gym.logger.warn(
/root/miniconda3/lib/python3.12/site-packages/gymnasium/spaces/box.py:236: UserWarning: [33mWARN: Box low's precision lowered by casting to float32, current low.dtype=float64[0m
  gym.logger.warn(
/root/miniconda3/lib/python3.12/site-packages/gymnasium/spaces/box.py:306: UserWarning: [33mWARN: Box high's precision lowered by casting to float32, current high.dtype=float64[0m
  gym.logger.warn(
/root/miniconda3/lib/python3.12/site-packages/gymnasium/spaces/box.py:236: UserWarning: [33mWARN: Box low's precision lowered by casting to float32, current low.dtype=float64[0m
  gym.logger.warn(
/root/miniconda3/lib/python3.12/site-packages/gymnasium/spaces/box.py:306: UserWarning: [33mWARN: Box high's precision lowered by casting to float32, current high.dtype=float64[0m
  gym.logger.warn(
/root/miniconda3/lib/python3.12/site-packages/gymnasium/spaces/box.py:236: UserWarning: [33mWARN: Box low's precision lowered by casting to float32, current low.dtype=float64[0m
  gym.logger.warn(
/root/miniconda3/lib/python3.12/site-packages/gymnasium/spaces/box.py:306: UserWarning: [33mWARN: Box high's precision lowered by casting to float32, current high.dtype=float64[0m
  gym.logger.warn(
/root/miniconda3/lib/python3.12/site-packages/gymnasium/spaces/box.py:236: UserWarning: [33mWARN: Box low's precision lowered by casting to float32, current low.dtype=float64[0m
  gym.logger.warn(
/root/miniconda3/lib/python3.12/site-packages/gymnasium/spaces/box.py:306: UserWarning: [33mWARN: Box high's precision lowered by casting to float32, current high.dtype=float64[0m
  gym.logger.warn(
/root/miniconda3/lib/python3.12/site-packages/gymnasium/spaces/box.py:236: UserWarning: [33mWARN: Box low's precision lowered by casting to float32, current low.dtype=float64[0m
  gym.logger.warn(
/root/miniconda3/lib/python3.12/site-packages/gymnasium/spaces/box.py:236: UserWarning: [33mWARN: Box low's precision lowered by casting to float32, current low.dtype=float64[0m
  gym.logger.warn(
/root/miniconda3/lib/python3.12/site-packages/gymnasium/spaces/box.py:306: UserWarning: [33mWARN: Box high's precision lowered by casting to float32, current high.dtype=float64[0m
  gym.logger.warn(
/root/miniconda3/lib/python3.12/site-packages/gymnasium/spaces/box.py:306: UserWarning: [33mWARN: Box high's precision lowered by casting to float32, current high.dtype=float64[0m
  gym.logger.warn(
/root/miniconda3/lib/python3.12/site-packages/gymnasium/spaces/box.py:236: UserWarning: [33mWARN: Box low's precision lowered by casting to float32, current low.dtype=float64[0m
  gym.logger.warn(
/root/miniconda3/lib/python3.12/site-packages/gymnasium/spaces/box.py:306: UserWarning: [33mWARN: Box high's precision lowered by casting to float32, current high.dtype=float64[0m
  gym.logger.warn(
Loaded V4 NN: obs_dim=8, act_dim=3, hidden=(64, 64)
  [R0 W8] 20/77 ok=18 fail=2 trans=665
  [R0 W8] 40/77 ok=34 fail=6 trans=1274
  [R0 W8] 60/77 ok=51 fail=9 trans=1872
Loaded V4 NN: obs_dim=8, act_dim=3, hidden=(64, 64)
  [R0 W1] 20/78 ok=17 fail=3 trans=834
  [R0 W1] 40/78 ok=33 fail=7 trans=1297
  [R0 W1] 60/78 ok=48 fail=12 trans=1959
Loaded V4 NN: obs_dim=8, act_dim=3, hidden=(64, 64)
  [R0 W3] 20/78 ok=13 fail=7 trans=546
  [R0 W3] 40/78 ok=31 fail=9 trans=1276
  [R0 W3] 60/78 ok=49 fail=11 trans=2097
Loaded V4 NN: obs_dim=8, act_dim=3, hidden=(64, 64)
  [R0 W4] 20/78 ok=16 fail=4 trans=693
  [R0 W4] 40/78 ok=32 fail=8 trans=1384
  [R0 W4] 60/78 ok=47 fail=13 trans=1808
Loaded V4 NN: obs_dim=8, act_dim=3, hidden=(64, 64)
  [R0 W6] 20/78 ok=18 fail=2 trans=659
  [R0 W6] 40/78 ok=32 fail=8 trans=1201
  [R0 W6] 60/78 ok=48 fail=12 trans=1992
Loaded V4 NN: obs_dim=8, act_dim=3, hidden=(64, 64)
  [R0 W2] 20/78 ok=15 fail=5 trans=732
  [R0 W2] 40/78 ok=31 fail=9 trans=1351
  [R0 W2] 60/78 ok=49 fail=11 trans=2372
Loaded V4 NN: obs_dim=8, act_dim=3, hidden=(64, 64)
  [R0 W0] 20/78 ok=18 fail=2 trans=868
  [R0 W0] 40/78 ok=36 fail=4 trans=1534
  [R0 W0] 60/78 ok=48 fail=12 trans=2194
Loaded V4 NN: obs_dim=8, act_dim=3, hidden=(64, 64)
  [R0 W5] 20/78 ok=16 fail=4 trans=917
  [R0 W5] 40/78 ok=31 fail=9 trans=1601
  [R0 W5] 60/78 ok=50 fail=10 trans=2455
Loaded V4 NN: obs_dim=8, act_dim=3, hidden=(64, 64)
  [R0 W7] 20/77 ok=14 fail=6 trans=552
  [R0 W7] 40/77 ok=31 fail=9 trans=1232
  [R0 W7] 60/77 ok=46 fail=14 trans=2234
  Round 0 done: ok=548 fail=152 trans=23970 (288s)
  Aggregated: 156933 + 23970 = 180903 transitions
  Saved 180903 transitions -> data/expert_trajectories/expert_dataset.npz

  Training BC for round 1...
  BC epoch 1/60: mse=0.10140
  BC epoch 10/60: mse=0.01229
  BC epoch 20/60: mse=0.01100
  BC epoch 30/60: mse=0.01035
  BC epoch 40/60: mse=0.00983
  BC epoch 50/60: mse=0.00941
  BC epoch 60/60: mse=0.00902

============================================================
DAgger Round 1/3 | beta=0.70 | episodes=700 | workers=9
============================================================
/root/miniconda3/lib/python3.12/site-packages/gymnasium/spaces/box.py:236: UserWarning: [33mWARN: Box low's precision lowered by casting to float32, current low.dtype=float64[0m
  gym.logger.warn(
/root/miniconda3/lib/python3.12/site-packages/gymnasium/spaces/box.py:306: UserWarning: [33mWARN: Box high's precision lowered by casting to float32, current high.dtype=float64[0m
  gym.logger.warn(
/root/miniconda3/lib/python3.12/site-packages/gymnasium/spaces/box.py:236: UserWarning: [33mWARN: Box low's precision lowered by casting to float32, current low.dtype=float64[0m
  gym.logger.warn(
/root/miniconda3/lib/python3.12/site-packages/gymnasium/spaces/box.py:306: UserWarning: [33mWARN: Box high's precision lowered by casting to float32, current high.dtype=float64[0m
  gym.logger.warn(
/root/miniconda3/lib/python3.12/site-packages/gymnasium/spaces/box.py:236: UserWarning: [33mWARN: Box low's precision lowered by casting to float32, current low.dtype=float64[0m
  gym.logger.warn(
/root/miniconda3/lib/python3.12/site-packages/gymnasium/spaces/box.py:306: UserWarning: [33mWARN: Box high's precision lowered by casting to float32, current high.dtype=float64[0m
  gym.logger.warn(
Process SpawnProcess-16:
Process SpawnProcess-12:
Traceback (most recent call last):
Traceback (most recent call last):
  File "/root/miniconda3/lib/python3.12/multiprocessing/process.py", line 314, in _bootstrap
    self.run()
  File "/root/miniconda3/lib/python3.12/multiprocessing/process.py", line 108, in run
    self._target(*self._args, **self._kwargs)
  File "/root/miniconda3/lib/python3.12/multiprocessing/process.py", line 314, in _bootstrap
    self.run()
  File "/root/autodl-tmp/pursue_20260302/training/dagger_collect.py", line 255, in _dagger_worker
    ep = dagger_one_episode(
         ^^^^^^^^^^^^^^^^^^^
  File "/root/autodl-tmp/pursue_20260302/training/dagger_collect.py", line 93, in dagger_one_episode
    a_learner = a_learner.cpu().numpy().flatten()
                ^^^^^^^^^^^^^
  File "/root/miniconda3/lib/python3.12/multiprocessing/process.py", line 108, in run
    self._target(*self._args, **self._kwargs)
  File "/root/autodl-tmp/pursue_20260302/training/dagger_collect.py", line 255, in _dagger_worker
    ep = dagger_one_episode(
         ^^^^^^^^^^^^^^^^^^^
  File "/root/autodl-tmp/pursue_20260302/training/dagger_collect.py", line 93, in dagger_one_episode
    a_learner = a_learner.cpu().numpy().flatten()
                ^^^^^^^^^^^^^
AttributeError: 'tuple' object has no attribute 'cpu'
AttributeError: 'tuple' object has no attribute 'cpu'
Loaded V4 NN: obs_dim=8, act_dim=3, hidden=(64, 64)
Loaded V4 NN: obs_dim=8, act_dim=3, hidden=(64, 64)
Process SpawnProcess-14:
Traceback (most recent call last):
  File "/root/miniconda3/lib/python3.12/multiprocessing/process.py", line 314, in _bootstrap
    self.run()
  File "/root/miniconda3/lib/python3.12/multiprocessing/process.py", line 108, in run
    self._target(*self._args, **self._kwargs)
  File "/root/autodl-tmp/pursue_20260302/training/dagger_collect.py", line 255, in _dagger_worker
    ep = dagger_one_episode(
         ^^^^^^^^^^^^^^^^^^^
  File "/root/autodl-tmp/pursue_20260302/training/dagger_collect.py", line 93, in dagger_one_episode
    a_learner = a_learner.cpu().numpy().flatten()
                ^^^^^^^^^^^^^
AttributeError: 'tuple' object has no attribute 'cpu'
Loaded V4 NN: obs_dim=8, act_dim=3, hidden=(64, 64)
/root/miniconda3/lib/python3.12/site-packages/gymnasium/spaces/box.py:236: UserWarning: [33mWARN: Box low's precision lowered by casting to float32, current low.dtype=float64[0m
  gym.logger.warn(
/root/miniconda3/lib/python3.12/site-packages/gymnasium/spaces/box.py:306: UserWarning: [33mWARN: Box high's precision lowered by casting to float32, current high.dtype=float64[0m
  gym.logger.warn(
/root/miniconda3/lib/python3.12/site-packages/gymnasium/spaces/box.py:236: UserWarning: [33mWARN: Box low's precision lowered by casting to float32, current low.dtype=float64[0m
  gym.logger.warn(
/root/miniconda3/lib/python3.12/site-packages/gymnasium/spaces/box.py:306: UserWarning: [33mWARN: Box high's precision lowered by casting to float32, current high.dtype=float64[0m
  gym.logger.warn(
/root/miniconda3/lib/python3.12/site-packages/gymnasium/spaces/box.py:236: UserWarning: [33mWARN: Box low's precision lowered by casting to float32, current low.dtype=float64[0m
  gym.logger.warn(
/root/miniconda3/lib/python3.12/site-packages/gymnasium/spaces/box.py:306: UserWarning: [33mWARN: Box high's precision lowered by casting to float32, current high.dtype=float64[0m
  gym.logger.warn(
Process SpawnProcess-18:
/root/miniconda3/lib/python3.12/site-packages/gymnasium/spaces/box.py:236: UserWarning: [33mWARN: Box low's precision lowered by casting to float32, current low.dtype=float64[0m
  gym.logger.warn(
/root/miniconda3/lib/python3.12/site-packages/gymnasium/spaces/box.py:306: UserWarning: [33mWARN: Box high's precision lowered by casting to float32, current high.dtype=float64[0m
  gym.logger.warn(
Traceback (most recent call last):
  File "/root/miniconda3/lib/python3.12/multiprocessing/process.py", line 314, in _bootstrap
    self.run()
  File "/root/miniconda3/lib/python3.12/multiprocessing/process.py", line 108, in run
    self._target(*self._args, **self._kwargs)
  File "/root/autodl-tmp/pursue_20260302/training/dagger_collect.py", line 255, in _dagger_worker
    ep = dagger_one_episode(
         ^^^^^^^^^^^^^^^^^^^
  File "/root/autodl-tmp/pursue_20260302/training/dagger_collect.py", line 93, in dagger_one_episode
    a_learner = a_learner.cpu().numpy().flatten()
                ^^^^^^^^^^^^^
AttributeError: 'tuple' object has no attribute 'cpu'
Loaded V4 NN: obs_dim=8, act_dim=3, hidden=(64, 64)
/root/miniconda3/lib/python3.12/site-packages/gymnasium/spaces/box.py:236: UserWarning: [33mWARN: Box low's precision lowered by casting to float32, current low.dtype=float64[0m
  gym.logger.warn(
/root/miniconda3/lib/python3.12/site-packages/gymnasium/spaces/box.py:306: UserWarning: [33mWARN: Box high's precision lowered by casting to float32, current high.dtype=float64[0m
  gym.logger.warn(
/root/miniconda3/lib/python3.12/site-packages/gymnasium/spaces/box.py:236: UserWarning: [33mWARN: Box low's precision lowered by casting to float32, current low.dtype=float64[0m
  gym.logger.warn(
/root/miniconda3/lib/python3.12/site-packages/gymnasium/spaces/box.py:306: UserWarning: [33mWARN: Box high's precision lowered by casting to float32, current high.dtype=float64[0m
  gym.logger.warn(
Process SpawnProcess-13:
Traceback (most recent call last):
  File "/root/miniconda3/lib/python3.12/multiprocessing/process.py", line 314, in _bootstrap
    self.run()
  File "/root/miniconda3/lib/python3.12/multiprocessing/process.py", line 108, in run
    self._target(*self._args, **self._kwargs)
  File "/root/autodl-tmp/pursue_20260302/training/dagger_collect.py", line 255, in _dagger_worker
    ep = dagger_one_episode(
         ^^^^^^^^^^^^^^^^^^^
  File "/root/autodl-tmp/pursue_20260302/training/dagger_collect.py", line 93, in dagger_one_episode
    a_learner = a_learner.cpu().numpy().flatten()
                ^^^^^^^^^^^^^
AttributeError: 'tuple' object has no attribute 'cpu'
Loaded V4 NN: obs_dim=8, act_dim=3, hidden=(64, 64)
Process SpawnProcess-20:
Traceback (most recent call last):
  File "/root/miniconda3/lib/python3.12/multiprocessing/process.py", line 314, in _bootstrap
    self.run()
  File "/root/miniconda3/lib/python3.12/multiprocessing/process.py", line 108, in run
    self._target(*self._args, **self._kwargs)
  File "/root/autodl-tmp/pursue_20260302/training/dagger_collect.py", line 255, in _dagger_worker
    ep = dagger_one_episode(
         ^^^^^^^^^^^^^^^^^^^
  File "/root/autodl-tmp/pursue_20260302/training/dagger_collect.py", line 93, in dagger_one_episode
    a_learner = a_learner.cpu().numpy().flatten()
                ^^^^^^^^^^^^^
AttributeError: 'tuple' object has no attribute 'cpu'
Loaded V4 NN: obs_dim=8, act_dim=3, hidden=(64, 64)
Process SpawnProcess-17:
Traceback (most recent call last):
  File "/root/miniconda3/lib/python3.12/multiprocessing/process.py", line 314, in _bootstrap
    self.run()
  File "/root/miniconda3/lib/python3.12/multiprocessing/process.py", line 108, in run
    self._target(*self._args, **self._kwargs)
  File "/root/autodl-tmp/pursue_20260302/training/dagger_collect.py", line 255, in _dagger_worker
    ep = dagger_one_episode(
         ^^^^^^^^^^^^^^^^^^^
  File "/root/autodl-tmp/pursue_20260302/training/dagger_collect.py", line 93, in dagger_one_episode
    a_learner = a_learner.cpu().numpy().flatten()
                ^^^^^^^^^^^^^
AttributeError: 'tuple' object has no attribute 'cpu'
Loaded V4 NN: obs_dim=8, act_dim=3, hidden=(64, 64)
Process SpawnProcess-19:
Process SpawnProcess-15:
Traceback (most recent call last):
Traceback (most recent call last):
  File "/root/miniconda3/lib/python3.12/multiprocessing/process.py", line 314, in _bootstrap
    self.run()
  File "/root/miniconda3/lib/python3.12/multiprocessing/process.py", line 108, in run
    self._target(*self._args, **self._kwargs)
  File "/root/autodl-tmp/pursue_20260302/training/dagger_collect.py", line 255, in _dagger_worker
    ep = dagger_one_episode(
         ^^^^^^^^^^^^^^^^^^^
  File "/root/autodl-tmp/pursue_20260302/training/dagger_collect.py", line 93, in dagger_one_episode
    a_learner = a_learner.cpu().numpy().flatten()
                ^^^^^^^^^^^^^
AttributeError: 'tuple' object has no attribute 'cpu'
  File "/root/miniconda3/lib/python3.12/multiprocessing/process.py", line 314, in _bootstrap
    self.run()
  File "/root/miniconda3/lib/python3.12/multiprocessing/process.py", line 108, in run
    self._target(*self._args, **self._kwargs)
  File "/root/autodl-tmp/pursue_20260302/training/dagger_collect.py", line 255, in _dagger_worker
    ep = dagger_one_episode(
         ^^^^^^^^^^^^^^^^^^^
  File "/root/autodl-tmp/pursue_20260302/training/dagger_collect.py", line 93, in dagger_one_episode
    a_learner = a_learner.cpu().numpy().flatten()
                ^^^^^^^^^^^^^
AttributeError: 'tuple' object has no attribute 'cpu'
Loaded V4 NN: obs_dim=8, act_dim=3, hidden=(64, 64)
Loaded V4 NN: obs_dim=8, act_dim=3, hidden=(64, 64)
  Round 1 done: ok=0 fail=0 trans=0 (4s)
  WARNING: Round 1 没有收集到数据!

============================================================
DAgger Round 2/3 | beta=0.40 | episodes=700 | workers=9
============================================================
/root/miniconda3/lib/python3.12/site-packages/gymnasium/spaces/box.py:236: UserWarning: [33mWARN: Box low's precision lowered by casting to float32, current low.dtype=float64[0m
  gym.logger.warn(
/root/miniconda3/lib/python3.12/site-packages/gymnasium/spaces/box.py:306: UserWarning: [33mWARN: Box high's precision lowered by casting to float32, current high.dtype=float64[0m
  gym.logger.warn(
/root/miniconda3/lib/python3.12/site-packages/gymnasium/spaces/box.py:236: UserWarning: [33mWARN: Box low's precision lowered by casting to float32, current low.dtype=float64[0m
  gym.logger.warn(
/root/miniconda3/lib/python3.12/site-packages/gymnasium/spaces/box.py:236: UserWarning: [33mWARN: Box low's precision lowered by casting to float32, current low.dtype=float64[0m
  gym.logger.warn(
/root/miniconda3/lib/python3.12/site-packages/gymnasium/spaces/box.py:306: UserWarning: [33mWARN: Box high's precision lowered by casting to float32, current high.dtype=float64[0m
  gym.logger.warn(
/root/miniconda3/lib/python3.12/site-packages/gymnasium/spaces/box.py:306: UserWarning: [33mWARN: Box high's precision lowered by casting to float32, current high.dtype=float64[0m
  gym.logger.warn(
Process SpawnProcess-27:
Traceback (most recent call last):
  File "/root/miniconda3/lib/python3.12/multiprocessing/process.py", line 314, in _bootstrap
    self.run()
  File "/root/miniconda3/lib/python3.12/multiprocessing/process.py", line 108, in run
    self._target(*self._args, **self._kwargs)
  File "/root/autodl-tmp/pursue_20260302/training/dagger_collect.py", line 255, in _dagger_worker
    ep = dagger_one_episode(
         ^^^^^^^^^^^^^^^^^^^
  File "/root/autodl-tmp/pursue_20260302/training/dagger_collect.py", line 93, in dagger_one_episode
    a_learner = a_learner.cpu().numpy().flatten()
                ^^^^^^^^^^^^^
AttributeError: 'tuple' object has no attribute 'cpu'
Loaded V4 NN: obs_dim=8, act_dim=3, hidden=(64, 64)
Process SpawnProcess-25:
Process SpawnProcess-29:
Traceback (most recent call last):
Traceback (most recent call last):
  File "/root/miniconda3/lib/python3.12/multiprocessing/process.py", line 314, in _bootstrap
    self.run()
  File "/root/miniconda3/lib/python3.12/multiprocessing/process.py", line 108, in run
    self._target(*self._args, **self._kwargs)
  File "/root/autodl-tmp/pursue_20260302/training/dagger_collect.py", line 255, in _dagger_worker
    ep = dagger_one_episode(
         ^^^^^^^^^^^^^^^^^^^
  File "/root/autodl-tmp/pursue_20260302/training/dagger_collect.py", line 93, in dagger_one_episode
    a_learner = a_learner.cpu().numpy().flatten()
                ^^^^^^^^^^^^^
AttributeError: 'tuple' object has no attribute 'cpu'
  File "/root/miniconda3/lib/python3.12/multiprocessing/process.py", line 314, in _bootstrap
    self.run()
  File "/root/miniconda3/lib/python3.12/multiprocessing/process.py", line 108, in run
    self._target(*self._args, **self._kwargs)
  File "/root/autodl-tmp/pursue_20260302/training/dagger_collect.py", line 255, in _dagger_worker
    ep = dagger_one_episode(
         ^^^^^^^^^^^^^^^^^^^
  File "/root/autodl-tmp/pursue_20260302/training/dagger_collect.py", line 93, in dagger_one_episode
    a_learner = a_learner.cpu().numpy().flatten()
                ^^^^^^^^^^^^^
AttributeError: 'tuple' object has no attribute 'cpu'
Loaded V4 NN: obs_dim=8, act_dim=3, hidden=(64, 64)
Loaded V4 NN: obs_dim=8, act_dim=3, hidden=(64, 64)
/root/miniconda3/lib/python3.12/site-packages/gymnasium/spaces/box.py:236: UserWarning: [33mWARN: Box low's precision lowered by casting to float32, current low.dtype=float64[0m
  gym.logger.warn(
/root/miniconda3/lib/python3.12/site-packages/gymnasium/spaces/box.py:306: UserWarning: [33mWARN: Box high's precision lowered by casting to float32, current high.dtype=float64[0m
  gym.logger.warn(
Process SpawnProcess-28:
Traceback (most recent call last):
  File "/root/miniconda3/lib/python3.12/multiprocessing/process.py", line 314, in _bootstrap
    self.run()
  File "/root/miniconda3/lib/python3.12/multiprocessing/process.py", line 108, in run
    self._target(*self._args, **self._kwargs)
  File "/root/autodl-tmp/pursue_20260302/training/dagger_collect.py", line 255, in _dagger_worker
    ep = dagger_one_episode(
         ^^^^^^^^^^^^^^^^^^^
  File "/root/autodl-tmp/pursue_20260302/training/dagger_collect.py", line 93, in dagger_one_episode
    a_learner = a_learner.cpu().numpy().flatten()
                ^^^^^^^^^^^^^
AttributeError: 'tuple' object has no attribute 'cpu'
Loaded V4 NN: obs_dim=8, act_dim=3, hidden=(64, 64)
/root/miniconda3/lib/python3.12/site-packages/gymnasium/spaces/box.py:236: UserWarning: [33mWARN: Box low's precision lowered by casting to float32, current low.dtype=float64[0m
  gym.logger.warn(
/root/miniconda3/lib/python3.12/site-packages/gymnasium/spaces/box.py:306: UserWarning: [33mWARN: Box high's precision lowered by casting to float32, current high.dtype=float64[0m
  gym.logger.warn(
/root/miniconda3/lib/python3.12/site-packages/gymnasium/spaces/box.py:236: UserWarning: [33mWARN: Box low's precision lowered by casting to float32, current low.dtype=float64[0m
  gym.logger.warn(
/root/miniconda3/lib/python3.12/site-packages/gymnasium/spaces/box.py:306: UserWarning: [33mWARN: Box high's precision lowered by casting to float32, current high.dtype=float64[0m
  gym.logger.warn(
Process SpawnProcess-24:
Traceback (most recent call last):
  File "/root/miniconda3/lib/python3.12/multiprocessing/process.py", line 314, in _bootstrap
    self.run()
  File "/root/miniconda3/lib/python3.12/multiprocessing/process.py", line 108, in run
    self._target(*self._args, **self._kwargs)
  File "/root/autodl-tmp/pursue_20260302/training/dagger_collect.py", line 255, in _dagger_worker
    ep = dagger_one_episode(
         ^^^^^^^^^^^^^^^^^^^
  File "/root/autodl-tmp/pursue_20260302/training/dagger_collect.py", line 93, in dagger_one_episode
    a_learner = a_learner.cpu().numpy().flatten()
                ^^^^^^^^^^^^^
AttributeError: 'tuple' object has no attribute 'cpu'
Loaded V4 NN: obs_dim=8, act_dim=3, hidden=(64, 64)
Process SpawnProcess-22:
Traceback (most recent call last):
  File "/root/miniconda3/lib/python3.12/multiprocessing/process.py", line 314, in _bootstrap
    self.run()
  File "/root/miniconda3/lib/python3.12/multiprocessing/process.py", line 108, in run
    self._target(*self._args, **self._kwargs)
  File "/root/autodl-tmp/pursue_20260302/training/dagger_collect.py", line 255, in _dagger_worker
    ep = dagger_one_episode(
         ^^^^^^^^^^^^^^^^^^^
  File "/root/autodl-tmp/pursue_20260302/training/dagger_collect.py", line 93, in dagger_one_episode
    a_learner = a_learner.cpu().numpy().flatten()
                ^^^^^^^^^^^^^
AttributeError: 'tuple' object has no attribute 'cpu'
Loaded V4 NN: obs_dim=8, act_dim=3, hidden=(64, 64)
/root/miniconda3/lib/python3.12/site-packages/gymnasium/spaces/box.py:236: UserWarning: [33mWARN: Box low's precision lowered by casting to float32, current low.dtype=float64[0m
  gym.logger.warn(
/root/miniconda3/lib/python3.12/site-packages/gymnasium/spaces/box.py:306: UserWarning: [33mWARN: Box high's precision lowered by casting to float32, current high.dtype=float64[0m
  gym.logger.warn(
/root/miniconda3/lib/python3.12/site-packages/gymnasium/spaces/box.py:236: UserWarning: [33mWARN: Box low's precision lowered by casting to float32, current low.dtype=float64[0m
  gym.logger.warn(
/root/miniconda3/lib/python3.12/site-packages/gymnasium/spaces/box.py:306: UserWarning: [33mWARN: Box high's precision lowered by casting to float32, current high.dtype=float64[0m
  gym.logger.warn(
Process SpawnProcess-26:
Process SpawnProcess-23:
Traceback (most recent call last):
Traceback (most recent call last):
  File "/root/miniconda3/lib/python3.12/multiprocessing/process.py", line 314, in _bootstrap
    self.run()
  File "/root/miniconda3/lib/python3.12/multiprocessing/process.py", line 108, in run
    self._target(*self._args, **self._kwargs)
  File "/root/autodl-tmp/pursue_20260302/training/dagger_collect.py", line 255, in _dagger_worker
    ep = dagger_one_episode(
         ^^^^^^^^^^^^^^^^^^^
  File "/root/autodl-tmp/pursue_20260302/training/dagger_collect.py", line 93, in dagger_one_episode
    a_learner = a_learner.cpu().numpy().flatten()
                ^^^^^^^^^^^^^
AttributeError: 'tuple' object has no attribute 'cpu'
  File "/root/miniconda3/lib/python3.12/multiprocessing/process.py", line 314, in _bootstrap
    self.run()
  File "/root/miniconda3/lib/python3.12/multiprocessing/process.py", line 108, in run
    self._target(*self._args, **self._kwargs)
  File "/root/autodl-tmp/pursue_20260302/training/dagger_collect.py", line 255, in _dagger_worker
    ep = dagger_one_episode(
         ^^^^^^^^^^^^^^^^^^^
  File "/root/autodl-tmp/pursue_20260302/training/dagger_collect.py", line 93, in dagger_one_episode
    a_learner = a_learner.cpu().numpy().flatten()
                ^^^^^^^^^^^^^
AttributeError: 'tuple' object has no attribute 'cpu'
Loaded V4 NN: obs_dim=8, act_dim=3, hidden=(64, 64)
Loaded V4 NN: obs_dim=8, act_dim=3, hidden=(64, 64)
/root/miniconda3/lib/python3.12/site-packages/gymnasium/spaces/box.py:236: UserWarning: [33mWARN: Box low's precision lowered by casting to float32, current low.dtype=float64[0m
  gym.logger.warn(
/root/miniconda3/lib/python3.12/site-packages/gymnasium/spaces/box.py:306: UserWarning: [33mWARN: Box high's precision lowered by casting to float32, current high.dtype=float64[0m
  gym.logger.warn(
Process SpawnProcess-30:
Traceback (most recent call last):
  File "/root/miniconda3/lib/python3.12/multiprocessing/process.py", line 314, in _bootstrap
    self.run()
  File "/root/miniconda3/lib/python3.12/multiprocessing/process.py", line 108, in run
    self._target(*self._args, **self._kwargs)
  File "/root/autodl-tmp/pursue_20260302/training/dagger_collect.py", line 255, in _dagger_worker
    ep = dagger_one_episode(
         ^^^^^^^^^^^^^^^^^^^
  File "/root/autodl-tmp/pursue_20260302/training/dagger_collect.py", line 93, in dagger_one_episode
    a_learner = a_learner.cpu().numpy().flatten()
                ^^^^^^^^^^^^^
AttributeError: 'tuple' object has no attribute 'cpu'
Loaded V4 NN: obs_dim=8, act_dim=3, hidden=(64, 64)
  Round 2 done: ok=0 fail=0 trans=0 (4s)
  WARNING: Round 2 没有收集到数据!

============================================================
DAgger Round 3/3 | beta=0.10 | episodes=700 | workers=9
============================================================
/root/miniconda3/lib/python3.12/site-packages/gymnasium/spaces/box.py:236: UserWarning: [33mWARN: Box low's precision lowered by casting to float32, current low.dtype=float64[0m
  gym.logger.warn(
/root/miniconda3/lib/python3.12/site-packages/gymnasium/spaces/box.py:306: UserWarning: [33mWARN: Box high's precision lowered by casting to float32, current high.dtype=float64[0m
  gym.logger.warn(
Process SpawnProcess-36:
Traceback (most recent call last):
  File "/root/miniconda3/lib/python3.12/multiprocessing/process.py", line 314, in _bootstrap
    self.run()
  File "/root/miniconda3/lib/python3.12/multiprocessing/process.py", line 108, in run
    self._target(*self._args, **self._kwargs)
  File "/root/autodl-tmp/pursue_20260302/training/dagger_collect.py", line 255, in _dagger_worker
    ep = dagger_one_episode(
         ^^^^^^^^^^^^^^^^^^^
  File "/root/autodl-tmp/pursue_20260302/training/dagger_collect.py", line 93, in dagger_one_episode
    a_learner = a_learner.cpu().numpy().flatten()
                ^^^^^^^^^^^^^
AttributeError: 'tuple' object has no attribute 'cpu'
Loaded V4 NN: obs_dim=8, act_dim=3, hidden=(64, 64)
/root/miniconda3/lib/python3.12/site-packages/gymnasium/spaces/box.py:236: UserWarning: [33mWARN: Box low's precision lowered by casting to float32, current low.dtype=float64[0m
  gym.logger.warn(
/root/miniconda3/lib/python3.12/site-packages/gymnasium/spaces/box.py:306: UserWarning: [33mWARN: Box high's precision lowered by casting to float32, current high.dtype=float64[0m
  gym.logger.warn(
Process SpawnProcess-35:
Traceback (most recent call last):
  File "/root/miniconda3/lib/python3.12/multiprocessing/process.py", line 314, in _bootstrap
    self.run()
  File "/root/miniconda3/lib/python3.12/multiprocessing/process.py", line 108, in run
    self._target(*self._args, **self._kwargs)
  File "/root/autodl-tmp/pursue_20260302/training/dagger_collect.py", line 255, in _dagger_worker
    ep = dagger_one_episode(
         ^^^^^^^^^^^^^^^^^^^
  File "/root/autodl-tmp/pursue_20260302/training/dagger_collect.py", line 93, in dagger_one_episode
    a_learner = a_learner.cpu().numpy().flatten()
                ^^^^^^^^^^^^^
AttributeError: 'tuple' object has no attribute 'cpu'
Loaded V4 NN: obs_dim=8, act_dim=3, hidden=(64, 64)
/root/miniconda3/lib/python3.12/site-packages/gymnasium/spaces/box.py:236: UserWarning: [33mWARN: Box low's precision lowered by casting to float32, current low.dtype=float64[0m
  gym.logger.warn(
/root/miniconda3/lib/python3.12/site-packages/gymnasium/spaces/box.py:306: UserWarning: [33mWARN: Box high's precision lowered by casting to float32, current high.dtype=float64[0m
  gym.logger.warn(
/root/miniconda3/lib/python3.12/site-packages/gymnasium/spaces/box.py:236: UserWarning: [33mWARN: Box low's precision lowered by casting to float32, current low.dtype=float64[0m
  gym.logger.warn(
/root/miniconda3/lib/python3.12/site-packages/gymnasium/spaces/box.py:306: UserWarning: [33mWARN: Box high's precision lowered by casting to float32, current high.dtype=float64[0m
  gym.logger.warn(
/root/miniconda3/lib/python3.12/site-packages/gymnasium/spaces/box.py:236: UserWarning: [33mWARN: Box low's precision lowered by casting to float32, current low.dtype=float64[0m
  gym.logger.warn(
/root/miniconda3/lib/python3.12/site-packages/gymnasium/spaces/box.py:306: UserWarning: [33mWARN: Box high's precision lowered by casting to float32, current high.dtype=float64[0m
  gym.logger.warn(
Process SpawnProcess-32:
Traceback (most recent call last):
  File "/root/miniconda3/lib/python3.12/multiprocessing/process.py", line 314, in _bootstrap
    self.run()
  File "/root/miniconda3/lib/python3.12/multiprocessing/process.py", line 108, in run
    self._target(*self._args, **self._kwargs)
  File "/root/autodl-tmp/pursue_20260302/training/dagger_collect.py", line 255, in _dagger_worker
    ep = dagger_one_episode(
         ^^^^^^^^^^^^^^^^^^^
  File "/root/autodl-tmp/pursue_20260302/training/dagger_collect.py", line 93, in dagger_one_episode
    a_learner = a_learner.cpu().numpy().flatten()
                ^^^^^^^^^^^^^
AttributeError: 'tuple' object has no attribute 'cpu'
Loaded V4 NN: obs_dim=8, act_dim=3, hidden=(64, 64)
Process SpawnProcess-38:
Traceback (most recent call last):
  File "/root/miniconda3/lib/python3.12/multiprocessing/process.py", line 314, in _bootstrap
    self.run()
  File "/root/miniconda3/lib/python3.12/multiprocessing/process.py", line 108, in run
    self._target(*self._args, **self._kwargs)
  File "/root/autodl-tmp/pursue_20260302/training/dagger_collect.py", line 255, in _dagger_worker
    ep = dagger_one_episode(
         ^^^^^^^^^^^^^^^^^^^
  File "/root/autodl-tmp/pursue_20260302/training/dagger_collect.py", line 93, in dagger_one_episode
    a_learner = a_learner.cpu().numpy().flatten()
                ^^^^^^^^^^^^^
AttributeError: 'tuple' object has no attribute 'cpu'
Loaded V4 NN: obs_dim=8, act_dim=3, hidden=(64, 64)
Process SpawnProcess-33:
Traceback (most recent call last):
  File "/root/miniconda3/lib/python3.12/multiprocessing/process.py", line 314, in _bootstrap
    self.run()
  File "/root/miniconda3/lib/python3.12/multiprocessing/process.py", line 108, in run
    self._target(*self._args, **self._kwargs)
  File "/root/autodl-tmp/pursue_20260302/training/dagger_collect.py", line 255, in _dagger_worker
    ep = dagger_one_episode(
         ^^^^^^^^^^^^^^^^^^^
  File "/root/autodl-tmp/pursue_20260302/training/dagger_collect.py", line 93, in dagger_one_episode
    a_learner = a_learner.cpu().numpy().flatten()
                ^^^^^^^^^^^^^
AttributeError: 'tuple' object has no attribute 'cpu'
Loaded V4 NN: obs_dim=8, act_dim=3, hidden=(64, 64)
/root/miniconda3/lib/python3.12/site-packages/gymnasium/spaces/box.py:236: UserWarning: [33mWARN: Box low's precision lowered by casting to float32, current low.dtype=float64[0m
  gym.logger.warn(
/root/miniconda3/lib/python3.12/site-packages/gymnasium/spaces/box.py:306: UserWarning: [33mWARN: Box high's precision lowered by casting to float32, current high.dtype=float64[0m
  gym.logger.warn(
/root/miniconda3/lib/python3.12/site-packages/gymnasium/spaces/box.py:236: UserWarning: [33mWARN: Box low's precision lowered by casting to float32, current low.dtype=float64[0m
  gym.logger.warn(
/root/miniconda3/lib/python3.12/site-packages/gymnasium/spaces/box.py:306: UserWarning: [33mWARN: Box high's precision lowered by casting to float32, current high.dtype=float64[0m
  gym.logger.warn(
Process SpawnProcess-37:
Traceback (most recent call last):
  File "/root/miniconda3/lib/python3.12/multiprocessing/process.py", line 314, in _bootstrap
    self.run()
  File "/root/miniconda3/lib/python3.12/multiprocessing/process.py", line 108, in run
    self._target(*self._args, **self._kwargs)
  File "/root/autodl-tmp/pursue_20260302/training/dagger_collect.py", line 255, in _dagger_worker
    ep = dagger_one_episode(
         ^^^^^^^^^^^^^^^^^^^
  File "/root/autodl-tmp/pursue_20260302/training/dagger_collect.py", line 93, in dagger_one_episode
    a_learner = a_learner.cpu().numpy().flatten()
                ^^^^^^^^^^^^^
AttributeError: 'tuple' object has no attribute 'cpu'
Loaded V4 NN: obs_dim=8, act_dim=3, hidden=(64, 64)
Process SpawnProcess-34:
Traceback (most recent call last):
  File "/root/miniconda3/lib/python3.12/multiprocessing/process.py", line 314, in _bootstrap
    self.run()
  File "/root/miniconda3/lib/python3.12/multiprocessing/process.py", line 108, in run
    self._target(*self._args, **self._kwargs)
  File "/root/autodl-tmp/pursue_20260302/training/dagger_collect.py", line 255, in _dagger_worker
    ep = dagger_one_episode(
         ^^^^^^^^^^^^^^^^^^^
  File "/root/autodl-tmp/pursue_20260302/training/dagger_collect.py", line 93, in dagger_one_episode
    a_learner = a_learner.cpu().numpy().flatten()
                ^^^^^^^^^^^^^
AttributeError: 'tuple' object has no attribute 'cpu'
Loaded V4 NN: obs_dim=8, act_dim=3, hidden=(64, 64)
/root/miniconda3/lib/python3.12/site-packages/gymnasium/spaces/box.py:236: UserWarning: [33mWARN: Box low's precision lowered by casting to float32, current low.dtype=float64[0m
  gym.logger.warn(
/root/miniconda3/lib/python3.12/site-packages/gymnasium/spaces/box.py:306: UserWarning: [33mWARN: Box high's precision lowered by casting to float32, current high.dtype=float64[0m
  gym.logger.warn(
Process SpawnProcess-39:
Traceback (most recent call last):
/root/miniconda3/lib/python3.12/site-packages/gymnasium/spaces/box.py:236: UserWarning: [33mWARN: Box low's precision lowered by casting to float32, current low.dtype=float64[0m
  gym.logger.warn(
/root/miniconda3/lib/python3.12/site-packages/gymnasium/spaces/box.py:306: UserWarning: [33mWARN: Box high's precision lowered by casting to float32, current high.dtype=float64[0m
  gym.logger.warn(
  File "/root/miniconda3/lib/python3.12/multiprocessing/process.py", line 314, in _bootstrap
    self.run()
  File "/root/miniconda3/lib/python3.12/multiprocessing/process.py", line 108, in run
    self._target(*self._args, **self._kwargs)
  File "/root/autodl-tmp/pursue_20260302/training/dagger_collect.py", line 255, in _dagger_worker
    ep = dagger_one_episode(
         ^^^^^^^^^^^^^^^^^^^
  File "/root/autodl-tmp/pursue_20260302/training/dagger_collect.py", line 93, in dagger_one_episode
    a_learner = a_learner.cpu().numpy().flatten()
                ^^^^^^^^^^^^^
AttributeError: 'tuple' object has no attribute 'cpu'
Loaded V4 NN: obs_dim=8, act_dim=3, hidden=(64, 64)
Process SpawnProcess-40:
Traceback (most recent call last):
  File "/root/miniconda3/lib/python3.12/multiprocessing/process.py", line 314, in _bootstrap
    self.run()
  File "/root/miniconda3/lib/python3.12/multiprocessing/process.py", line 108, in run
    self._target(*self._args, **self._kwargs)
  File "/root/autodl-tmp/pursue_20260302/training/dagger_collect.py", line 255, in _dagger_worker
    ep = dagger_one_episode(
         ^^^^^^^^^^^^^^^^^^^
  File "/root/autodl-tmp/pursue_20260302/training/dagger_collect.py", line 93, in dagger_one_episode
    a_learner = a_learner.cpu().numpy().flatten()
                ^^^^^^^^^^^^^
AttributeError: 'tuple' object has no attribute 'cpu'
Loaded V4 NN: obs_dim=8, act_dim=3, hidden=(64, 64)
  Round 3 done: ok=0 fail=0 trans=0 (4s)
  WARNING: Round 3 没有收集到数据!

============================================================
DAgger 完成: 4 轮
============================================================
  Round 0: beta=1.00, ok=548, fail=152, rate=78.29%, trans=23970, 288s
  Round 1: beta=0.70, ok=0, fail=0, rate=0.00%, trans=0, 4s
  Round 2: beta=0.40, ok=0, fail=0, rate=0.00%, trans=0, 4s
  Round 3: beta=0.10, ok=0, fail=0, rate=0.00%, trans=0, 4s

最终数据集: 180903 transitions
Saved: data/expert_trajectories/dagger_stats.png
