Device: cuda
Creating SubprocVecEnv with 4 workers ...
Loaded V4 NN: obs_dim=8, act_dim=3, hidden=(64, 64)
/root/miniconda3/lib/python3.12/site-packages/gymnasium/spaces/box.py:236: UserWarning: [33mWARN: Box low's precision lowered by casting to float32, current low.dtype=float64[0m
  gym.logger.warn(
/root/miniconda3/lib/python3.12/site-packages/gymnasium/spaces/box.py:306: UserWarning: [33mWARN: Box high's precision lowered by casting to float32, current high.dtype=float64[0m
  gym.logger.warn(
Loaded pretrained (BPPO→AC): checkpoints/bppo_v2_2m/best.pth
Resumed from checkpoints/online_ppo_bppo_v2/latest.pth (step=350208, update=343)
Online PPO: 488 updates, 256 steps × 4 envs = 1024/update [reward-norm]
Reward params: {'R_catch': 150.0, 'R_fail': -50.0, 'alpha': 5.0, 'c_sg': 10.0, 'd_sg_safe': 1.5, 'c_path': 5.0, 'lam_time': 0.02}
/root/miniconda3/lib/python3.12/site-packages/gymnasium/spaces/box.py:236: UserWarning: [33mWARN: Box low's precision lowered by casting to float32, current low.dtype=float64[0m
  gym.logger.warn(
/root/miniconda3/lib/python3.12/site-packages/gymnasium/spaces/box.py:306: UserWarning: [33mWARN: Box high's precision lowered by casting to float32, current high.dtype=float64[0m
  gym.logger.warn(
/root/miniconda3/lib/python3.12/site-packages/gymnasium/spaces/box.py:236: UserWarning: [33mWARN: Box low's precision lowered by casting to float32, current low.dtype=float64[0m
  gym.logger.warn(
/root/miniconda3/lib/python3.12/site-packages/gymnasium/spaces/box.py:306: UserWarning: [33mWARN: Box high's precision lowered by casting to float32, current high.dtype=float64[0m
  gym.logger.warn(
/root/miniconda3/lib/python3.12/site-packages/gymnasium/spaces/box.py:236: UserWarning: [33mWARN: Box low's precision lowered by casting to float32, current low.dtype=float64[0m
  gym.logger.warn(
/root/miniconda3/lib/python3.12/site-packages/gymnasium/spaces/box.py:306: UserWarning: [33mWARN: Box high's precision lowered by casting to float32, current high.dtype=float64[0m
  gym.logger.warn(
/root/miniconda3/lib/python3.12/site-packages/gymnasium/spaces/box.py:236: UserWarning: [33mWARN: Box low's precision lowered by casting to float32, current low.dtype=float64[0m
  gym.logger.warn(
/root/miniconda3/lib/python3.12/site-packages/gymnasium/spaces/box.py:306: UserWarning: [33mWARN: Box high's precision lowered by casting to float32, current high.dtype=float64[0m
  gym.logger.warn(
  Update 343/488 | steps=351232 | ep_rew=-439.7 | ep_len=84 | sr=50.00% | pi=-0.000 vf=84.7 ent=1.829 kl=0.000 clip=0.00 | beta=0.000 lr=3.7e-06 | FPS=50
    [Reward] event=70.0 shaping=48.4 sg_obs=-556.4 time=-1.7
  Update 350/488 | steps=358400 | ep_rew=-212.7 | ep_len=63 | sr=69.81% | pi=0.003 vf=63.6 ent=1.829 kl=0.000 clip=0.01 | beta=0.000 lr=3.6e-06 | FPS=51
    [Reward] event=85.7 shaping=44.8 sg_obs=-342.0 time=-1.3
    [Eval] rew=-213.10±513.7  sr=80.00%  steps=58  cap_steps=42
    [Eval Reward] event=120.0 shaping=46.4 sg_obs=-378.3 time=-1.2
Saved: /root/autodl-tmp/pursue_20260302/checkpoints/online_ppo_bppo_v2/best.pth
  Update 360/488 | steps=368640 | ep_rew=-121.3 | ep_len=50 | sr=75.30% | pi=-0.000 vf=98.9 ent=1.829 kl=0.000 clip=0.00 | beta=0.000 lr=3.4e-06 | FPS=43
    [Reward] event=121.1 shaping=44.3 sg_obs=-285.6 time=-1.0
    [Eval] rew=-104.42±470.8  sr=90.00%  steps=50  cap_steps=42
    [Eval Reward] event=132.5 shaping=49.8 sg_obs=-285.7 time=-1.0
Saved: /root/autodl-tmp/pursue_20260302/checkpoints/online_ppo_bppo_v2/best.pth
  Update 370/488 | steps=378880 | ep_rew=-539.1 | ep_len=94 | sr=72.25% | pi=0.000 vf=57.1 ent=1.830 kl=0.000 clip=0.00 | beta=0.000 lr=3.2e-06 | FPS=42
    [Reward] event=72.2 shaping=50.4 sg_obs=-659.8 time=-1.9
    [Eval] rew=-420.15±558.6  sr=65.00%  steps=74  cap_steps=50
    [Eval Reward] event=90.0 shaping=46.6 sg_obs=-555.2 time=-1.5
  Update 380/488 | steps=389120 | ep_rew=-454.4 | ep_len=72 | sr=72.91% | pi=0.001 vf=81.8 ent=1.829 kl=0.000 clip=0.00 | beta=0.000 lr=3.0e-06 | FPS=40
    [Reward] event=100.0 shaping=49.5 sg_obs=-602.5 time=-1.4
    [Eval] rew=-165.07±479.6  sr=90.00%  steps=60  cap_steps=53
    [Eval Reward] event=132.5 shaping=54.2 sg_obs=-350.6 time=-1.2
  Update 390/488 | steps=399360 | ep_rew=-334.1 | ep_len=76 | sr=73.10% | pi=0.001 vf=63.1 ent=1.829 kl=0.000 clip=0.00 | beta=0.000 lr=2.8e-06 | FPS=40
    [Reward] event=86.4 shaping=45.8 sg_obs=-464.7 time=-1.5
    [Eval] rew=-293.28±489.5  sr=65.00%  steps=65  cap_steps=35
    [Eval Reward] event=92.5 shaping=44.8 sg_obs=-429.2 time=-1.3
Saved: /root/autodl-tmp/pursue_20260302/checkpoints/online_ppo_bppo_v2/latest.pth
  Update 400/488 | steps=409600 | ep_rew=-428.7 | ep_len=71 | sr=72.99% | pi=0.014 vf=72.9 ent=1.829 kl=0.000 clip=0.00 | beta=0.000 lr=2.6e-06 | FPS=39
    [Reward] event=72.7 shaping=42.8 sg_obs=-542.8 time=-1.4
    [Eval] rew=-188.07±574.1  sr=85.00%  steps=49  cap_steps=37
    [Eval Reward] event=120.0 shaping=46.3 sg_obs=-353.4 time=-1.0
  Update 410/488 | steps=419840 | ep_rew=-217.3 | ep_len=68 | sr=72.61% | pi=0.018 vf=63.5 ent=1.829 kl=0.000 clip=0.00 | beta=0.000 lr=2.5e-06 | FPS=39
    [Reward] event=80.8 shaping=42.8 sg_obs=-339.5 time=-1.4
    [Eval] rew=105.37±153.6  sr=100.00%  steps=37  cap_steps=37
    [Eval Reward] event=150.0 shaping=41.5 sg_obs=-85.4 time=-0.7
Saved: /root/autodl-tmp/pursue_20260302/checkpoints/online_ppo_bppo_v2/best.pth
  Update 420/488 | steps=430080 | ep_rew=-267.2 | ep_len=65 | sr=72.44% | pi=0.002 vf=67.6 ent=1.829 kl=0.000 clip=0.00 | beta=0.000 lr=2.3e-06 | FPS=40
    [Reward] event=82.1 shaping=42.7 sg_obs=-390.8 time=-1.3
    [Eval] rew=-187.02±501.0  sr=85.00%  steps=55  cap_steps=43
    [Eval Reward] event=125.0 shaping=46.3 sg_obs=-357.3 time=-1.1
  Update 430/488 | steps=440320 | ep_rew=18.0 | ep_len=53 | sr=72.77% | pi=0.009 vf=80.7 ent=1.829 kl=0.000 clip=0.00 | beta=0.000 lr=2.1e-06 | FPS=40
    [Reward] event=136.7 shaping=44.1 sg_obs=-161.7 time=-1.1
    [Eval] rew=-414.46±626.6  sr=75.00%  steps=70  cap_steps=54
    [Eval Reward] event=107.5 shaping=54.6 sg_obs=-575.2 time=-1.4
  Update 440/488 | steps=450560 | ep_rew=-568.0 | ep_len=82 | sr=72.27% | pi=-0.000 vf=74.2 ent=1.829 kl=0.000 clip=0.00 | beta=0.000 lr=1.9e-06 | FPS=39
    [Reward] event=68.2 shaping=48.5 sg_obs=-683.0 time=-1.6
    [Eval] rew=-397.97±630.8  sr=75.00%  steps=64  cap_steps=46
    [Eval Reward] event=105.0 shaping=49.7 sg_obs=-551.4 time=-1.3
Saved: /root/autodl-tmp/pursue_20260302/checkpoints/online_ppo_bppo_v2/latest.pth
  Update 450/488 | steps=460800 | ep_rew=-227.1 | ep_len=50 | sr=72.12% | pi=0.001 vf=96.1 ent=1.829 kl=0.000 clip=0.00 | beta=0.000 lr=1.7e-06 | FPS=39
    [Reward] event=113.3 shaping=43.8 sg_obs=-383.3 time=-1.0
    [Eval] rew=-224.59±544.2  sr=75.00%  steps=60  cap_steps=39
    [Eval Reward] event=105.0 shaping=45.7 sg_obs=-374.1 time=-1.2
    [Eval] rew=-254.16±536.9  sr=85.00%  steps=64  cap_steps=54
    [Eval Reward] event=122.5 shaping=51.9 sg_obs=-427.3 time=-1.3
  Update 460/488 | steps=471040 | ep_rew=-442.4 | ep_len=77 | sr=71.87% | pi=0.000 vf=88.8 ent=1.829 kl=0.000 clip=0.00 | beta=0.000 lr=1.5e-06 | FPS=38
    [Reward] event=77.3 shaping=49.3 sg_obs=-567.4 time=-1.5
    [Eval] rew=-302.15±507.3  sr=85.00%  steps=70  cap_steps=61
    [Eval Reward] event=125.0 shaping=56.4 sg_obs=-482.2 time=-1.4
  Update 470/488 | steps=481280 | ep_rew=-491.2 | ep_len=88 | sr=71.88% | pi=0.000 vf=69.9 ent=1.829 kl=0.000 clip=0.00 | beta=0.000 lr=1.4e-06 | FPS=38
    [Reward] event=68.2 shaping=60.1 sg_obs=-617.8 time=-1.8
    [Eval] rew=-159.13±498.8  sr=75.00%  steps=60  cap_steps=40
    [Eval Reward] event=102.5 shaping=43.4 sg_obs=-303.8 time=-1.2
  Update 480/488 | steps=491520 | ep_rew=-204.8 | ep_len=59 | sr=72.10% | pi=0.009 vf=83.1 ent=1.829 kl=0.000 clip=0.00 | beta=0.000 lr=1.2e-06 | FPS=38
    [Reward] event=114.3 shaping=48.5 sg_obs=-366.4 time=-1.2
Saved: /root/autodl-tmp/pursue_20260302/checkpoints/online_ppo_bppo_v2/final.pth
Saved: /root/autodl-tmp/pursue_20260302/visualization/logs/online_ppo_bppo_v2/online_ppo_curves.png
Loaded V4 NN: obs_dim=8, act_dim=3, hidden=(64, 64)
Loaded V4 NN: obs_dim=8, act_dim=3, hidden=(64, 64)
Loaded V4 NN: obs_dim=8, act_dim=3, hidden=(64, 64)
Loaded V4 NN: obs_dim=8, act_dim=3, hidden=(64, 64)
Online PPO fine-tuning done.
 obs_dim=8, act_dim=3, hidden=(64, 64)
Online PPO fine-tuning done.
===== BPPO v2 Online PPO Done =====
