Device: cuda
Loaded V4 NN: obs_dim=8, act_dim=3, hidden=(64, 64)
/root/miniconda3/lib/python3.12/site-packages/gymnasium/spaces/box.py:236: UserWarning: [33mWARN: Box low's precision lowered by casting to float32, current low.dtype=float64[0m
  gym.logger.warn(
/root/miniconda3/lib/python3.12/site-packages/gymnasium/spaces/box.py:306: UserWarning: [33mWARN: Box high's precision lowered by casting to float32, current high.dtype=float64[0m
  gym.logger.warn(
Loaded pretrained (BPPO→AC): checkpoints/bppo_v2_2m/best.pth
Online PPO: 244 updates, 2048 steps/update [reward-norm]
  Update 1/244 | steps=2048 | ep_rew=-601.4 | ep_len=63 | sr=78.12% | pi=-0.003 vf=158.8 ent=1.838 kl=-0.003 clip=0.01 | beta=0.497 | FPS=15
    [Eval] rew=-551.16  sr=90.00%
Saved: /root/autodl-tmp/pursue_20260302/checkpoints/online_ppo_bppo_v2/best.pth
  Update 10/244 | steps=20480 | ep_rew=-583.9 | ep_len=67 | sr=67.52% | pi=0.003 vf=143.2 ent=1.837 kl=-0.014 clip=0.01 | beta=0.474 | FPS=14
    [Eval] rew=-541.03  sr=80.00%
    [Eval] rew=-850.36  sr=70.00%
  Update 20/244 | steps=40960 | ep_rew=-780.1 | ep_len=79 | sr=67.87% | pi=-0.002 vf=166.8 ent=1.837 kl=-0.016 clip=0.00 | beta=0.449 | FPS=14
    [Eval] rew=-565.21  sr=75.00%
    [Eval] rew=-469.43  sr=85.00%
Saved: /root/autodl-tmp/pursue_20260302/checkpoints/online_ppo_bppo_v2/latest.pth
  Update 30/244 | steps=61440 | ep_rew=-623.1 | ep_len=76 | sr=66.54% | pi=-0.002 vf=128.2 ent=1.836 kl=-0.020 clip=0.00 | beta=0.423 | FPS=13
    [Eval] rew=-424.93  sr=80.00%
    [Eval] rew=-126.46  sr=90.00%
  Update 40/244 | steps=81920 | ep_rew=-766.6 | ep_len=79 | sr=65.67% | pi=0.002 vf=157.6 ent=1.835 kl=-0.034 clip=0.00 | beta=0.398 | FPS=13
    [Eval] rew=-548.66  sr=85.00%
    [Eval] rew=-1024.93  sr=65.00%
    [Eval] rew=-611.02  sr=75.00%
Saved: /root/autodl-tmp/pursue_20260302/checkpoints/online_ppo_bppo_v2/latest.pth
  Update 50/244 | steps=102400 | ep_rew=-487.8 | ep_len=60 | sr=65.40% | pi=-0.002 vf=145.4 ent=1.834 kl=-0.018 clip=0.00 | beta=0.372 | FPS=13
    [Eval] rew=-617.06  sr=70.00%
    [Eval] rew=-545.13  sr=90.00%
  Update 60/244 | steps=122880 | ep_rew=-589.2 | ep_len=66 | sr=64.91% | pi=-0.001 vf=173.4 ent=1.834 kl=-0.027 clip=0.00 | beta=0.346 | FPS=13
    [Eval] rew=-696.76  sr=85.00%
    [Eval] rew=-434.52  sr=70.00%
  Update 70/244 | steps=143360 | ep_rew=-605.1 | ep_len=66 | sr=64.40% | pi=0.004 vf=155.7 ent=1.834 kl=-0.014 clip=0.01 | beta=0.321 | FPS=13
    [Eval] rew=-535.71  sr=85.00%
Saved: /root/autodl-tmp/pursue_20260302/checkpoints/online_ppo_bppo_v2/latest.pth
    [Eval] rew=-553.01  sr=85.00%
  Update 80/244 | steps=163840 | ep_rew=-586.3 | ep_len=64 | sr=64.51% | pi=0.002 vf=163.4 ent=1.834 kl=-0.035 clip=0.00 | beta=0.295 | FPS=13
    [Eval] rew=-428.99  sr=90.00%
    [Eval] rew=-464.59  sr=90.00%
  Update 90/244 | steps=184320 | ep_rew=-539.7 | ep_len=77 | sr=64.07% | pi=-0.001 vf=119.0 ent=1.833 kl=-0.027 clip=0.01 | beta=0.270 | FPS=13
    [Eval] rew=-201.11  sr=95.00%
Saved: /root/autodl-tmp/pursue_20260302/checkpoints/online_ppo_bppo_v2/best.pth
    [Eval] rew=-412.92  sr=75.00%
Saved: /root/autodl-tmp/pursue_20260302/checkpoints/online_ppo_bppo_v2/latest.pth
  Update 100/244 | steps=204800 | ep_rew=-832.8 | ep_len=77 | sr=63.70% | pi=-0.001 vf=173.4 ent=1.833 kl=-0.032 clip=0.00 | beta=0.244 | FPS=13
    [Eval] rew=-539.49  sr=75.00%
    [Eval] rew=-314.29  sr=85.00%
  Update 110/244 | steps=225280 | ep_rew=-715.8 | ep_len=72 | sr=63.80% | pi=-0.000 vf=164.0 ent=1.832 kl=-0.061 clip=0.00 | beta=0.218 | FPS=13
    [Eval] rew=-391.60  sr=85.00%
    [Eval] rew=-646.68  sr=70.00%
  Update 120/244 | steps=245760 | ep_rew=-403.2 | ep_len=53 | sr=64.21% | pi=-0.003 vf=156.2 ent=1.832 kl=-0.076 clip=0.00 | beta=0.193 | FPS=13
    [Eval] rew=-321.43  sr=90.00%
Saved: /root/autodl-tmp/pursue_20260302/checkpoints/online_ppo_bppo_v2/latest.pth
    [Eval] rew=-382.72  sr=85.00%
  Update 130/244 | steps=266240 | ep_rew=-727.4 | ep_len=73 | sr=64.12% | pi=0.000 vf=170.6 ent=1.831 kl=-0.070 clip=0.00 | beta=0.167 | FPS=13
    [Eval] rew=-245.71  sr=80.00%
    [Eval] rew=-182.19  sr=95.00%
  Update 140/244 | steps=286720 | ep_rew=-630.9 | ep_len=78 | sr=64.28% | pi=-0.002 vf=137.0 ent=1.831 kl=-0.068 clip=0.00 | beta=0.142 | FPS=13
    [Eval] rew=-489.45  sr=85.00%
    [Eval] rew=-516.02  sr=75.00%
Saved: /root/autodl-tmp/pursue_20260302/checkpoints/online_ppo_bppo_v2/latest.pth
  Update 150/244 | steps=307200 | ep_rew=-647.1 | ep_len=73 | sr=64.16% | pi=-0.000 vf=160.5 ent=1.830 kl=-0.067 clip=0.00 | beta=0.116 | FPS=13
    [Eval] rew=-410.26  sr=80.00%
    [Eval] rew=-577.02  sr=80.00%
  Update 160/244 | steps=327680 | ep_rew=-650.3 | ep_len=73 | sr=64.53% | pi=-0.001 vf=146.4 ent=1.830 kl=-0.052 clip=0.00 | beta=0.090 | FPS=13
    [Eval] rew=-249.13  sr=85.00%
    [Eval] rew=-496.98  sr=85.00%
  Update 170/244 | steps=348160 | ep_rew=-686.2 | ep_len=77 | sr=64.57% | pi=-0.002 vf=154.6 ent=1.830 kl=-0.059 clip=0.00 | beta=0.065 | FPS=13
    [Eval] rew=-364.51  sr=80.00%
Saved: /root/autodl-tmp/pursue_20260302/checkpoints/online_ppo_bppo_v2/latest.pth
    [Eval] rew=-503.94  sr=90.00%
  Update 180/244 | steps=368640 | ep_rew=-622.5 | ep_len=72 | sr=64.61% | pi=0.008 vf=151.1 ent=1.829 kl=-0.064 clip=0.00 | beta=0.039 | FPS=13
    [Eval] rew=-301.24  sr=85.00%
    [Eval] rew=-193.86  sr=95.00%
  Update 190/244 | steps=389120 | ep_rew=-584.6 | ep_len=68 | sr=64.72% | pi=-0.002 vf=141.0 ent=1.828 kl=-0.065 clip=0.00 | beta=0.014 | FPS=13
    [Eval] rew=-323.67  sr=90.00%
