Device: cuda
Creating SubprocVecEnv with 4 workers ...
Loaded V4 NN: obs_dim=8, act_dim=3, hidden=(64, 64)
/root/miniconda3/lib/python3.12/site-packages/gymnasium/spaces/box.py:236: UserWarning: [33mWARN: Box low's precision lowered by casting to float32, current low.dtype=float64[0m
  gym.logger.warn(
/root/miniconda3/lib/python3.12/site-packages/gymnasium/spaces/box.py:306: UserWarning: [33mWARN: Box high's precision lowered by casting to float32, current high.dtype=float64[0m
  gym.logger.warn(
Loaded pretrained (TD3Actor→AC): checkpoints/td3bc_v4_2m/best.pth
Resumed from checkpoints/online_ppo_td3bc_v3/latest.pth (step=350208, update=343)
Online PPO: 488 updates, 256 steps × 4 envs = 1024/update [reward-norm]
Reward params: {'R_catch': 150.0, 'R_fail': -50.0, 'alpha': 5.0, 'c_sg': 10.0, 'd_sg_safe': 1.5, 'c_path': 5.0, 'lam_time': 0.02}
/root/miniconda3/lib/python3.12/site-packages/gymnasium/spaces/box.py:236: UserWarning: [33mWARN: Box low's precision lowered by casting to float32, current low.dtype=float64[0m
  gym.logger.warn(
/root/miniconda3/lib/python3.12/site-packages/gymnasium/spaces/box.py:306: UserWarning: [33mWARN: Box high's precision lowered by casting to float32, current high.dtype=float64[0m
  gym.logger.warn(
/root/miniconda3/lib/python3.12/site-packages/gymnasium/spaces/box.py:236: UserWarning: [33mWARN: Box low's precision lowered by casting to float32, current low.dtype=float64[0m
  gym.logger.warn(
/root/miniconda3/lib/python3.12/site-packages/gymnasium/spaces/box.py:306: UserWarning: [33mWARN: Box high's precision lowered by casting to float32, current high.dtype=float64[0m
  gym.logger.warn(
/root/miniconda3/lib/python3.12/site-packages/gymnasium/spaces/box.py:236: UserWarning: [33mWARN: Box low's precision lowered by casting to float32, current low.dtype=float64[0m
  gym.logger.warn(
/root/miniconda3/lib/python3.12/site-packages/gymnasium/spaces/box.py:306: UserWarning: [33mWARN: Box high's precision lowered by casting to float32, current high.dtype=float64[0m
  gym.logger.warn(
/root/miniconda3/lib/python3.12/site-packages/gymnasium/spaces/box.py:236: UserWarning: [33mWARN: Box low's precision lowered by casting to float32, current low.dtype=float64[0m
  gym.logger.warn(
/root/miniconda3/lib/python3.12/site-packages/gymnasium/spaces/box.py:306: UserWarning: [33mWARN: Box high's precision lowered by casting to float32, current high.dtype=float64[0m
  gym.logger.warn(
  Update 343/488 | steps=351232 | ep_rew=74.6 | ep_len=86 | sr=44.44% | pi=-0.002 vf=10.0 ent=1.850 kl=0.000 clip=0.00 | beta=0.000 lr=3.7e-06 | FPS=50
    [Reward] event=66.7 shaping=41.7 sg_obs=-32.1 time=-1.7
  Update 350/488 | steps=358400 | ep_rew=105.5 | ep_len=96 | sr=45.33% | pi=-0.001 vf=11.5 ent=1.850 kl=0.000 clip=0.00 | beta=0.000 lr=3.6e-06 | FPS=53
    [Reward] event=75.0 shaping=62.8 sg_obs=-30.5 time=-1.9
    [Eval] rew=117.88±112.8  sr=70.00%  steps=62  cap_steps=37
    [Eval Reward] event=102.5 shaping=44.0 sg_obs=-27.4 time=-1.2
Saved: /root/autodl-tmp/pursue_20260302/checkpoints/online_ppo_td3bc_v3/best.pth
  Update 360/488 | steps=368640 | ep_rew=14.7 | ep_len=114 | sr=40.00% | pi=-0.000 vf=9.8 ent=1.850 kl=0.000 clip=0.01 | beta=0.000 lr=3.4e-06 | FPS=44
    [Reward] event=37.5 shaping=60.9 sg_obs=-81.5 time=-2.3
    [Eval] rew=109.48±113.1  sr=65.00%  steps=76  cap_steps=53
    [Eval Reward] event=97.5 shaping=49.7 sg_obs=-36.2 time=-1.5
  Update 370/488 | steps=378880 | ep_rew=65.4 | ep_len=104 | sr=42.38% | pi=-0.001 vf=8.9 ent=1.850 kl=0.000 clip=0.00 | beta=0.000 lr=3.2e-06 | FPS=41
    [Reward] event=50.0 shaping=50.8 sg_obs=-33.4 time=-2.1
    [Eval] rew=113.14±74.3  sr=65.00%  steps=81  cap_steps=61
    [Eval Reward] event=97.5 shaping=45.8 sg_obs=-28.5 time=-1.6
  Update 380/488 | steps=389120 | ep_rew=124.3 | ep_len=77 | sr=43.09% | pi=-0.000 vf=15.8 ent=1.850 kl=0.000 clip=0.00 | beta=0.000 lr=3.0e-06 | FPS=39
    [Reward] event=109.1 shaping=55.8 sg_obs=-39.0 time=-1.5
    [Eval] rew=73.39±145.5  sr=45.00%  steps=95  cap_steps=65
    [Eval Reward] event=67.5 shaping=54.5 sg_obs=-46.7 time=-1.9
  Update 390/488 | steps=399360 | ep_rew=71.4 | ep_len=94 | sr=41.98% | pi=-0.002 vf=10.8 ent=1.850 kl=0.000 clip=0.01 | beta=0.000 lr=2.8e-06 | FPS=38
    [Reward] event=60.0 shaping=48.0 sg_obs=-34.7 time=-1.9
    [Eval] rew=126.37±87.8  sr=65.00%  steps=74  cap_steps=48
    [Eval Reward] event=97.5 shaping=49.8 sg_obs=-19.5 time=-1.5
Saved: /root/autodl-tmp/pursue_20260302/checkpoints/online_ppo_td3bc_v3/latest.pth
  Update 400/488 | steps=409600 | ep_rew=54.5 | ep_len=101 | sr=41.79% | pi=-0.001 vf=9.6 ent=1.850 kl=0.000 clip=0.00 | beta=0.000 lr=2.6e-06 | FPS=37
    [Reward] event=50.0 shaping=51.1 sg_obs=-44.6 time=-2.0
    [Eval] rew=138.03±70.3  sr=75.00%  steps=57  cap_steps=35
    [Eval Reward] event=112.5 shaping=43.7 sg_obs=-17.0 time=-1.1
Saved: /root/autodl-tmp/pursue_20260302/checkpoints/online_ppo_td3bc_v3/best.pth
  Update 410/488 | steps=419840 | ep_rew=163.8 | ep_len=75 | sr=43.40% | pi=-0.001 vf=16.8 ent=1.850 kl=0.000 clip=0.00 | beta=0.000 lr=2.5e-06 | FPS=38
    [Reward] event=122.7 shaping=55.6 sg_obs=-13.1 time=-1.5
    [Eval] rew=123.50±128.6  sr=75.00%  steps=62  cap_steps=42
    [Eval Reward] event=112.5 shaping=36.3 sg_obs=-24.1 time=-1.2
  Update 420/488 | steps=430080 | ep_rew=76.1 | ep_len=83 | sr=42.90% | pi=-0.000 vf=12.0 ent=1.850 kl=0.000 clip=0.01 | beta=0.000 lr=2.3e-06 | FPS=38
    [Reward] event=68.2 shaping=50.8 sg_obs=-41.2 time=-1.7
    [Eval] rew=63.37±125.4  sr=45.00%  steps=80  cap_steps=31
    [Eval Reward] event=67.5 shaping=39.5 sg_obs=-42.0 time=-1.6
  Update 430/488 | steps=440320 | ep_rew=107.6 | ep_len=81 | sr=44.37% | pi=0.000 vf=11.1 ent=1.850 kl=0.000 clip=0.00 | beta=0.000 lr=2.1e-06 | FPS=37
    [Reward] event=81.8 shaping=42.4 sg_obs=-15.0 time=-1.6
    [Eval] rew=40.76±188.9  sr=40.00%  steps=87  cap_steps=38
    [Eval Reward] event=60.0 shaping=51.4 sg_obs=-68.9 time=-1.7
  Update 440/488 | steps=450560 | ep_rew=72.3 | ep_len=90 | sr=44.48% | pi=0.002 vf=10.7 ent=1.850 kl=0.000 clip=0.01 | beta=0.000 lr=1.9e-06 | FPS=37
    [Reward] event=60.0 shaping=50.3 sg_obs=-36.3 time=-1.8
    [Eval] rew=68.36±87.5  sr=35.00%  steps=87  cap_steps=27
    [Eval Reward] event=52.5 shaping=50.2 sg_obs=-32.6 time=-1.7
Saved: /root/autodl-tmp/pursue_20260302/checkpoints/online_ppo_td3bc_v3/latest.pth
  Update 450/488 | steps=460800 | ep_rew=22.9 | ep_len=108 | sr=45.07% | pi=-0.000 vf=10.9 ent=1.850 kl=0.000 clip=0.01 | beta=0.000 lr=1.7e-06 | FPS=37
    [Reward] event=31.2 shaping=57.5 sg_obs=-63.7 time=-2.2
    [Eval] rew=128.55±84.4  sr=70.00%  steps=67  cap_steps=44
    [Eval Reward] event=105.0 shaping=49.2 sg_obs=-24.3 time=-1.3
    [Eval] rew=108.84±84.4  sr=55.00%  steps=74  cap_steps=37
    [Eval Reward] event=82.5 shaping=50.6 sg_obs=-22.8 time=-1.5
  Update 460/488 | steps=471040 | ep_rew=13.7 | ep_len=99 | sr=44.48% | pi=-0.001 vf=12.4 ent=1.850 kl=0.000 clip=0.00 | beta=0.000 lr=1.5e-06 | FPS=36
    [Reward] event=37.5 shaping=51.9 sg_obs=-73.7 time=-2.0
    [Eval] rew=93.11±84.3  sr=50.00%  steps=82  cap_steps=43
    [Eval Reward] event=75.0 shaping=52.6 sg_obs=-32.8 time=-1.6
  Update 470/488 | steps=481280 | ep_rew=127.1 | ep_len=61 | sr=44.94% | pi=0.006 vf=14.6 ent=1.850 kl=0.000 clip=0.00 | beta=0.000 lr=1.4e-06 | FPS=36
    [Reward] event=103.8 shaping=41.0 sg_obs=-16.5 time=-1.2
    [Eval] rew=127.13±88.6  sr=65.00%  steps=73  cap_steps=48
    [Eval Reward] event=97.5 shaping=49.1 sg_obs=-18.0 time=-1.5
  Update 480/488 | steps=491520 | ep_rew=121.8 | ep_len=71 | sr=45.30% | pi=0.002 vf=13.3 ent=1.850 kl=0.000 clip=0.00 | beta=0.000 lr=1.2e-06 | FPS=36
    [Reward] event=95.5 shaping=48.9 sg_obs=-21.1 time=-1.4
Saved: /root/autodl-tmp/pursue_20260302/checkpoints/online_ppo_td3bc_v3/final.pth
Saved: /root/autodl-tmp/pursue_20260302/visualization/logs/online_ppo_td3bc_v3/online_ppo_curves.png
Loaded V4 NN: obs_dim=8, act_dim=3, hidden=(64, 64)
Loaded V4 NN: obs_dim=8, act_dim=3, hidden=(64, 64)
Loaded V4 NN: obs_dim=8, act_dim=3, hidden=(64, 64)
Loaded V4 NN: obs_dim=8, act_dim=3, hidden=(64, 64)
Online PPO fine-tuning done.
N: obs_dim=8, act_dim=3, hidden=(64, 64)
Online PPO fine-tuning done.
===== TD3+BC v3 Online PPO Done =====
