Device: cuda
Creating SubprocVecEnv with 4 workers ...
Loaded V4 NN: obs_dim=8, act_dim=3, hidden=(64, 64)
/root/miniconda3/lib/python3.12/site-packages/gymnasium/spaces/box.py:236: UserWarning: [33mWARN: Box low's precision lowered by casting to float32, current low.dtype=float64[0m
  gym.logger.warn(
/root/miniconda3/lib/python3.12/site-packages/gymnasium/spaces/box.py:306: UserWarning: [33mWARN: Box high's precision lowered by casting to float32, current high.dtype=float64[0m
  gym.logger.warn(
Loaded pretrained (TD3Actor→AC): checkpoints/iql_v2_2m/best.pth
/root/miniconda3/lib/python3.12/site-packages/gymnasium/spaces/box.py:236: UserWarning: [33mWARN: Box low's precision lowered by casting to float32, current low.dtype=float64[0m
  gym.logger.warn(
/root/miniconda3/lib/python3.12/site-packages/gymnasium/spaces/box.py:306: UserWarning: [33mWARN: Box high's precision lowered by casting to float32, current high.dtype=float64[0m
  gym.logger.warn(
Online PPO: 61 updates, 2048 steps × 4 envs = 8192/update [reward-norm]
Reward params: {'R_catch': 200.0, 'R_fail': -50.0, 'alpha': 5.0, 'c_sg': 1.0, 'd_sg_safe': 1.5, 'c_path': 1.0, 'lam_time': 0.01}
/root/miniconda3/lib/python3.12/site-packages/gymnasium/spaces/box.py:236: UserWarning: [33mWARN: Box low's precision lowered by casting to float32, current low.dtype=float64[0m
  gym.logger.warn(
/root/miniconda3/lib/python3.12/site-packages/gymnasium/spaces/box.py:306: UserWarning: [33mWARN: Box high's precision lowered by casting to float32, current high.dtype=float64[0m
  gym.logger.warn(
/root/miniconda3/lib/python3.12/site-packages/gymnasium/spaces/box.py:236: UserWarning: [33mWARN: Box low's precision lowered by casting to float32, current low.dtype=float64[0m
  gym.logger.warn(
/root/miniconda3/lib/python3.12/site-packages/gymnasium/spaces/box.py:306: UserWarning: [33mWARN: Box high's precision lowered by casting to float32, current high.dtype=float64[0m
  gym.logger.warn(
/root/miniconda3/lib/python3.12/site-packages/gymnasium/spaces/box.py:236: UserWarning: [33mWARN: Box low's precision lowered by casting to float32, current low.dtype=float64[0m
  gym.logger.warn(
/root/miniconda3/lib/python3.12/site-packages/gymnasium/spaces/box.py:306: UserWarning: [33mWARN: Box high's precision lowered by casting to float32, current high.dtype=float64[0m
  gym.logger.warn(
  Update 1/61 | steps=8192 | ep_rew=131.6 | ep_len=69 | sr=73.28% | pi=-0.005 vf=9.5 ent=1.838 kl=0.000 clip=0.05 | beta=0.000 lr=3.0e-05 | FPS=54
    [Reward] event=140.5 shaping=50.5 sg_obs=-58.8 time=-0.7
    [Eval] rew=139.23±155.5  sr=80.00%  steps=55  cap_steps=39
    [Eval Reward] event=152.5 shaping=46.6 sg_obs=-59.3 time=-0.6
Saved: /root/autodl-tmp/pursue_20260302/checkpoints/v3_iql_B/best.pth
    [Eval] rew=134.57±150.7  sr=75.00%  steps=62  cap_steps=42
    [Eval Reward] event=142.5 shaping=50.0 sg_obs=-57.4 time=-0.6
Saved: /root/autodl-tmp/pursue_20260302/checkpoints/v3_iql_B/latest.pth
    [Eval] rew=120.24±150.1  sr=75.00%  steps=69  cap_steps=52
    [Eval Reward] event=145.0 shaping=47.4 sg_obs=-71.5 time=-0.7
  Update 10/61 | steps=81920 | ep_rew=133.6 | ep_len=64 | sr=68.59% | pi=-0.004 vf=7.7 ent=1.830 kl=0.000 clip=0.03 | beta=0.000 lr=2.6e-05 | FPS=46
    [Reward] event=142.9 shaping=49.1 sg_obs=-57.8 time=-0.6
    [Eval] rew=160.75±136.6  sr=80.00%  steps=63  cap_steps=48
    [Eval Reward] event=157.5 shaping=51.9 sg_obs=-48.0 time=-0.6
    [Eval] rew=154.23±116.8  sr=80.00%  steps=64  cap_steps=50
    [Eval Reward] event=160.0 shaping=52.0 sg_obs=-57.1 time=-0.6
Saved: /root/autodl-tmp/pursue_20260302/checkpoints/v3_iql_B/latest.pth
    [Eval] rew=184.55±117.6  sr=90.00%  steps=48  cap_steps=40
    [Eval Reward] event=177.5 shaping=47.4 sg_obs=-39.9 time=-0.5
Saved: /root/autodl-tmp/pursue_20260302/checkpoints/v3_iql_B/best.pth
    [Eval] rew=218.74±71.1  sr=95.00%  steps=38  cap_steps=34
    [Eval Reward] event=190.0 shaping=39.9 sg_obs=-10.8 time=-0.4
Saved: /root/autodl-tmp/pursue_20260302/checkpoints/v3_iql_B/best.pth
Saved: /root/autodl-tmp/pursue_20260302/checkpoints/v3_iql_B/latest.pth
  Update 20/61 | steps=163840 | ep_rew=133.2 | ep_len=68 | sr=69.39% | pi=-0.004 vf=6.7 ent=1.816 kl=0.000 clip=0.03 | beta=0.000 lr=2.1e-05 | FPS=46
    [Reward] event=142.2 shaping=51.4 sg_obs=-59.7 time=-0.7
    [Eval] rew=205.27±69.0  sr=95.00%  steps=46  cap_steps=42
    [Eval Reward] event=190.0 shaping=46.1 sg_obs=-30.4 time=-0.5
    [Eval] rew=144.00±118.7  sr=80.00%  steps=75  cap_steps=64
    [Eval Reward] event=160.0 shaping=59.9 sg_obs=-75.2 time=-0.7
    [Eval] rew=168.78±113.7  sr=85.00%  steps=53  cap_steps=42
    [Eval Reward] event=167.5 shaping=50.7 sg_obs=-48.9 time=-0.5
Saved: /root/autodl-tmp/pursue_20260302/checkpoints/v3_iql_B/latest.pth
    [Eval] rew=139.10±147.4  sr=80.00%  steps=60  cap_steps=45
    [Eval Reward] event=152.5 shaping=46.3 sg_obs=-59.1 time=-0.6
  Update 30/61 | steps=245760 | ep_rew=125.4 | ep_len=70 | sr=70.43% | pi=0.001 vf=6.7 ent=1.811 kl=0.000 clip=0.02 | beta=0.000 lr=1.6e-05 | FPS=45
    [Reward] event=136.5 shaping=49.6 sg_obs=-60.0 time=-0.7
    [Eval] rew=157.58±133.5  sr=80.00%  steps=62  cap_steps=47
    [Eval Reward] event=157.5 shaping=51.0 sg_obs=-50.3 time=-0.6
Saved: /root/autodl-tmp/pursue_20260302/checkpoints/v3_iql_B/latest.pth
    [Eval] rew=121.62±145.4  sr=70.00%  steps=71  cap_steps=50
    [Eval Reward] event=135.0 shaping=50.9 sg_obs=-63.6 time=-0.7
    [Eval] rew=167.08±123.6  sr=75.00%  steps=61  cap_steps=41
    [Eval Reward] event=145.0 shaping=46.1 sg_obs=-23.4 time=-0.6
    [Eval] rew=172.45±108.7  sr=85.00%  steps=61  cap_steps=51
    [Eval Reward] event=170.0 shaping=51.5 sg_obs=-48.4 time=-0.6
Saved: /root/autodl-tmp/pursue_20260302/checkpoints/v3_iql_B/latest.pth
  Update 40/61 | steps=327680 | ep_rew=141.6 | ep_len=67 | sr=71.24% | pi=0.001 vf=6.5 ent=1.808 kl=0.000 clip=0.02 | beta=0.000 lr=1.1e-05 | FPS=45
    [Reward] event=147.9 shaping=50.0 sg_obs=-55.6 time=-0.7
    [Eval] rew=159.95±135.8  sr=85.00%  steps=57  cap_steps=46
    [Eval Reward] event=165.0 shaping=49.3 sg_obs=-53.8 time=-0.6
    [Eval] rew=155.29±142.1  sr=80.00%  steps=55  cap_steps=39
    [Eval Reward] event=155.0 shaping=45.5 sg_obs=-44.7 time=-0.6
Saved: /root/autodl-tmp/pursue_20260302/checkpoints/v3_iql_B/latest.pth
    [Eval] rew=180.77±107.8  sr=90.00%  steps=56  cap_steps=48
    [Eval Reward] event=177.5 shaping=48.9 sg_obs=-45.1 time=-0.6
Device: cuda
Creating SubprocVecEnv with 4 workers ...
Loaded V4 NN: obs_dim=8, act_dim=3, hidden=(64, 64)
/root/miniconda3/lib/python3.12/site-packages/gymnasium/spaces/box.py:236: UserWarning: [33mWARN: Box low's precision lowered by casting to float32, current low.dtype=float64[0m
  gym.logger.warn(
/root/miniconda3/lib/python3.12/site-packages/gymnasium/spaces/box.py:306: UserWarning: [33mWARN: Box high's precision lowered by casting to float32, current high.dtype=float64[0m
  gym.logger.warn(
Resumed from checkpoints/v3_iql_B/latest.pth (step=352256, update=44)
Online PPO: 61 updates, 2048 steps × 4 envs = 8192/update [reward-norm]
Reward params: {'R_catch': 200.0, 'R_fail': -50.0, 'alpha': 5.0, 'c_sg': 1.0, 'd_sg_safe': 1.5, 'c_path': 1.0, 'lam_time': 0.01}
/root/miniconda3/lib/python3.12/site-packages/gymnasium/spaces/box.py:236: UserWarning: [33mWARN: Box low's precision lowered by casting to float32, current low.dtype=float64[0m
  gym.logger.warn(
/root/miniconda3/lib/python3.12/site-packages/gymnasium/spaces/box.py:306: UserWarning: [33mWARN: Box high's precision lowered by casting to float32, current high.dtype=float64[0m
  gym.logger.warn(
/root/miniconda3/lib/python3.12/site-packages/gymnasium/spaces/box.py:236: UserWarning: [33mWARN: Box low's precision lowered by casting to float32, current low.dtype=float64[0m
  gym.logger.warn(
/root/miniconda3/lib/python3.12/site-packages/gymnasium/spaces/box.py:306: UserWarning: [33mWARN: Box high's precision lowered by casting to float32, current high.dtype=float64[0m
  gym.logger.warn(
/root/miniconda3/lib/python3.12/site-packages/gymnasium/spaces/box.py:236: UserWarning: [33mWARN: Box low's precision lowered by casting to float32, current low.dtype=float64[0m
  gym.logger.warn(
/root/miniconda3/lib/python3.12/site-packages/gymnasium/spaces/box.py:306: UserWarning: [33mWARN: Box high's precision lowered by casting to float32, current high.dtype=float64[0m
  gym.logger.warn(
/root/miniconda3/lib/python3.12/site-packages/gymnasium/spaces/box.py:236: UserWarning: [33mWARN: Box low's precision lowered by casting to float32, current low.dtype=float64[0m
  gym.logger.warn(
/root/miniconda3/lib/python3.12/site-packages/gymnasium/spaces/box.py:306: UserWarning: [33mWARN: Box high's precision lowered by casting to float32, current high.dtype=float64[0m
  gym.logger.warn(
  Update 44/61 | steps=360448 | ep_rew=147.9 | ep_len=64 | sr=74.19% | pi=-0.004 vf=5.5 ent=1.807 kl=0.000 clip=0.01 | beta=0.000 lr=9.6e-06 | FPS=54
    [Reward] event=144.4 shaping=47.6 sg_obs=-43.4 time=-0.6
    [Eval] rew=135.60±154.4  sr=75.00%  steps=58  cap_steps=37
    [Eval Reward] event=145.0 shaping=47.9 sg_obs=-56.7 time=-0.6
Saved: /root/autodl-tmp/pursue_20260302/checkpoints/v3_iql_B/best.pth
    [Eval] rew=166.64±123.2  sr=80.00%  steps=53  cap_steps=36
    [Eval Reward] event=157.5 shaping=49.6 sg_obs=-39.9 time=-0.5
Saved: /root/autodl-tmp/pursue_20260302/checkpoints/v3_iql_B/best.pth
    [Eval] rew=102.02±161.0  sr=70.00%  steps=77  cap_steps=59
    [Eval Reward] event=132.5 shaping=46.3 sg_obs=-76.0 time=-0.8
Saved: /root/autodl-tmp/pursue_20260302/checkpoints/v3_iql_B/latest.pth
  Update 50/61 | steps=409600 | ep_rew=164.6 | ep_len=57 | sr=74.65% | pi=-0.003 vf=6.3 ent=1.805 kl=0.000 clip=0.01 | beta=0.000 lr=6.7e-06 | FPS=44
    [Reward] event=161.4 shaping=48.0 sg_obs=-44.2 time=-0.6
    [Eval] rew=157.37±128.7  sr=80.00%  steps=65  cap_steps=52
    [Eval Reward] event=155.0 shaping=52.0 sg_obs=-49.0 time=-0.7
    [Eval] rew=145.48±129.7  sr=80.00%  steps=63  cap_steps=49
    [Eval Reward] event=155.0 shaping=51.1 sg_obs=-60.0 time=-0.6
Saved: /root/autodl-tmp/pursue_20260302/checkpoints/v3_iql_B/latest.pth
    [Eval] rew=166.17±133.5  sr=80.00%  steps=47  cap_steps=29
    [Eval Reward] event=157.5 shaping=44.0 sg_obs=-34.8 time=-0.5
    [Eval] rew=216.72±69.5  sr=95.00%  steps=38  cap_steps=34
    [Eval Reward] event=190.0 shaping=41.6 sg_obs=-14.5 time=-0.4
Saved: /root/autodl-tmp/pursue_20260302/checkpoints/v3_iql_B/best.pth
  Update 60/61 | steps=491520 | ep_rew=148.2 | ep_len=65 | sr=74.47% | pi=0.002 vf=5.8 ent=1.805 kl=0.000 clip=0.00 | beta=0.000 lr=2.0e-06 | FPS=45
    [Reward] event=150.8 shaping=48.0 sg_obs=-50.0 time=-0.7
Saved: /root/autodl-tmp/pursue_20260302/checkpoints/v3_iql_B/final.pth
Saved: /root/autodl-tmp/pursue_20260302/visualization/logs/v3_iql_B/online_ppo_curves.png
Loaded V4 NN: obs_dim=8, act_dim=3, hidden=(64, 64)
Loaded V4 NN: obs_dim=8, act_dim=3, hidden=(64, 64)
Loaded V4 NN: obs_dim=8, act_dim=3, hidden=(64, 64)
Loaded V4 NN: obs_dim=8, act_dim=3, hidden=(64, 64)
Online PPO fine-tuning done.
Device: cuda
Creating SubprocVecEnv with 4 workers ...
Loaded V4 NN: obs_dim=8, act_dim=3, hidden=(64, 64)
/root/miniconda3/lib/python3.12/site-packages/gymnasium/spaces/box.py:236: UserWarning: [33mWARN: Box low's precision lowered by casting to float32, current low.dtype=float64[0m
  gym.logger.warn(
/root/miniconda3/lib/python3.12/site-packages/gymnasium/spaces/box.py:306: UserWarning: [33mWARN: Box high's precision lowered by casting to float32, current high.dtype=float64[0m
  gym.logger.warn(
Resumed from checkpoints/v3_iql_B/final.pth (step=499712, update=62)
Online PPO: 244 updates, 2048 steps × 4 envs = 8192/update [reward-norm]
Reward params: {'R_catch': 200.0, 'R_fail': -50.0, 'alpha': 5.0, 'c_sg': 1.0, 'd_sg_safe': 1.5, 'c_path': 1.0, 'lam_time': 0.01}
/root/miniconda3/lib/python3.12/site-packages/gymnasium/spaces/box.py:236: UserWarning: [33mWARN: Box low's precision lowered by casting to float32, current low.dtype=float64[0m
  gym.logger.warn(
/root/miniconda3/lib/python3.12/site-packages/gymnasium/spaces/box.py:306: UserWarning: [33mWARN: Box high's precision lowered by casting to float32, current high.dtype=float64[0m
  gym.logger.warn(
/root/miniconda3/lib/python3.12/site-packages/gymnasium/spaces/box.py:236: UserWarning: [33mWARN: Box low's precision lowered by casting to float32, current low.dtype=float64[0m
  gym.logger.warn(
/root/miniconda3/lib/python3.12/site-packages/gymnasium/spaces/box.py:306: UserWarning: [33mWARN: Box high's precision lowered by casting to float32, current high.dtype=float64[0m
  gym.logger.warn(
/root/miniconda3/lib/python3.12/site-packages/gymnasium/spaces/box.py:236: UserWarning: [33mWARN: Box low's precision lowered by casting to float32, current low.dtype=float64[0m
  gym.logger.warn(
/root/miniconda3/lib/python3.12/site-packages/gymnasium/spaces/box.py:306: UserWarning: [33mWARN: Box high's precision lowered by casting to float32, current high.dtype=float64[0m
  gym.logger.warn(
/root/miniconda3/lib/python3.12/site-packages/gymnasium/spaces/box.py:236: UserWarning: [33mWARN: Box low's precision lowered by casting to float32, current low.dtype=float64[0m
  gym.logger.warn(
/root/miniconda3/lib/python3.12/site-packages/gymnasium/spaces/box.py:306: UserWarning: [33mWARN: Box high's precision lowered by casting to float32, current high.dtype=float64[0m
  gym.logger.warn(
  Update 62/244 | steps=507904 | ep_rew=128.9 | ep_len=68 | sr=73.11% | pi=-0.004 vf=6.2 ent=1.805 kl=0.000 clip=0.02 | beta=0.000 lr=2.3e-05 | FPS=53
    [Reward] event=137.8 shaping=49.1 sg_obs=-57.4 time=-0.7
    [Eval] rew=131.33±161.8  sr=75.00%  steps=58  cap_steps=37
    [Eval Reward] event=142.5 shaping=47.4 sg_obs=-58.0 time=-0.6
Saved: /root/autodl-tmp/pursue_20260302/checkpoints/v3_iql_B/best.pth
Saved: /root/autodl-tmp/pursue_20260302/checkpoints/v3_iql_B/latest.pth
    [Eval] rew=174.76±114.4  sr=85.00%  steps=53  cap_steps=41
    [Eval Reward] event=167.5 shaping=51.5 sg_obs=-43.7 time=-0.5
Saved: /root/autodl-tmp/pursue_20260302/checkpoints/v3_iql_B/best.pth
    [Eval] rew=124.99±157.4  sr=75.00%  steps=63  cap_steps=44
    [Eval Reward] event=142.5 shaping=44.3 sg_obs=-61.2 time=-0.6
Saved: /root/autodl-tmp/pursue_20260302/checkpoints/v3_iql_B/latest.pth
    [Eval] rew=142.38±135.7  sr=75.00%  steps=71  cap_steps=54
    [Eval Reward] event=142.5 shaping=49.3 sg_obs=-48.7 time=-0.7
  Update 70/244 | steps=573440 | ep_rew=142.3 | ep_len=63 | sr=74.89% | pi=-0.003 vf=5.6 ent=1.802 kl=0.000 clip=0.04 | beta=0.000 lr=2.2e-05 | FPS=44
    [Reward] event=144.6 shaping=46.9 sg_obs=-48.6 time=-0.6
    [Eval] rew=151.79±128.6  sr=80.00%  steps=60  cap_steps=44
    [Eval Reward] event=155.0 shaping=47.2 sg_obs=-49.8 time=-0.6
    [Eval] rew=196.25±94.6  sr=90.00%  steps=43  cap_steps=34
    [Eval Reward] event=180.0 shaping=44.9 sg_obs=-28.2 time=-0.4
Saved: /root/autodl-tmp/pursue_20260302/checkpoints/v3_iql_B/best.pth
Saved: /root/autodl-tmp/pursue_20260302/checkpoints/v3_iql_B/latest.pth
    [Eval] rew=217.41±68.6  sr=95.00%  steps=39  cap_steps=35
    [Eval Reward] event=190.0 shaping=42.2 sg_obs=-14.4 time=-0.4
Saved: /root/autodl-tmp/pursue_20260302/checkpoints/v3_iql_B/best.pth
    [Eval] rew=202.60±94.6  sr=95.00%  steps=42  cap_steps=38
    [Eval Reward] event=187.5 shaping=43.9 sg_obs=-28.4 time=-0.4
  Update 80/244 | steps=655360 | ep_rew=151.5 | ep_len=60 | sr=76.39% | pi=-0.004 vf=5.5 ent=1.798 kl=0.000 clip=0.02 | beta=0.000 lr=2.1e-05 | FPS=45
    [Reward] event=148.1 shaping=45.7 sg_obs=-41.8 time=-0.6
Saved: /root/autodl-tmp/pursue_20260302/checkpoints/v3_iql_B/latest.pth
    [Eval] rew=187.83±97.1  sr=95.00%  steps=64  cap_steps=61
    [Eval Reward] event=187.5 shaping=56.8 sg_obs=-55.8 time=-0.6
    [Eval] rew=146.67±137.2  sr=75.00%  steps=58  cap_steps=37
    [Eval Reward] event=147.5 shaping=48.3 sg_obs=-48.5 time=-0.6
    [Eval] rew=163.98±129.7  sr=85.00%  steps=55  cap_steps=43
    [Eval Reward] event=165.0 shaping=42.4 sg_obs=-42.9 time=-0.5
Saved: /root/autodl-tmp/pursue_20260302/checkpoints/v3_iql_B/latest.pth
    [Eval] rew=167.71±132.5  sr=85.00%  steps=58  cap_steps=47
    [Eval Reward] event=165.0 shaping=52.1 sg_obs=-48.9 time=-0.6
  Update 90/244 | steps=737280 | ep_rew=175.3 | ep_len=59 | sr=76.75% | pi=-0.004 vf=5.4 ent=1.796 kl=0.000 clip=0.02 | beta=0.000 lr=1.9e-05 | FPS=45
    [Reward] event=167.2 shaping=49.5 sg_obs=-40.8 time=-0.6
    [Eval] rew=171.86±98.6  sr=85.00%  steps=55  cap_steps=44
    [Eval Reward] event=167.5 shaping=47.9 sg_obs=-42.9 time=-0.6
Saved: /root/autodl-tmp/pursue_20260302/checkpoints/v3_iql_B/latest.pth
    [Eval] rew=178.95±97.3  sr=75.00%  steps=59  cap_steps=39
    [Eval Reward] event=150.0 shaping=44.1 sg_obs=-14.6 time=-0.6
    [Eval] rew=186.56±82.9  sr=90.00%  steps=57  cap_steps=50
    [Eval Reward] event=180.0 shaping=52.1 sg_obs=-44.9 time=-0.6
    [Eval] rew=190.29±93.3  sr=90.00%  steps=51  cap_steps=44
    [Eval Reward] event=180.0 shaping=50.1 sg_obs=-39.3 time=-0.5
Saved: /root/autodl-tmp/pursue_20260302/checkpoints/v3_iql_B/latest.pth
  Update 100/244 | steps=819200 | ep_rew=144.4 | ep_len=61 | sr=77.02% | pi=-0.004 vf=5.2 ent=1.792 kl=0.000 clip=0.02 | beta=0.000 lr=1.8e-05 | FPS=45
    [Reward] event=145.5 shaping=46.2 sg_obs=-46.6 time=-0.6
    [Eval] rew=176.39±126.1  sr=85.00%  steps=45  cap_steps=32
    [Eval Reward] event=165.0 shaping=45.2 sg_obs=-33.4 time=-0.5
    [Eval] rew=126.69±131.4  sr=65.00%  steps=68  cap_steps=39
    [Eval Reward] event=125.0 shaping=43.7 sg_obs=-41.4 time=-0.7
Saved: /root/autodl-tmp/pursue_20260302/checkpoints/v3_iql_B/latest.pth
    [Eval] rew=216.46±66.4  sr=95.00%  steps=35  cap_steps=31
    [Eval Reward] event=190.0 shaping=44.0 sg_obs=-17.2 time=-0.4
    [Eval] rew=199.60±90.3  sr=90.00%  steps=40  cap_steps=32
    [Eval Reward] event=180.0 shaping=40.7 sg_obs=-20.7 time=-0.4
  Update 110/244 | steps=901120 | ep_rew=169.1 | ep_len=58 | sr=77.36% | pi=0.000 vf=5.1 ent=1.791 kl=0.000 clip=0.02 | beta=0.000 lr=1.7e-05 | FPS=45
    [Reward] event=160.4 shaping=47.9 sg_obs=-38.6 time=-0.6
    [Eval] rew=123.79±154.1  sr=70.00%  steps=70  cap_steps=48
    [Eval Reward] event=135.0 shaping=48.4 sg_obs=-58.9 time=-0.7
Saved: /root/autodl-tmp/pursue_20260302/checkpoints/v3_iql_B/latest.pth
    [Eval] rew=178.64±103.2  sr=80.00%  steps=47  cap_steps=29
    [Eval Reward] event=160.0 shaping=41.0 sg_obs=-21.8 time=-0.5
    [Eval] rew=167.41±124.9  sr=80.00%  steps=54  cap_steps=38
    [Eval Reward] event=155.0 shaping=43.3 sg_obs=-30.4 time=-0.5
Saved: /root/autodl-tmp/pursue_20260302/checkpoints/v3_iql_B/latest.pth
    [Eval] rew=115.63±134.3  sr=60.00%  steps=75  cap_steps=44
    [Eval Reward] event=115.0 shaping=47.6 sg_obs=-46.2 time=-0.7
  Update 120/244 | steps=983040 | ep_rew=165.1 | ep_len=59 | sr=77.56% | pi=-0.002 vf=5.0 ent=1.790 kl=0.000 clip=0.02 | beta=0.000 lr=1.6e-05 | FPS=45
    [Reward] event=156.6 shaping=49.0 sg_obs=-39.9 time=-0.6
    [Eval] rew=204.83±87.1  sr=90.00%  steps=43  cap_steps=34
    [Eval Reward] event=180.0 shaping=46.8 sg_obs=-21.6 time=-0.4
    [Eval] rew=205.19±57.6  sr=95.00%  steps=52  cap_steps=49
    [Eval Reward] event=190.0 shaping=44.8 sg_obs=-29.1 time=-0.5
Saved: /root/autodl-tmp/pursue_20260302/checkpoints/v3_iql_B/latest.pth
    [Eval] rew=169.05±97.0  sr=75.00%  steps=56  cap_steps=35
    [Eval Reward] event=147.5 shaping=38.1 sg_obs=-16.0 time=-0.6
    [Eval] rew=214.35±62.7  sr=95.00%  steps=39  cap_steps=35
    [Eval Reward] event=190.0 shaping=39.2 sg_obs=-14.5 time=-0.4
Saved: /root/autodl-tmp/pursue_20260302/checkpoints/v3_iql_B/latest.pth
  Update 130/244 | steps=1064960 | ep_rew=149.8 | ep_len=65 | sr=77.60% | pi=-0.002 vf=4.7 ent=1.789 kl=0.000 clip=0.01 | beta=0.000 lr=1.5e-05 | FPS=45
    [Reward] event=149.2 shaping=48.7 sg_obs=-47.4 time=-0.6
    [Eval] rew=208.95±62.6  sr=95.00%  steps=54  cap_steps=51
    [Eval Reward] event=190.0 shaping=51.9 sg_obs=-32.4 time=-0.5
    [Eval] rew=134.10±149.9  sr=70.00%  steps=62  cap_steps=38
    [Eval Reward] event=137.5 shaping=46.5 sg_obs=-49.3 time=-0.6
    [Eval] rew=217.89±50.5  sr=95.00%  steps=46  cap_steps=42
    [Eval Reward] event=190.0 shaping=43.6 sg_obs=-15.3 time=-0.5
Saved: /root/autodl-tmp/pursue_20260302/checkpoints/v3_iql_B/latest.pth
    [Eval] rew=190.65±98.1  sr=90.00%  steps=61  cap_steps=54
    [Eval Reward] event=180.0 shaping=53.4 sg_obs=-42.1 time=-0.6
  Update 140/244 | steps=1146880 | ep_rew=145.1 | ep_len=65 | sr=77.74% | pi=0.113 vf=4.5 ent=1.787 kl=0.000 clip=0.02 | beta=0.000 lr=1.3e-05 | FPS=45
    [Reward] event=146.0 shaping=49.3 sg_obs=-49.5 time=-0.6
    [Eval] rew=217.34±63.6  sr=95.00%  steps=43  cap_steps=39
    [Eval Reward] event=187.5 shaping=46.4 sg_obs=-16.1 time=-0.4
Saved: /root/autodl-tmp/pursue_20260302/checkpoints/v3_iql_B/latest.pth
    [Eval] rew=150.95±135.1  sr=70.00%  steps=62  cap_steps=37
    [Eval Reward] event=140.0 shaping=48.5 sg_obs=-37.0 time=-0.6
    [Eval] rew=154.34±152.0  sr=80.00%  steps=51  cap_steps=34
    [Eval Reward] event=155.0 shaping=41.8 sg_obs=-42.0 time=-0.5
    [Eval] rew=202.58±73.0  sr=90.00%  steps=53  cap_steps=46
    [Eval Reward] event=180.0 shaping=46.9 sg_obs=-23.8 time=-0.5
Saved: /root/autodl-tmp/pursue_20260302/checkpoints/v3_iql_B/latest.pth
    [Eval] rew=206.35±97.1  sr=95.00%  steps=45  cap_steps=41
    [Eval Reward] event=187.5 shaping=44.7 sg_obs=-25.4 time=-0.4
  Update 150/244 | steps=1228800 | ep_rew=170.5 | ep_len=59 | sr=77.99% | pi=-0.002 vf=4.8 ent=1.786 kl=0.000 clip=0.01 | beta=0.000 lr=1.2e-05 | FPS=45
    [Reward] event=162.1 shaping=48.2 sg_obs=-39.2 time=-0.6
    [Eval] rew=193.17±91.0  sr=85.00%  steps=49  cap_steps=36
    [Eval Reward] event=170.0 shaping=45.2 sg_obs=-21.6 time=-0.5
Saved: /root/autodl-tmp/pursue_20260302/checkpoints/v3_iql_B/latest.pth
    [Eval] rew=214.68±61.3  sr=95.00%  steps=45  cap_steps=41
    [Eval Reward] event=190.0 shaping=48.9 sg_obs=-23.7 time=-0.4
    [Eval] rew=207.20±105.5  sr=95.00%  steps=43  cap_steps=39
    [Eval Reward] event=187.5 shaping=44.5 sg_obs=-24.4 time=-0.4
    [Eval] rew=158.63±149.5  sr=80.00%  steps=57  cap_steps=41
    [Eval Reward] event=155.0 shaping=46.1 sg_obs=-41.9 time=-0.6
Saved: /root/autodl-tmp/pursue_20260302/checkpoints/v3_iql_B/latest.pth
  Update 160/244 | steps=1310720 | ep_rew=166.7 | ep_len=60 | sr=78.26% | pi=-0.001 vf=4.7 ent=1.787 kl=0.000 clip=0.01 | beta=0.000 lr=1.1e-05 | FPS=45
    [Reward] event=163.2 shaping=49.5 sg_obs=-45.3 time=-0.6
    [Eval] rew=190.56±92.8  sr=90.00%  steps=48  cap_steps=40
    [Eval Reward] event=180.0 shaping=44.8 sg_obs=-33.8 time=-0.5
    [Eval] rew=205.15±80.8  sr=95.00%  steps=49  cap_steps=45
    [Eval Reward] event=190.0 shaping=48.4 sg_obs=-32.8 time=-0.5
Saved: /root/autodl-tmp/pursue_20260302/checkpoints/v3_iql_B/latest.pth
    [Eval] rew=182.91±91.8  sr=85.00%  steps=61  cap_steps=51
    [Eval Reward] event=170.0 shaping=47.7 sg_obs=-34.1 time=-0.6
    [Eval] rew=176.07±125.0  sr=85.00%  steps=47  cap_steps=34
    [Eval Reward] event=167.5 shaping=42.1 sg_obs=-33.0 time=-0.5
  Update 170/244 | steps=1392640 | ep_rew=178.0 | ep_len=56 | sr=78.72% | pi=-0.002 vf=4.3 ent=1.787 kl=0.000 clip=0.01 | beta=0.000 lr=9.9e-06 | FPS=45
    [Reward] event=166.4 shaping=47.1 sg_obs=-35.0 time=-0.6
    [Eval] rew=177.16±134.9  sr=85.00%  steps=50  cap_steps=37
    [Eval Reward] event=165.0 shaping=44.9 sg_obs=-32.2 time=-0.5
Saved: /root/autodl-tmp/pursue_20260302/checkpoints/v3_iql_B/latest.pth
    [Eval] rew=145.26±154.5  sr=80.00%  steps=61  cap_steps=46
    [Eval Reward] event=155.0 shaping=47.3 sg_obs=-56.4 time=-0.6
    [Eval] rew=167.13±107.2  sr=75.00%  steps=59  cap_steps=38
    [Eval Reward] event=150.0 shaping=46.9 sg_obs=-29.2 time=-0.6
Saved: /root/autodl-tmp/pursue_20260302/checkpoints/v3_iql_B/latest.pth
    [Eval] rew=204.76±68.8  sr=90.00%  steps=50  cap_steps=42
    [Eval Reward] event=180.0 shaping=48.0 sg_obs=-22.8 time=-0.5
  Update 180/244 | steps=1474560 | ep_rew=159.7 | ep_len=63 | sr=78.86% | pi=-0.003 vf=4.6 ent=1.787 kl=0.000 clip=0.01 | beta=0.000 lr=8.7e-06 | FPS=45
    [Reward] event=152.4 shaping=49.7 sg_obs=-41.8 time=-0.6
    [Eval] rew=146.95±143.2  sr=75.00%  steps=59  cap_steps=38
    [Eval Reward] event=142.5 shaping=47.8 sg_obs=-42.7 time=-0.6
Device: cuda
Creating SubprocVecEnv with 4 workers ...
Loaded V4 NN: obs_dim=8, act_dim=3, hidden=(64, 64)
/root/miniconda3/lib/python3.12/site-packages/gymnasium/spaces/box.py:236: UserWarning: [33mWARN: Box low's precision lowered by casting to float32, current low.dtype=float64[0m
  gym.logger.warn(
/root/miniconda3/lib/python3.12/site-packages/gymnasium/spaces/box.py:306: UserWarning: [33mWARN: Box high's precision lowered by casting to float32, current high.dtype=float64[0m
  gym.logger.warn(
/root/miniconda3/lib/python3.12/site-packages/gymnasium/spaces/box.py:236: UserWarning: [33mWARN: Box low's precision lowered by casting to float32, current low.dtype=float64[0m
  gym.logger.warn(
/root/miniconda3/lib/python3.12/site-packages/gymnasium/spaces/box.py:306: UserWarning: [33mWARN: Box high's precision lowered by casting to float32, current high.dtype=float64[0m
  gym.logger.warn(
/root/miniconda3/lib/python3.12/site-packages/gymnasium/spaces/box.py:236: UserWarning: [33mWARN: Box low's precision lowered by casting to float32, current low.dtype=float64[0m
  gym.logger.warn(
/root/miniconda3/lib/python3.12/site-packages/gymnasium/spaces/box.py:306: UserWarning: [33mWARN: Box high's precision lowered by casting to float32, current high.dtype=float64[0m
  gym.logger.warn(
Resumed from checkpoints/v3_iql_B/final.pth (step=499712, update=62)
Online PPO: 244 updates, 2048 steps × 4 envs = 8192/update [reward-norm]
Reward params: {'R_catch': 200.0, 'R_fail': -50.0, 'alpha': 5.0, 'c_sg': 1.0, 'd_sg_safe': 1.5, 'c_path': 1.0, 'lam_time': 0.01}
/root/miniconda3/lib/python3.12/site-packages/gymnasium/spaces/box.py:236: UserWarning: [33mWARN: Box low's precision lowered by casting to float32, current low.dtype=float64[0m
  gym.logger.warn(
/root/miniconda3/lib/python3.12/site-packages/gymnasium/spaces/box.py:306: UserWarning: [33mWARN: Box high's precision lowered by casting to float32, current high.dtype=float64[0m
  gym.logger.warn(
/root/miniconda3/lib/python3.12/site-packages/gymnasium/spaces/box.py:236: UserWarning: [33mWARN: Box low's precision lowered by casting to float32, current low.dtype=float64[0m
  gym.logger.warn(
/root/miniconda3/lib/python3.12/site-packages/gymnasium/spaces/box.py:306: UserWarning: [33mWARN: Box high's precision lowered by casting to float32, current high.dtype=float64[0m
  gym.logger.warn(
  Update 62/244 | steps=507904 | ep_rew=128.9 | ep_len=68 | sr=73.11% | pi=-0.004 vf=6.2 ent=1.805 kl=0.000 clip=0.02 | beta=0.000 lr=2.3e-05 | FPS=51
    [Reward] event=137.8 shaping=49.1 sg_obs=-57.4 time=-0.7
    [Eval] rew=131.33±161.8  sr=75.00%  steps=58  cap_steps=37
    [Eval Reward] event=142.5 shaping=47.4 sg_obs=-58.0 time=-0.6
Saved: /root/autodl-tmp/pursue_20260302/checkpoints/v3_iql_B/best.pth
Saved: /root/autodl-tmp/pursue_20260302/checkpoints/v3_iql_B/latest.pth
    [Eval] rew=174.76±114.4  sr=85.00%  steps=53  cap_steps=41
    [Eval Reward] event=167.5 shaping=51.5 sg_obs=-43.7 time=-0.5
Saved: /root/autodl-tmp/pursue_20260302/checkpoints/v3_iql_B/best.pth
Process SpawnProcess-2:
Process SpawnProcess-4:
Traceback (most recent call last):
Traceback (most recent call last):
  File "/root/miniconda3/lib/python3.12/multiprocessing/process.py", line 314, in _bootstrap
    self.run()
  File "/root/miniconda3/lib/python3.12/multiprocessing/process.py", line 108, in run
    self._target(*self._args, **self._kwargs)
  File "/root/autodl-tmp/pursue_20260302/training/vec_env.py", line 33, in _worker_fn
    cmd, data = conn.recv()
                ^^^^^^^^^^^
  File "/root/miniconda3/lib/python3.12/multiprocessing/connection.py", line 250, in recv
    buf = self._recv_bytes()
          ^^^^^^^^^^^^^^^^^^
  File "/root/miniconda3/lib/python3.12/multiprocessing/connection.py", line 430, in _recv_bytes
    buf = self._recv(4)
          ^^^^^^^^^^^^^
  File "/root/miniconda3/lib/python3.12/multiprocessing/connection.py", line 395, in _recv
    chunk = read(handle, remaining)
            ^^^^^^^^^^^^^^^^^^^^^^^
ConnectionResetError: [Errno 104] Connection reset by peer
  File "/root/miniconda3/lib/python3.12/multiprocessing/process.py", line 314, in _bootstrap
    self.run()
  File "/root/miniconda3/lib/python3.12/multiprocessing/process.py", line 108, in run
    self._target(*self._args, **self._kwargs)
  File "/root/autodl-tmp/pursue_20260302/training/vec_env.py", line 33, in _worker_fn
    cmd, data = conn.recv()
                ^^^^^^^^^^^
  File "/root/miniconda3/lib/python3.12/multiprocessing/connection.py", line 250, in recv
    buf = self._recv_bytes()
          ^^^^^^^^^^^^^^^^^^
  File "/root/miniconda3/lib/python3.12/multiprocessing/connection.py", line 430, in _recv_bytes
    buf = self._recv(4)
          ^^^^^^^^^^^^^
  File "/root/miniconda3/lib/python3.12/multiprocessing/connection.py", line 395, in _recv
    chunk = read(handle, remaining)
            ^^^^^^^^^^^^^^^^^^^^^^^
ConnectionResetError: [Errno 104] Connection reset by peer
Loaded V4 NN: obs_dim=8, act_dim=3, hidden=(64, 64)
Loaded V4 NN: obs_dim=8, act_dim=3, hidden=(64, 64)
Process SpawnProcess-1:
Traceback (most recent call last):
  File "/root/miniconda3/lib/python3.12/multiprocessing/process.py", line 314, in _bootstrap
    self.run()
  File "/root/miniconda3/lib/python3.12/multiprocessing/process.py", line 108, in run
    self._target(*self._args, **self._kwargs)
  File "/root/autodl-tmp/pursue_20260302/training/vec_env.py", line 72, in _worker_fn
    conn.send((obs, r, done, info))
  File "/root/miniconda3/lib/python3.12/multiprocessing/connection.py", line 206, in send
    self._send_bytes(_ForkingPickler.dumps(obj))
  File "/root/miniconda3/lib/python3.12/multiprocessing/connection.py", line 427, in _send_bytes
    self._send(header + buf)
  File "/root/miniconda3/lib/python3.12/multiprocessing/connection.py", line 384, in _send
    n = write(self._handle, buf)
        ^^^^^^^^^^^^^^^^^^^^^^^^
BrokenPipeError: [Errno 32] Broken pipe
Loaded V4 NN: obs_dim=8, act_dim=3, hidden=(64, 64)
Process SpawnProcess-3:
Traceback (most recent call last):
  File "/root/miniconda3/lib/python3.12/multiprocessing/process.py", line 314, in _bootstrap
    self.run()
  File "/root/miniconda3/lib/python3.12/multiprocessing/process.py", line 108, in run
    self._target(*self._args, **self._kwargs)
  File "/root/autodl-tmp/pursue_20260302/training/vec_env.py", line 72, in _worker_fn
    conn.send((obs, r, done, info))
  File "/root/miniconda3/lib/python3.12/multiprocessing/connection.py", line 206, in send
    self._send_bytes(_ForkingPickler.dumps(obj))
  File "/root/miniconda3/lib/python3.12/multiprocessing/connection.py", line 427, in _send_bytes
    self._send(header + buf)
  File "/root/miniconda3/lib/python3.12/multiprocessing/connection.py", line 384, in _send
    n = write(self._handle, buf)
        ^^^^^^^^^^^^^^^^^^^^^^^^
BrokenPipeError: [Errno 32] Broken pipe
Loaded V4 NN: obs_dim=8, act_dim=3, hidden=(64, 64)
Device: cuda
Creating SubprocVecEnv with 4 workers ...
Loaded V4 NN: obs_dim=8, act_dim=3, hidden=(64, 64)
/root/miniconda3/lib/python3.12/site-packages/gymnasium/spaces/box.py:236: UserWarning: [33mWARN: Box low's precision lowered by casting to float32, current low.dtype=float64[0m
  gym.logger.warn(
/root/miniconda3/lib/python3.12/site-packages/gymnasium/spaces/box.py:306: UserWarning: [33mWARN: Box high's precision lowered by casting to float32, current high.dtype=float64[0m
  gym.logger.warn(
Resumed from checkpoints/v3_iql_B/latest.pth (step=507904, update=63)
Online PPO: 244 updates, 2048 steps × 4 envs = 8192/update [reward-norm]
Reward params: {'R_catch': 200.0, 'R_fail': -50.0, 'alpha': 5.0, 'c_sg': 1.0, 'd_sg_safe': 1.5, 'c_path': 1.0, 'lam_time': 0.01}
/root/miniconda3/lib/python3.12/site-packages/gymnasium/spaces/box.py:236: UserWarning: [33mWARN: Box low's precision lowered by casting to float32, current low.dtype=float64[0m
  gym.logger.warn(
/root/miniconda3/lib/python3.12/site-packages/gymnasium/spaces/box.py:306: UserWarning: [33mWARN: Box high's precision lowered by casting to float32, current high.dtype=float64[0m
  gym.logger.warn(
/root/miniconda3/lib/python3.12/site-packages/gymnasium/spaces/box.py:236: UserWarning: [33mWARN: Box low's precision lowered by casting to float32, current low.dtype=float64[0m
  gym.logger.warn(
/root/miniconda3/lib/python3.12/site-packages/gymnasium/spaces/box.py:306: UserWarning: [33mWARN: Box high's precision lowered by casting to float32, current high.dtype=float64[0m
  gym.logger.warn(
/root/miniconda3/lib/python3.12/site-packages/gymnasium/spaces/box.py:236: UserWarning: [33mWARN: Box low's precision lowered by casting to float32, current low.dtype=float64[0m
  gym.logger.warn(
/root/miniconda3/lib/python3.12/site-packages/gymnasium/spaces/box.py:306: UserWarning: [33mWARN: Box high's precision lowered by casting to float32, current high.dtype=float64[0m
  gym.logger.warn(
/root/miniconda3/lib/python3.12/site-packages/gymnasium/spaces/box.py:236: UserWarning: [33mWARN: Box low's precision lowered by casting to float32, current low.dtype=float64[0m
  gym.logger.warn(
/root/miniconda3/lib/python3.12/site-packages/gymnasium/spaces/box.py:306: UserWarning: [33mWARN: Box high's precision lowered by casting to float32, current high.dtype=float64[0m
  gym.logger.warn(
  Update 63/244 | steps=516096 | ep_rew=165.8 | ep_len=59 | sr=82.22% | pi=-0.004 vf=4.8 ent=1.804 kl=0.000 clip=0.02 | beta=0.000 lr=2.3e-05 | FPS=49
    [Reward] event=160.4 shaping=49.0 sg_obs=-43.0 time=-0.6
    [Eval] rew=133.23±161.4  sr=75.00%  steps=57  cap_steps=36
    [Eval Reward] event=142.5 shaping=47.2 sg_obs=-55.9 time=-0.6
Saved: /root/autodl-tmp/pursue_20260302/checkpoints/v3_iql_B/best.pth
    [Eval] rew=197.41±91.3  sr=90.00%  steps=45  cap_steps=37
    [Eval Reward] event=180.0 shaping=49.2 sg_obs=-31.4 time=-0.5
Saved: /root/autodl-tmp/pursue_20260302/checkpoints/v3_iql_B/best.pth
Saved: /root/autodl-tmp/pursue_20260302/checkpoints/v3_iql_B/latest.pth
    [Eval] rew=112.03±156.8  sr=70.00%  steps=68  cap_steps=46
    [Eval Reward] event=135.0 shaping=41.0 sg_obs=-63.2 time=-0.7
  Update 70/244 | steps=573440 | ep_rew=119.2 | ep_len=69 | sr=76.51% | pi=-0.003 vf=5.3 ent=1.800 kl=0.000 clip=0.02 | beta=0.000 lr=2.2e-05 | FPS=42
    [Reward] event=130.3 shaping=47.7 sg_obs=-58.2 time=-0.7
    [Eval] rew=159.40±118.3  sr=80.00%  steps=67  cap_steps=54
    [Eval Reward] event=157.5 shaping=51.1 sg_obs=-48.5 time=-0.7
    [Eval] rew=141.34±134.9  sr=75.00%  steps=61  cap_steps=42
    [Eval Reward] event=142.5 shaping=49.4 sg_obs=-49.9 time=-0.6
Saved: /root/autodl-tmp/pursue_20260302/checkpoints/v3_iql_B/latest.pth
    [Eval] rew=168.02±125.5  sr=80.00%  steps=48  cap_steps=30
    [Eval Reward] event=157.5 shaping=45.0 sg_obs=-34.0 time=-0.5
    [Eval] rew=216.57±68.3  sr=95.00%  steps=43  cap_steps=39
    [Eval Reward] event=190.0 shaping=42.7 sg_obs=-15.7 time=-0.4
Saved: /root/autodl-tmp/pursue_20260302/checkpoints/v3_iql_B/best.pth
  Update 80/244 | steps=655360 | ep_rew=138.4 | ep_len=63 | sr=76.85% | pi=0.071 vf=5.5 ent=1.795 kl=0.000 clip=0.03 | beta=0.000 lr=2.1e-05 | FPS=44
    [Reward] event=144.8 shaping=47.2 sg_obs=-53.0 time=-0.6
Saved: /root/autodl-tmp/pursue_20260302/checkpoints/v3_iql_B/latest.pth
    [Eval] rew=206.96±95.2  sr=95.00%  steps=37  cap_steps=33
    [Eval Reward] event=187.5 shaping=41.6 sg_obs=-21.7 time=-0.4
    [Eval] rew=123.96±150.4  sr=70.00%  steps=75  cap_steps=56
    [Eval Reward] event=135.0 shaping=55.2 sg_obs=-65.5 time=-0.8
    [Eval] rew=141.61±152.1  sr=75.00%  steps=58  cap_steps=37
    [Eval Reward] event=142.5 shaping=44.7 sg_obs=-45.0 time=-0.6
Saved: /root/autodl-tmp/pursue_20260302/checkpoints/v3_iql_B/latest.pth
    [Eval] rew=175.95±103.9  sr=85.00%  steps=51  cap_steps=39
    [Eval Reward] event=167.5 shaping=44.9 sg_obs=-36.0 time=-0.5
  Update 90/244 | steps=737280 | ep_rew=158.3 | ep_len=64 | sr=77.27% | pi=-0.005 vf=5.0 ent=1.792 kl=0.000 clip=0.03 | beta=0.000 lr=1.9e-05 | FPS=45
    [Reward] event=155.2 shaping=47.9 sg_obs=-44.1 time=-0.6
    [Eval] rew=169.37±118.3  sr=80.00%  steps=62  cap_steps=47
    [Eval Reward] event=160.0 shaping=53.3 sg_obs=-43.3 time=-0.6
Saved: /root/autodl-tmp/pursue_20260302/checkpoints/v3_iql_B/latest.pth
    [Eval] rew=165.59±117.5  sr=80.00%  steps=56  cap_steps=40
    [Eval Reward] event=157.5 shaping=45.2 sg_obs=-36.5 time=-0.6
    [Eval] rew=196.50±85.9  sr=85.00%  steps=53  cap_steps=41
    [Eval Reward] event=170.0 shaping=44.4 sg_obs=-17.3 time=-0.5
    [Eval] rew=199.81±77.6  sr=95.00%  steps=52  cap_steps=48
    [Eval Reward] event=190.0 shaping=51.2 sg_obs=-40.8 time=-0.5
Saved: /root/autodl-tmp/pursue_20260302/checkpoints/v3_iql_B/latest.pth
  Update 100/244 | steps=819200 | ep_rew=144.7 | ep_len=66 | sr=77.81% | pi=-0.001 vf=4.6 ent=1.792 kl=0.000 clip=0.02 | beta=0.000 lr=1.8e-05 | FPS=45
    [Reward] event=141.9 shaping=49.3 sg_obs=-45.8 time=-0.7
    [Eval] rew=197.30±94.1  sr=95.00%  steps=52  cap_steps=48
    [Eval Reward] event=187.5 shaping=48.4 sg_obs=-38.1 time=-0.5
    [Eval] rew=166.36±133.8  sr=80.00%  steps=53  cap_steps=36
    [Eval Reward] event=157.5 shaping=46.2 sg_obs=-36.8 time=-0.5
Saved: /root/autodl-tmp/pursue_20260302/checkpoints/v3_iql_B/latest.pth
    [Eval] rew=145.48±131.8  sr=75.00%  steps=64  cap_steps=45
    [Eval Reward] event=145.0 shaping=46.9 sg_obs=-45.7 time=-0.6
    [Eval] rew=218.09±53.2  sr=95.00%  steps=39  cap_steps=35
    [Eval Reward] event=190.0 shaping=43.2 sg_obs=-14.7 time=-0.4
  Update 110/244 | steps=901120 | ep_rew=145.7 | ep_len=66 | sr=78.16% | pi=-0.000 vf=4.7 ent=1.788 kl=0.000 clip=0.02 | beta=0.000 lr=1.7e-05 | FPS=45
    [Reward] event=148.4 shaping=48.0 sg_obs=-50.0 time=-0.7
    [Eval] rew=193.46±95.9  sr=90.00%  steps=42  cap_steps=33
    [Eval Reward] event=180.0 shaping=42.7 sg_obs=-28.8 time=-0.4
Saved: /root/autodl-tmp/pursue_20260302/checkpoints/v3_iql_B/latest.pth
    [Eval] rew=182.20±92.5  sr=85.00%  steps=55  cap_steps=43
    [Eval Reward] event=170.0 shaping=45.5 sg_obs=-32.7 time=-0.5
    [Eval] rew=197.01±93.5  sr=90.00%  steps=46  cap_steps=38
    [Eval Reward] event=180.0 shaping=43.0 sg_obs=-25.5 time=-0.5
Saved: /root/autodl-tmp/pursue_20260302/checkpoints/v3_iql_B/latest.pth
    [Eval] rew=164.40±128.5  sr=80.00%  steps=54  cap_steps=37
    [Eval Reward] event=155.0 shaping=43.4 sg_obs=-33.4 time=-0.5
  Update 120/244 | steps=983040 | ep_rew=167.1 | ep_len=59 | sr=78.15% | pi=-0.002 vf=4.8 ent=1.787 kl=0.000 clip=0.01 | beta=0.000 lr=1.6e-05 | FPS=45
    [Reward] event=155.4 shaping=47.0 sg_obs=-34.8 time=-0.6
    [Eval] rew=145.02±119.0  sr=70.00%  steps=68  cap_steps=46
    [Eval Reward] event=137.5 shaping=47.1 sg_obs=-38.9 time=-0.7
    [Eval] rew=219.38±64.5  sr=95.00%  steps=40  cap_steps=36
    [Eval Reward] event=190.0 shaping=46.5 sg_obs=-16.7 time=-0.4
Saved: /root/autodl-tmp/pursue_20260302/checkpoints/v3_iql_B/latest.pth
    [Eval] rew=211.48±35.8  sr=100.00%  steps=54  cap_steps=54
    [Eval Reward] event=200.0 shaping=47.6 sg_obs=-35.5 time=-0.5
Saved: /root/autodl-tmp/pursue_20260302/checkpoints/v3_iql_B/best.pth
    [Eval] rew=178.11±99.2  sr=80.00%  steps=63  cap_steps=49
    [Eval Reward] event=157.5 shaping=39.4 sg_obs=-18.1 time=-0.6
Saved: /root/autodl-tmp/pursue_20260302/checkpoints/v3_iql_B/latest.pth
  Update 130/244 | steps=1064960 | ep_rew=147.6 | ep_len=62 | sr=78.22% | pi=0.004 vf=4.8 ent=1.784 kl=0.000 clip=0.02 | beta=0.000 lr=1.5e-05 | FPS=45
    [Reward] event=147.3 shaping=47.9 sg_obs=-47.0 time=-0.6
    [Eval] rew=208.03±75.7  sr=95.00%  steps=40  cap_steps=36
    [Eval Reward] event=190.0 shaping=40.6 sg_obs=-22.2 time=-0.4
    [Eval] rew=179.92±115.8  sr=85.00%  steps=62  cap_steps=51
    [Eval Reward] event=167.5 shaping=50.2 sg_obs=-37.2 time=-0.6
    [Eval] rew=181.58±111.4  sr=85.00%  steps=58  cap_steps=47
    [Eval Reward] event=170.0 shaping=47.7 sg_obs=-35.6 time=-0.6
Saved: /root/autodl-tmp/pursue_20260302/checkpoints/v3_iql_B/latest.pth
    [Eval] rew=218.33±50.7  sr=95.00%  steps=45  cap_steps=41
    [Eval Reward] event=190.0 shaping=43.6 sg_obs=-14.8 time=-0.5
  Update 140/244 | steps=1146880 | ep_rew=162.3 | ep_len=66 | sr=78.50% | pi=-0.003 vf=4.5 ent=1.783 kl=0.000 clip=0.02 | beta=0.000 lr=1.3e-05 | FPS=44
    [Reward] event=154.6 shaping=50.5 sg_obs=-42.1 time=-0.7
    [Eval] rew=187.17±116.6  sr=90.00%  steps=61  cap_steps=54
    [Eval Reward] event=177.5 shaping=52.8 sg_obs=-42.5 time=-0.6
Saved: /root/autodl-tmp/pursue_20260302/checkpoints/v3_iql_B/latest.pth
    [Eval] rew=220.35±49.2  sr=95.00%  steps=44  cap_steps=40
    [Eval Reward] event=190.0 shaping=47.0 sg_obs=-16.2 time=-0.4
    [Eval] rew=146.19±140.8  sr=70.00%  steps=61  cap_steps=36
    [Eval Reward] event=137.5 shaping=47.7 sg_obs=-38.4 time=-0.6
    [Eval] rew=217.79±28.6  sr=100.00%  steps=48  cap_steps=48
    [Eval Reward] event=200.0 shaping=44.6 sg_obs=-26.4 time=-0.5
Saved: /root/autodl-tmp/pursue_20260302/checkpoints/v3_iql_B/latest.pth
    [Eval] rew=217.19±54.4  sr=95.00%  steps=51  cap_steps=47
    [Eval Reward] event=190.0 shaping=47.9 sg_obs=-20.2 time=-0.5
  Update 150/244 | steps=1228800 | ep_rew=165.7 | ep_len=57 | sr=78.79% | pi=0.006 vf=4.6 ent=1.783 kl=0.000 clip=0.02 | beta=0.000 lr=1.2e-05 | FPS=44
    [Reward] event=155.0 shaping=47.2 sg_obs=-35.8 time=-0.6
    [Eval] rew=185.06±117.5  sr=85.00%  steps=52  cap_steps=41
    [Eval Reward] event=167.5 shaping=43.7 sg_obs=-25.6 time=-0.5
Saved: /root/autodl-tmp/pursue_20260302/checkpoints/v3_iql_B/latest.pth
    [Eval] rew=212.56±75.5  sr=95.00%  steps=43  cap_steps=39
    [Eval Reward] event=187.5 shaping=46.1 sg_obs=-20.6 time=-0.4
    [Eval] rew=229.41±20.2  sr=100.00%  steps=42  cap_steps=42
    [Eval Reward] event=200.0 shaping=47.7 sg_obs=-17.9 time=-0.4
    [Eval] rew=207.43±103.8  sr=95.00%  steps=38  cap_steps=33
    [Eval Reward] event=187.5 shaping=42.4 sg_obs=-22.1 time=-0.4
Saved: /root/autodl-tmp/pursue_20260302/checkpoints/v3_iql_B/latest.pth
  Update 160/244 | steps=1310720 | ep_rew=172.9 | ep_len=57 | sr=79.14% | pi=0.004 vf=4.7 ent=1.784 kl=0.000 clip=0.02 | beta=0.000 lr=1.1e-05 | FPS=44
    [Reward] event=163.9 shaping=48.0 sg_obs=-38.5 time=-0.6
    [Eval] rew=170.14±135.5  sr=85.00%  steps=54  cap_steps=43
    [Eval Reward] event=165.0 shaping=47.0 sg_obs=-41.3 time=-0.5
    [Eval] rew=187.10±108.9  sr=90.00%  steps=46  cap_steps=38
    [Eval Reward] event=177.5 shaping=43.8 sg_obs=-33.8 time=-0.5
Saved: /root/autodl-tmp/pursue_20260302/checkpoints/v3_iql_B/latest.pth
    [Eval] rew=189.18±108.1  sr=90.00%  steps=53  cap_steps=46
    [Eval Reward] event=177.5 shaping=47.1 sg_obs=-34.9 time=-0.5
    [Eval] rew=185.36±95.9  sr=85.00%  steps=59  cap_steps=49
    [Eval Reward] event=170.0 shaping=48.5 sg_obs=-32.5 time=-0.6
  Update 170/244 | steps=1392640 | ep_rew=168.8 | ep_len=62 | sr=79.33% | pi=-0.000 vf=4.2 ent=1.782 kl=0.000 clip=0.02 | beta=0.000 lr=9.9e-06 | FPS=44
    [Reward] event=160.5 shaping=47.7 sg_obs=-38.8 time=-0.6
    [Eval] rew=171.75±137.2  sr=85.00%  steps=50  cap_steps=38
    [Eval Reward] event=165.0 shaping=44.4 sg_obs=-37.2 time=-0.5
Saved: /root/autodl-tmp/pursue_20260302/checkpoints/v3_iql_B/latest.pth
    [Eval] rew=206.78±100.5  sr=95.00%  steps=40  cap_steps=36
    [Eval Reward] event=187.5 shaping=45.3 sg_obs=-25.6 time=-0.4
    [Eval] rew=162.55±116.8  sr=80.00%  steps=60  cap_steps=44
    [Eval Reward] event=160.0 shaping=49.4 sg_obs=-46.2 time=-0.6
Saved: /root/autodl-tmp/pursue_20260302/checkpoints/v3_iql_B/latest.pth
    [Eval] rew=179.20±101.3  sr=80.00%  steps=58  cap_steps=42
    [Eval Reward] event=160.0 shaping=48.4 sg_obs=-28.6 time=-0.6
  Update 180/244 | steps=1474560 | ep_rew=178.8 | ep_len=63 | sr=79.33% | pi=-0.000 vf=4.2 ent=1.783 kl=0.000 clip=0.01 | beta=0.000 lr=8.7e-06 | FPS=44
    [Reward] event=163.1 shaping=50.6 sg_obs=-34.2 time=-0.6
    [Eval] rew=206.92±73.4  sr=90.00%  steps=50  cap_steps=42
    [Eval Reward] event=180.0 shaping=50.6 sg_obs=-23.1 time=-0.5
    [Eval] rew=188.38±105.3  sr=85.00%  steps=54  cap_steps=42
    [Eval Reward] event=167.5 shaping=47.4 sg_obs=-26.0 time=-0.5
Saved: /root/autodl-tmp/pursue_20260302/checkpoints/v3_iql_B/latest.pth
    [Eval] rew=140.17±150.3  sr=75.00%  steps=60  cap_steps=40
    [Eval Reward] event=145.0 shaping=49.1 sg_obs=-53.3 time=-0.6
    [Eval] rew=194.55±77.3  sr=85.00%  steps=53  cap_steps=42
    [Eval Reward] event=170.0 shaping=41.3 sg_obs=-16.2 time=-0.5
  Update 190/244 | steps=1556480 | ep_rew=177.7 | ep_len=55 | sr=79.42% | pi=-0.002 vf=4.3 ent=1.784 kl=0.000 clip=0.01 | beta=0.000 lr=7.5e-06 | FPS=44
    [Reward] event=163.6 shaping=45.3 sg_obs=-30.6 time=-0.5
Saved: /root/autodl-tmp/pursue_20260302/checkpoints/v3_iql_B/latest.pth
    [Eval] rew=200.47±73.7  sr=90.00%  steps=58  cap_steps=51
    [Eval Reward] event=180.0 shaping=47.8 sg_obs=-26.7 time=-0.6
    [Eval] rew=149.31±152.8  sr=80.00%  steps=52  cap_steps=35
    [Eval Reward] event=155.0 shaping=42.1 sg_obs=-47.2 time=-0.5
    [Eval] rew=211.13±46.7  sr=95.00%  steps=60  cap_steps=57
    [Eval Reward] event=190.0 shaping=53.2 sg_obs=-31.4 time=-0.6
Saved: /root/autodl-tmp/pursue_20260302/checkpoints/v3_iql_B/latest.pth
    [Eval] rew=134.28±146.0  sr=70.00%  steps=72  cap_steps=51
    [Eval Reward] event=135.0 shaping=51.2 sg_obs=-51.2 time=-0.7
  Update 200/244 | steps=1638400 | ep_rew=154.2 | ep_len=63 | sr=79.49% | pi=-0.000 vf=4.2 ent=1.785 kl=0.000 clip=0.01 | beta=0.000 lr=6.3e-06 | FPS=44
    [Reward] event=150.8 shaping=46.4 sg_obs=-42.3 time=-0.6
    [Eval] rew=204.57±74.0  sr=90.00%  steps=57  cap_steps=50
    [Eval Reward] event=180.0 shaping=50.9 sg_obs=-25.8 time=-0.6
Saved: /root/autodl-tmp/pursue_20260302/checkpoints/v3_iql_B/latest.pth
    [Eval] rew=159.24±130.8  sr=75.00%  steps=66  cap_steps=47
    [Eval Reward] event=145.0 shaping=50.2 sg_obs=-35.3 time=-0.7
    [Eval] rew=196.93±76.1  sr=90.00%  steps=52  cap_steps=45
    [Eval Reward] event=180.0 shaping=47.5 sg_obs=-30.0 time=-0.5
    [Eval] rew=168.57±95.2  sr=80.00%  steps=64  cap_steps=50
    [Eval Reward] event=160.0 shaping=48.1 sg_obs=-38.9 time=-0.6
Saved: /root/autodl-tmp/pursue_20260302/checkpoints/v3_iql_B/latest.pth
  Update 210/244 | steps=1720320 | ep_rew=158.5 | ep_len=64 | sr=79.60% | pi=0.001 vf=4.4 ent=1.784 kl=0.000 clip=0.01 | beta=0.000 lr=5.2e-06 | FPS=44
    [Reward] event=154.4 shaping=52.6 sg_obs=-47.8 time=-0.6
    [Eval] rew=178.21±101.4  sr=80.00%  steps=56  cap_steps=40
    [Eval Reward] event=157.5 shaping=46.6 sg_obs=-25.3 time=-0.6
    [Eval] rew=208.79±74.5  sr=90.00%  steps=46  cap_steps=38
    [Eval Reward] event=180.0 shaping=44.0 sg_obs=-14.7 time=-0.5
Saved: /root/autodl-tmp/pursue_20260302/checkpoints/v3_iql_B/latest.pth
    [Eval] rew=224.04±55.3  sr=95.00%  steps=57  cap_steps=53
    [Eval Reward] event=190.0 shaping=49.5 sg_obs=-14.9 time=-0.6
    [Eval] rew=178.86±113.2  sr=80.00%  steps=50  cap_steps=33
    [Eval Reward] event=160.0 shaping=40.6 sg_obs=-21.2 time=-0.5
  Update 220/244 | steps=1802240 | ep_rew=158.4 | ep_len=60 | sr=79.59% | pi=0.001 vf=4.3 ent=1.785 kl=0.000 clip=0.00 | beta=0.000 lr=4.0e-06 | FPS=44
    [Reward] event=151.1 shaping=45.8 sg_obs=-37.9 time=-0.6
    [Eval] rew=185.27±97.6  sr=90.00%  steps=52  cap_steps=45
    [Eval Reward] event=180.0 shaping=44.8 sg_obs=-39.0 time=-0.5
Saved: /root/autodl-tmp/pursue_20260302/checkpoints/v3_iql_B/latest.pth
    [Eval] rew=181.27±118.3  sr=85.00%  steps=56  cap_steps=45
    [Eval Reward] event=167.5 shaping=47.7 sg_obs=-33.4 time=-0.6
    [Eval] rew=182.44±123.4  sr=85.00%  steps=56  cap_steps=44
    [Eval Reward] event=167.5 shaping=43.8 sg_obs=-28.3 time=-0.6
Saved: /root/autodl-tmp/pursue_20260302/checkpoints/v3_iql_B/latest.pth
    [Eval] rew=115.08±143.1  sr=65.00%  steps=74  cap_steps=49
    [Eval Reward] event=127.5 shaping=52.5 sg_obs=-64.2 time=-0.7
  Update 230/244 | steps=1884160 | ep_rew=174.1 | ep_len=59 | sr=79.71% | pi=-0.001 vf=4.1 ent=1.785 kl=0.000 clip=0.01 | beta=0.000 lr=2.8e-06 | FPS=44
    [Reward] event=164.0 shaping=48.0 sg_obs=-37.2 time=-0.6
    [Eval] rew=168.54±117.9  sr=85.00%  steps=59  cap_steps=48
    [Eval Reward] event=167.5 shaping=50.1 sg_obs=-48.5 time=-0.6
    [Eval] rew=173.45±128.5  sr=85.00%  steps=53  cap_steps=42
    [Eval Reward] event=167.5 shaping=48.2 sg_obs=-41.7 time=-0.5
Saved: /root/autodl-tmp/pursue_20260302/checkpoints/v3_iql_B/latest.pth
    [Eval] rew=182.32±101.0  sr=80.00%  steps=61  cap_steps=46
    [Eval Reward] event=160.0 shaping=44.2 sg_obs=-21.3 time=-0.6
    [Eval] rew=198.96±83.4  sr=85.00%  steps=48  cap_steps=35
    [Eval Reward] event=170.0 shaping=46.5 sg_obs=-17.1 time=-0.5
Saved: /root/autodl-tmp/pursue_20260302/checkpoints/v3_iql_B/latest.pth
  Update 240/244 | steps=1966080 | ep_rew=167.6 | ep_len=58 | sr=79.80% | pi=-0.001 vf=4.3 ent=1.785 kl=0.000 clip=0.00 | beta=0.000 lr=1.6e-06 | FPS=44
    [Reward] event=158.0 shaping=45.6 sg_obs=-35.3 time=-0.6
    [Eval] rew=208.48±69.6  sr=90.00%  steps=47  cap_steps=38
    [Eval Reward] event=180.0 shaping=43.5 sg_obs=-14.5 time=-0.5
    [Eval] rew=195.24±89.7  sr=85.00%  steps=52  cap_steps=40
    [Eval Reward] event=170.0 shaping=46.2 sg_obs=-20.5 time=-0.5
Saved: /root/autodl-tmp/pursue_20260302/checkpoints/v3_iql_B/final.pth
Saved: /root/autodl-tmp/pursue_20260302/visualization/logs/v3_iql_B/online_ppo_curves.png
Loaded V4 NN: obs_dim=8, act_dim=3, hidden=(64, 64)
Loaded V4 NN: obs_dim=8, act_dim=3, hidden=(64, 64)
Loaded V4 NN: obs_dim=8, act_dim=3, hidden=(64, 64)
Loaded V4 NN: obs_dim=8, act_dim=3, hidden=(64, 64)
Online PPO fine-tuning done.
