======================================================================
 Continuous 2D Pursuit-Evasion on cuda
 High-level action: Box([-1,1]^2) relative waypoint
 Collision model: soft projection without rebound
======================================================================

[1] Baselines
  Direct Pursuit               capture=0.040 (4/100) mean_len=96.7
  Intercept                    capture=0.010 (1/100) mean_len=99.2
  Terrain-aware Intercept      capture=0.160 (16/100) mean_len=87.7
  Saved -> high_tabular/xx_continuous_smoke.png
  Saved -> high_tabular/xx_continuous_smoke.gif

[2] PPO Training
  update=  10 train_cap=0.000 step_rew=-17.193 ep_ret=-850.0 ep_len= 51.4
    reward_parts: cap=-1.69 close=-3.83 int=-9.98 terrain=-0.50 edge=-0.03 energy=-0.06 time=-0.35
  update=  20 train_cap=0.000 step_rew=-20.528 ep_ret=-655.0 ep_len= 34.9
    reward_parts: cap=-2.03 close=-4.60 int=-9.72 terrain=-0.54 edge=-0.03 energy=-0.06 time=-0.35
    greedy_eval: cap=0.000 ret=-488.4 len=18.6
  update=  30 train_cap=0.000 step_rew=-21.918 ep_ret=-561.5 ep_len= 26.4
    reward_parts: cap=-2.62 close=-5.98 int=-9.33 terrain=-0.64 edge=-0.03 energy=-0.06 time=-0.35
  update=  40 train_cap=0.000 step_rew=-25.847 ep_ret=-510.4 ep_len= 20.9
    reward_parts: cap=-3.47 close=-8.00 int=-8.87 terrain=-0.82 edge=-0.04 energy=-0.05 time=-0.35
  update=  50 train_cap=0.000 step_rew=-24.758 ep_ret=-504.2 ep_len= 20.8
    reward_parts: cap=-4.00 close=-9.27 int=-8.64 terrain=-0.93 edge=-0.05 energy=-0.04 time=-0.35
    greedy_eval: cap=0.000 ret=-470.2 len=16.9
  update=  60 train_cap=0.000 step_rew=-24.537 ep_ret=-492.3 ep_len= 19.8
    reward_parts: cap=-4.33 close=-10.03 int=-8.47 terrain=-0.99 edge=-0.05 energy=-0.03 time=-0.35
  update=  70 train_cap=0.000 step_rew=-24.508 ep_ret=-496.3 ep_len= 20.7
    reward_parts: cap=-4.45 close=-10.31 int=-8.36 terrain=-1.00 edge=-0.05 energy=-0.03 time=-0.35
    greedy_eval: cap=0.000 ret=-473.1 len=17.3
  update=  80 train_cap=0.000 step_rew=-25.495 ep_ret=-487.1 ep_len= 19.9
    reward_parts: cap=-4.50 close=-10.44 int=-8.29 terrain=-0.97 edge=-0.05 energy=-0.03 time=-0.35
  update=  90 train_cap=0.005 step_rew=-23.664 ep_ret=-488.3 ep_len= 20.0
    reward_parts: cap=-4.46 close=-10.35 int=-8.21 terrain=-0.94 edge=-0.05 energy=-0.02 time=-0.35
  update= 100 train_cap=0.020 step_rew=-24.756 ep_ret=-471.1 ep_len= 19.6
    reward_parts: cap=-4.29 close=-10.18 int=-8.09 terrain=-0.92 edge=-0.05 energy=-0.02 time=-0.35
    greedy_eval: cap=0.025 ret=-451.3 len=17.1
  update= 110 train_cap=0.010 step_rew=-23.776 ep_ret=-479.9 ep_len= 20.4
    reward_parts: cap=-4.18 close=-10.06 int=-7.96 terrain=-0.90 edge=-0.05 energy=-0.02 time=-0.35
  update= 120 train_cap=0.025 step_rew=-22.576 ep_ret=-475.9 ep_len= 21.7
    reward_parts: cap=-4.07 close=-9.89 int=-7.85 terrain=-0.89 edge=-0.05 energy=-0.02 time=-0.35
    greedy_eval: cap=0.025 ret=-452.6 len=17.5
  update= 130 train_cap=0.045 step_rew=-24.896 ep_ret=-451.7 ep_len= 20.0
    reward_parts: cap=-4.00 close=-9.82 int=-7.81 terrain=-0.89 edge=-0.05 energy=-0.02 time=-0.35
  update= 140 train_cap=0.020 step_rew=-23.403 ep_ret=-473.2 ep_len= 19.7
    reward_parts: cap=-3.97 close=-9.85 int=-7.81 terrain=-0.90 edge=-0.05 energy=-0.02 time=-0.35
  update= 150 train_cap=0.020 step_rew=-24.482 ep_ret=-468.6 ep_len= 19.8
    reward_parts: cap=-3.98 close=-9.91 int=-7.79 terrain=-0.92 edge=-0.05 energy=-0.02 time=-0.35
    greedy_eval: cap=0.000 ret=-471.8 len=17.9
  update= 160 train_cap=0.025 step_rew=-22.875 ep_ret=-470.7 ep_len= 20.7
    reward_parts: cap=-4.01 close=-9.90 int=-7.80 terrain=-0.91 edge=-0.05 energy=-0.02 time=-0.35
  update= 170 train_cap=0.035 step_rew=-22.828 ep_ret=-465.9 ep_len= 21.1
    reward_parts: cap=-4.05 close=-9.92 int=-7.79 terrain=-0.92 edge=-0.05 energy=-0.02 time=-0.35
    greedy_eval: cap=0.025 ret=-449.8 len=17.2
  update= 180 train_cap=0.035 step_rew=-25.186 ep_ret=-459.5 ep_len= 20.4
    reward_parts: cap=-4.03 close=-9.92 int=-7.78 terrain=-0.91 edge=-0.05 energy=-0.02 time=-0.35
  update= 190 train_cap=0.035 step_rew=-23.113 ep_ret=-459.5 ep_len= 19.3
    reward_parts: cap=-3.95 close=-9.86 int=-7.75 terrain=-0.90 edge=-0.05 energy=-0.02 time=-0.35
  update= 200 train_cap=0.020 step_rew=-22.875 ep_ret=-469.6 ep_len= 20.4
    reward_parts: cap=-3.91 close=-9.74 int=-7.68 terrain=-0.90 edge=-0.05 energy=-0.02 time=-0.35
    greedy_eval: cap=0.025 ret=-451.0 len=18.1
  update= 210 train_cap=0.040 step_rew=-22.480 ep_ret=-456.6 ep_len= 20.1
    reward_parts: cap=-3.84 close=-9.67 int=-7.64 terrain=-0.90 edge=-0.05 energy=-0.02 time=-0.35
  update= 220 train_cap=0.055 step_rew=-22.122 ep_ret=-452.5 ep_len= 21.5
    reward_parts: cap=-3.83 close=-9.65 int=-7.62 terrain=-0.90 edge=-0.05 energy=-0.02 time=-0.35
    greedy_eval: cap=0.000 ret=-466.9 len=18.2
  update= 230 train_cap=0.035 step_rew=-24.396 ep_ret=-460.5 ep_len= 20.8
    reward_parts: cap=-3.74 close=-9.61 int=-7.61 terrain=-0.90 edge=-0.05 energy=-0.03 time=-0.35
  update= 240 train_cap=0.010 step_rew=-23.452 ep_ret=-477.6 ep_len= 19.5
    reward_parts: cap=-3.85 close=-9.69 int=-7.65 terrain=-0.90 edge=-0.05 energy=-0.03 time=-0.35
  update= 250 train_cap=0.030 step_rew=-23.779 ep_ret=-461.3 ep_len= 20.0
    reward_parts: cap=-3.99 close=-9.77 int=-7.66 terrain=-0.90 edge=-0.05 energy=-0.03 time=-0.35
    greedy_eval: cap=0.000 ret=-468.7 len=18.4
  update= 260 train_cap=0.055 step_rew=-20.953 ep_ret=-448.0 ep_len= 20.5
    reward_parts: cap=-3.80 close=-9.62 int=-7.61 terrain=-0.89 edge=-0.05 energy=-0.03 time=-0.35
  update= 270 train_cap=0.060 step_rew=-20.904 ep_ret=-448.5 ep_len= 21.4
    reward_parts: cap=-3.61 close=-9.48 int=-7.56 terrain=-0.89 edge=-0.05 energy=-0.03 time=-0.35
    greedy_eval: cap=0.050 ret=-433.8 len=18.1
  update= 280 train_cap=0.080 step_rew=-22.516 ep_ret=-432.1 ep_len= 21.2
    reward_parts: cap=-3.50 close=-9.24 int=-7.48 terrain=-0.87 edge=-0.05 energy=-0.03 time=-0.35
  update= 290 train_cap=0.040 step_rew=-22.262 ep_ret=-460.2 ep_len= 19.9
    reward_parts: cap=-3.42 close=-9.13 int=-7.46 terrain=-0.87 edge=-0.05 energy=-0.03 time=-0.35
  update= 300 train_cap=0.045 step_rew=-21.564 ep_ret=-454.3 ep_len= 20.7
    reward_parts: cap=-3.30 close=-9.06 int=-7.46 terrain=-0.87 edge=-0.05 energy=-0.03 time=-0.35
    greedy_eval: cap=0.075 ret=-417.1 len=17.4
  update= 310 train_cap=0.090 step_rew=-21.563 ep_ret=-422.9 ep_len= 19.9
    reward_parts: cap=-3.27 close=-9.17 int=-7.50 terrain=-0.88 edge=-0.05 energy=-0.03 time=-0.35
  update= 320 train_cap=0.070 step_rew=-21.264 ep_ret=-440.3 ep_len= 20.9
    reward_parts: cap=-3.36 close=-9.30 int=-7.53 terrain=-0.89 edge=-0.05 energy=-0.03 time=-0.35
    greedy_eval: cap=0.075 ret=-415.8 len=17.1
  update= 330 train_cap=0.060 step_rew=-23.635 ep_ret=-440.5 ep_len= 20.1
    reward_parts: cap=-3.44 close=-9.42 int=-7.57 terrain=-0.90 edge=-0.05 energy=-0.03 time=-0.35
  update= 340 train_cap=0.040 step_rew=-22.531 ep_ret=-454.1 ep_len= 19.3
    reward_parts: cap=-3.56 close=-9.52 int=-7.57 terrain=-0.91 edge=-0.05 energy=-0.03 time=-0.35
  update= 350 train_cap=0.045 step_rew=-23.200 ep_ret=-447.1 ep_len= 19.2
    reward_parts: cap=-3.65 close=-9.61 int=-7.57 terrain=-0.91 edge=-0.05 energy=-0.03 time=-0.35
    greedy_eval: cap=0.025 ret=-448.9 len=17.9
  update= 360 train_cap=0.065 step_rew=-21.330 ep_ret=-437.6 ep_len= 19.8
    reward_parts: cap=-3.62 close=-9.62 int=-7.56 terrain=-0.92 edge=-0.05 energy=-0.02 time=-0.35
  update= 370 train_cap=0.085 step_rew=-20.911 ep_ret=-428.1 ep_len= 20.7
    reward_parts: cap=-3.60 close=-9.58 int=-7.55 terrain=-0.90 edge=-0.05 energy=-0.02 time=-0.35
    greedy_eval: cap=0.025 ret=-450.9 len=18.4
  update= 380 train_cap=0.090 step_rew=-23.609 ep_ret=-421.0 ep_len= 20.2
    reward_parts: cap=-3.44 close=-9.44 int=-7.51 terrain=-0.90 edge=-0.05 energy=-0.03 time=-0.35
  update= 390 train_cap=0.005 step_rew=-18.344 ep_ret=-601.0 ep_len= 33.7
    reward_parts: cap=-3.11 close=-8.37 int=-7.64 terrain=-0.80 edge=-0.04 energy=-0.03 time=-0.35
  update= 400 train_cap=0.010 step_rew=-20.454 ep_ret=-513.4 ep_len= 25.9
    reward_parts: cap=-3.12 close=-7.78 int=-7.69 terrain=-0.76 edge=-0.04 energy=-0.04 time=-0.35
    greedy_eval: cap=0.050 ret=-434.2 len=19.1
  update= 410 train_cap=0.020 step_rew=-20.438 ep_ret=-494.3 ep_len= 24.0
    reward_parts: cap=-3.26 close=-7.72 int=-7.58 terrain=-0.75 edge=-0.04 energy=-0.04 time=-0.35
  update= 420 train_cap=0.030 step_rew=-19.850 ep_ret=-481.0 ep_len= 23.4
    reward_parts: cap=-3.42 close=-8.35 int=-7.35 terrain=-0.79 edge=-0.04 energy=-0.04 time=-0.35
    greedy_eval: cap=0.050 ret=-430.6 len=18.5
  update= 430 train_cap=0.065 step_rew=-21.005 ep_ret=-451.3 ep_len= 23.7
    reward_parts: cap=-3.24 close=-8.32 int=-7.19 terrain=-0.78 edge=-0.04 energy=-0.04 time=-0.35
  update= 440 train_cap=0.040 step_rew=-21.443 ep_ret=-461.1 ep_len= 21.6
    reward_parts: cap=-3.13 close=-8.30 int=-7.07 terrain=-0.78 edge=-0.04 energy=-0.04 time=-0.35
  update= 450 train_cap=0.095 step_rew=-16.905 ep_ret=-422.9 ep_len= 22.4
    reward_parts: cap=-2.98 close=-8.26 int=-6.97 terrain=-0.78 edge=-0.04 energy=-0.04 time=-0.35
    greedy_eval: cap=0.150 ret=-358.0 len=17.5
  update= 460 train_cap=0.125 step_rew=-17.801 ep_ret=-401.5 ep_len= 21.9
    reward_parts: cap=-2.71 close=-8.15 int=-6.88 terrain=-0.79 edge=-0.04 energy=-0.04 time=-0.35
  update= 470 train_cap=0.185 step_rew=-12.767 ep_ret=-368.7 ep_len= 23.6
    reward_parts: cap=-2.26 close=-7.72 int=-6.70 terrain=-0.78 edge=-0.04 energy=-0.04 time=-0.35
    greedy_eval: cap=0.150 ret=-360.0 len=17.9
  update= 480 train_cap=0.175 step_rew=-20.042 ep_ret=-367.1 ep_len= 22.1
    reward_parts: cap=-1.97 close=-7.52 int=-6.68 terrain=-0.76 edge=-0.04 energy=-0.04 time=-0.35
  update= 490 train_cap=0.190 step_rew=-15.847 ep_ret=-361.5 ep_len= 21.8
    reward_parts: cap=-1.55 close=-7.18 int=-6.61 terrain=-0.75 edge=-0.05 energy=-0.04 time=-0.35
  update= 500 train_cap=0.215 step_rew=-16.333 ep_ret=-343.8 ep_len= 22.1
    reward_parts: cap=-1.25 close=-6.95 int=-6.60 terrain=-0.75 edge=-0.05 energy=-0.04 time=-0.35
    greedy_eval: cap=0.225 ret=-312.3 len=17.7
  Saved -> high_tabular/xx_continuous_redesign_u500_training_curves.png

[3] Greedy Evaluation
  PPO (greedy)                 capture=0.360 (36/100) mean_len=22.1
  Saved -> high_tabular/xx_continuous_redesign_u500_ppo.png
  Saved -> high_tabular/xx_continuous_redesign_u500_ppo.gif

Done.
