nohup: ignoring input
[2026-04-22 20:38:36] ============================================
[2026-04-22 20:38:36]  V5 Watchdog: resume→2M with auto-restart
[2026-04-22 20:38:36] ============================================
[2026-04-22 20:38:36] 
[2026-04-22 20:38:36] === Attempt 1 / 30 ===
[2026-04-22 20:38:37]   v5_bppo_A: step=753664 / 2000000
[2026-04-22 20:38:37]     -> launched PID=5580
[2026-04-22 20:38:39]   v5_bppo_B: step=753664 / 2000000
[2026-04-22 20:38:39]     -> launched PID=5849
[2026-04-22 20:38:41]   v5_iql_A: step=753664 / 2000000
[2026-04-22 20:38:41]     -> launched PID=7657
[2026-04-22 20:38:44]   v5_iql_B: step=753664 / 2000000
[2026-04-22 20:38:44]     -> launched PID=9495
[2026-04-22 20:38:46]   v5_td3bc_A: step=753664 / 2000000
[2026-04-22 20:38:46]     -> launched PID=11318
[2026-04-22 20:38:49]   v5_td3bc_B: step=753664 / 2000000
[2026-04-22 20:38:49]     -> launched PID=13154
[2026-04-22 20:38:49] 等待 6 个进程...
nohup: ignoring input
[2026-04-22 22:27:37] ============================================
[2026-04-22 22:27:37]  V5 Watchdog: resume→2M with auto-restart
[2026-04-22 22:27:37] ============================================
[2026-04-22 22:27:37] 
[2026-04-22 22:27:37] === Attempt 1 / 30 ===
[2026-04-22 22:27:38]   v5_bppo_A: step=1056768 / 2000000
[2026-04-22 22:27:38]     -> launched PID=5760
[2026-04-22 22:27:40]   v5_bppo_B: step=1056768 / 2000000
[2026-04-22 22:27:40]     -> launched PID=6032
[2026-04-22 22:27:42]   v5_iql_A: step=1056768 / 2000000
[2026-04-22 22:27:42]     -> launched PID=6877
[2026-04-22 22:27:44]   v5_iql_B: step=1007616 / 2000000
[2026-04-22 22:27:44]     -> launched PID=7757
[2026-04-22 22:27:46]   v5_td3bc_A: step=1007616 / 2000000
[2026-04-22 22:27:46]     -> launched PID=8618
[2026-04-22 22:27:48]   v5_td3bc_B: step=1007616 / 2000000
[2026-04-22 22:27:48]     -> launched PID=9485
[2026-04-22 22:27:48] 等待 6 个进程...
