Device: cuda
Creating SubprocVecEnv with 4 workers ...
Loaded v5 direct thrust NN: obs=8, act=8, hidden=(64, 64)
/root/miniconda3/lib/python3.12/site-packages/gymnasium/spaces/box.py:236: UserWarning: [33mWARN: Box low's precision lowered by casting to float32, current low.dtype=float64[0m
  gym.logger.warn(
/root/miniconda3/lib/python3.12/site-packages/gymnasium/spaces/box.py:306: UserWarning: [33mWARN: Box high's precision lowered by casting to float32, current high.dtype=float64[0m
  gym.logger.warn(
Loaded pretrained (TD3Actor→AC): checkpoints/iql_v5_2m/best.pth
Online PPO: 61 updates, 2048 steps × 4 envs = 8192/update [reward-norm]
Reward params: {'R_catch': 200.0, 'R_fail': -50.0, 'alpha': 5.0, 'c_sg': 3.0, 'd_sg_safe': 1.5, 'c_path': 2.0, 'lam_time': 0.02}
/root/miniconda3/lib/python3.12/site-packages/gymnasium/spaces/box.py:236: UserWarning: [33mWARN: Box low's precision lowered by casting to float32, current low.dtype=float64[0m
  gym.logger.warn(
/root/miniconda3/lib/python3.12/site-packages/gymnasium/spaces/box.py:306: UserWarning: [33mWARN: Box high's precision lowered by casting to float32, current high.dtype=float64[0m
  gym.logger.warn(
/root/miniconda3/lib/python3.12/site-packages/gymnasium/spaces/box.py:236: UserWarning: [33mWARN: Box low's precision lowered by casting to float32, current low.dtype=float64[0m
  gym.logger.warn(
/root/miniconda3/lib/python3.12/site-packages/gymnasium/spaces/box.py:306: UserWarning: [33mWARN: Box high's precision lowered by casting to float32, current high.dtype=float64[0m
  gym.logger.warn(
/root/miniconda3/lib/python3.12/site-packages/gymnasium/spaces/box.py:236: UserWarning: [33mWARN: Box low's precision lowered by casting to float32, current low.dtype=float64[0m
  gym.logger.warn(
/root/miniconda3/lib/python3.12/site-packages/gymnasium/spaces/box.py:306: UserWarning: [33mWARN: Box high's precision lowered by casting to float32, current high.dtype=float64[0m
  gym.logger.warn(
/root/miniconda3/lib/python3.12/site-packages/gymnasium/spaces/box.py:236: UserWarning: [33mWARN: Box low's precision lowered by casting to float32, current low.dtype=float64[0m
  gym.logger.warn(
/root/miniconda3/lib/python3.12/site-packages/gymnasium/spaces/box.py:306: UserWarning: [33mWARN: Box high's precision lowered by casting to float32, current high.dtype=float64[0m
  gym.logger.warn(
  Update 1/61 | steps=8192 | ep_rew=78.2 | ep_len=58 | sr=78.83% | pi=0.001 vf=12.2 ent=1.838 kl=-0.000 clip=0.01 | beta=0.193 lr=1.0e-05 | FPS=59
    [Reward] event=155.1 shaping=49.7 sg_obs=-125.4 time=-1.2
    [Eval] rew=60.72±272.3  sr=75.00%  steps=48  cap_steps=25
    [Eval Reward] event=142.5 shaping=42.9 sg_obs=-123.7 time=-1.0
Saved: /root/autodl-tmp/pursue_20260302/checkpoints/v5_iql_A/best.pth
    [Eval] rew=131.51±222.3  sr=90.00%  steps=38  cap_steps=29
    [Eval Reward] event=175.0 shaping=44.2 sg_obs=-87.0 time=-0.8
Saved: /root/autodl-tmp/pursue_20260302/checkpoints/v5_iql_A/best.pth
Saved: /root/autodl-tmp/pursue_20260302/checkpoints/v5_iql_A/latest.pth
    [Eval] rew=60.44±218.8  sr=75.00%  steps=56  cap_steps=34
    [Eval Reward] event=147.5 shaping=42.0 sg_obs=-127.9 time=-1.1
  Update 10/61 | steps=81920 | ep_rew=82.8 | ep_len=54 | sr=80.33% | pi=0.004 vf=8.4 ent=1.835 kl=-0.007 clip=0.01 | beta=0.134 lr=8.6e-06 | FPS=54
    [Reward] event=152.4 shaping=44.6 sg_obs=-113.1 time=-1.1
    [Eval] rew=154.91±98.8  sr=90.00%  steps=44  cap_steps=36
    [Eval Reward] event=180.0 shaping=46.7 sg_obs=-70.9 time=-0.9
    [Eval] rew=123.44±169.2  sr=95.00%  steps=49  cap_steps=45
    [Eval Reward] event=187.5 shaping=46.2 sg_obs=-109.3 time=-1.0
Saved: /root/autodl-tmp/pursue_20260302/checkpoints/v5_iql_A/best.pth
Saved: /root/autodl-tmp/pursue_20260302/checkpoints/v5_iql_A/latest.pth
    [Eval] rew=121.55±219.5  sr=90.00%  steps=38  cap_steps=29
    [Eval Reward] event=177.5 shaping=45.3 sg_obs=-100.5 time=-0.8
    [Eval] rew=216.81±40.1  sr=100.00%  steps=23  cap_steps=23
    [Eval Reward] event=200.0 shaping=37.1 sg_obs=-19.8 time=-0.5
Saved: /root/autodl-tmp/pursue_20260302/checkpoints/v5_iql_A/best.pth
Saved: /root/autodl-tmp/pursue_20260302/checkpoints/v5_iql_A/latest.pth
  Update 20/61 | steps=163840 | ep_rew=74.5 | ep_len=60 | sr=80.47% | pi=0.010 vf=7.6 ent=1.832 kl=-0.014 clip=0.01 | beta=0.069 lr=7.0e-06 | FPS=54
    [Reward] event=149.6 shaping=46.7 sg_obs=-120.5 time=-1.2
    [Eval] rew=188.74±98.0  sr=95.00%  steps=28  cap_steps=23
    [Eval Reward] event=190.0 shaping=41.3 sg_obs=-42.0 time=-0.6
    [Eval] rew=138.19±163.8  sr=95.00%  steps=44  cap_steps=40
    [Eval Reward] event=190.0 shaping=47.2 sg_obs=-98.2 time=-0.9
    [Eval] rew=106.17±201.1  sr=85.00%  steps=46  cap_steps=33
    [Eval Reward] event=162.5 shaping=44.7 sg_obs=-100.1 time=-0.9
Saved: /root/autodl-tmp/pursue_20260302/checkpoints/v5_iql_A/latest.pth
    [Eval] rew=116.74±179.2  sr=85.00%  steps=42  cap_steps=28
    [Eval Reward] event=170.0 shaping=41.9 sg_obs=-94.3 time=-0.8
  Update 30/61 | steps=245760 | ep_rew=83.1 | ep_len=56 | sr=80.88% | pi=0.001 vf=8.2 ent=1.831 kl=-0.023 clip=0.00 | beta=0.003 lr=5.5e-06 | FPS=54
    [Reward] event=160.5 shaping=47.2 sg_obs=-123.4 time=-1.1
    [Eval] rew=117.64±176.0  sr=90.00%  steps=46  cap_steps=37
    [Eval Reward] event=180.0 shaping=48.0 sg_obs=-109.4 time=-0.9
Saved: /root/autodl-tmp/pursue_20260302/checkpoints/v5_iql_A/latest.pth
Device: cuda
Creating SubprocVecEnv with 4 workers ...
Loaded v5 direct thrust NN: obs=8, act=8, hidden=(64, 64)
/root/miniconda3/lib/python3.12/site-packages/gymnasium/spaces/box.py:236: UserWarning: [33mWARN: Box low's precision lowered by casting to float32, current low.dtype=float64[0m
  gym.logger.warn(
/root/miniconda3/lib/python3.12/site-packages/gymnasium/spaces/box.py:306: UserWarning: [33mWARN: Box high's precision lowered by casting to float32, current high.dtype=float64[0m
  gym.logger.warn(
Resumed from checkpoints/v5_iql_A/latest.pth (step=253952, update=32)
Online PPO: 61 updates, 2048 steps × 4 envs = 8192/update [reward-norm]
Reward params: {'R_catch': 200.0, 'R_fail': -50.0, 'alpha': 5.0, 'c_sg': 3.0, 'd_sg_safe': 1.5, 'c_path': 2.0, 'lam_time': 0.02}
/root/miniconda3/lib/python3.12/site-packages/gymnasium/spaces/box.py:236: UserWarning: [33mWARN: Box low's precision lowered by casting to float32, current low.dtype=float64[0m
  gym.logger.warn(
/root/miniconda3/lib/python3.12/site-packages/gymnasium/spaces/box.py:306: UserWarning: [33mWARN: Box high's precision lowered by casting to float32, current high.dtype=float64[0m
  gym.logger.warn(
/root/miniconda3/lib/python3.12/site-packages/gymnasium/spaces/box.py:236: UserWarning: [33mWARN: Box low's precision lowered by casting to float32, current low.dtype=float64[0m
  gym.logger.warn(
/root/miniconda3/lib/python3.12/site-packages/gymnasium/spaces/box.py:306: UserWarning: [33mWARN: Box high's precision lowered by casting to float32, current high.dtype=float64[0m
  gym.logger.warn(
/root/miniconda3/lib/python3.12/site-packages/gymnasium/spaces/box.py:236: UserWarning: [33mWARN: Box low's precision lowered by casting to float32, current low.dtype=float64[0m
  gym.logger.warn(
/root/miniconda3/lib/python3.12/site-packages/gymnasium/spaces/box.py:306: UserWarning: [33mWARN: Box high's precision lowered by casting to float32, current high.dtype=float64[0m
  gym.logger.warn(
/root/miniconda3/lib/python3.12/site-packages/gymnasium/spaces/box.py:236: UserWarning: [33mWARN: Box low's precision lowered by casting to float32, current low.dtype=float64[0m
  gym.logger.warn(
/root/miniconda3/lib/python3.12/site-packages/gymnasium/spaces/box.py:306: UserWarning: [33mWARN: Box high's precision lowered by casting to float32, current high.dtype=float64[0m
  gym.logger.warn(
  Update 32/61 | steps=262144 | ep_rew=84.6 | ep_len=55 | sr=80.95% | pi=0.000 vf=7.9 ent=1.830 kl=0.000 clip=0.01 | beta=0.000 lr=5.2e-06 | FPS=59
    [Reward] event=158.2 shaping=47.3 sg_obs=-119.8 time=-1.1
    [Eval] rew=91.99±244.2  sr=80.00%  steps=44  cap_steps=26
    [Eval Reward] event=152.5 shaping=41.8 sg_obs=-101.4 time=-0.9
Saved: /root/autodl-tmp/pursue_20260302/checkpoints/v5_iql_A/best.pth
    [Eval] rew=151.63±175.8  sr=95.00%  steps=37  cap_steps=33
    [Eval Reward] event=187.5 shaping=46.1 sg_obs=-81.2 time=-0.7
Saved: /root/autodl-tmp/pursue_20260302/checkpoints/v5_iql_A/best.pth
    [Eval] rew=88.03±205.6  sr=85.00%  steps=51  cap_steps=38
    [Eval Reward] event=167.5 shaping=42.6 sg_obs=-121.1 time=-1.0
Saved: /root/autodl-tmp/pursue_20260302/checkpoints/v5_iql_A/latest.pth
  Update 40/61 | steps=327680 | ep_rew=123.7 | ep_len=46 | sr=81.70% | pi=0.001 vf=8.3 ent=1.830 kl=0.000 clip=0.00 | beta=0.000 lr=3.9e-06 | FPS=54
    [Reward] event=166.7 shaping=44.3 sg_obs=-86.3 time=-0.9
    [Eval] rew=119.85±178.2  sr=85.00%  steps=46  cap_steps=33
    [Eval Reward] event=167.5 shaping=46.2 sg_obs=-92.9 time=-0.9
    [Eval] rew=113.51±173.4  sr=90.00%  steps=50  cap_steps=42
    [Eval Reward] event=175.0 shaping=45.8 sg_obs=-106.3 time=-1.0
Saved: /root/autodl-tmp/pursue_20260302/checkpoints/v5_iql_A/latest.pth
    [Eval] rew=128.45±204.3  sr=90.00%  steps=38  cap_steps=29
    [Eval Reward] event=177.5 shaping=45.0 sg_obs=-93.3 time=-0.8
    [Eval] rew=218.62±38.8  sr=100.00%  steps=23  cap_steps=23
    [Eval Reward] event=200.0 shaping=37.0 sg_obs=-17.9 time=-0.5
Saved: /root/autodl-tmp/pursue_20260302/checkpoints/v5_iql_A/best.pth
    [Eval] rew=200.39±61.5  sr=100.00%  steps=26  cap_steps=26
    [Eval Reward] event=200.0 shaping=40.9 sg_obs=-40.0 time=-0.5
Saved: /root/autodl-tmp/pursue_20260302/checkpoints/v5_iql_A/latest.pth
  Update 50/61 | steps=409600 | ep_rew=100.4 | ep_len=54 | sr=81.23% | pi=-0.000 vf=7.8 ent=1.829 kl=0.000 clip=0.00 | beta=0.000 lr=2.4e-06 | FPS=54
    [Reward] event=160.7 shaping=46.7 sg_obs=-106.0 time=-1.1
    [Eval] rew=133.75±176.8  sr=95.00%  steps=41  cap_steps=37
    [Eval Reward] event=187.5 shaping=46.9 sg_obs=-99.9 time=-0.8
    [Eval] rew=117.67±190.9  sr=85.00%  steps=45  cap_steps=31
    [Eval Reward] event=165.0 shaping=44.7 sg_obs=-91.1 time=-0.9
Saved: /root/autodl-tmp/pursue_20260302/checkpoints/v5_iql_A/latest.pth
    [Eval] rew=152.96±119.3  sr=95.00%  steps=37  cap_steps=33
    [Eval Reward] event=190.0 shaping=42.3 sg_obs=-78.6 time=-0.7
    [Eval] rew=138.32±174.8  sr=95.00%  steps=44  cap_steps=40
    [Eval Reward] event=187.5 shaping=47.6 sg_obs=-95.9 time=-0.9
  Update 60/61 | steps=491520 | ep_rew=102.0 | ep_len=52 | sr=81.62% | pi=0.001 vf=8.0 ent=1.829 kl=0.000 clip=0.00 | beta=0.000 lr=8.1e-07 | FPS=54
    [Reward] event=166.8 shaping=47.6 sg_obs=-111.4 time=-1.0
Saved: /root/autodl-tmp/pursue_20260302/checkpoints/v5_iql_A/final.pth
Saved: /root/autodl-tmp/pursue_20260302/visualization/logs/v5_iql_A/online_ppo_curves.png
Loaded v5 direct thrust NN: obs=8, act=8, hidden=(64, 64)
Loaded v5 direct thrust NN: obs=8, act=8, hidden=(64, 64)
Loaded v5 direct thrust NN: obs=8, act=8, hidden=(64, 64)
Loaded v5 direct thrust NN: obs=8, act=8, hidden=(64, 64)
Online PPO fine-tuning done.
Device: cuda
Creating SubprocVecEnv with 4 workers ...
Loaded v5 direct thrust NN: obs=8, act=8, hidden=(64, 64)
/root/miniconda3/lib/python3.12/site-packages/gymnasium/spaces/box.py:236: UserWarning: [33mWARN: Box low's precision lowered by casting to float32, current low.dtype=float64[0m
  gym.logger.warn(
/root/miniconda3/lib/python3.12/site-packages/gymnasium/spaces/box.py:306: UserWarning: [33mWARN: Box high's precision lowered by casting to float32, current high.dtype=float64[0m
  gym.logger.warn(
/root/miniconda3/lib/python3.12/site-packages/gymnasium/spaces/box.py:236: UserWarning: [33mWARN: Box low's precision lowered by casting to float32, current low.dtype=float64[0m
  gym.logger.warn(
/root/miniconda3/lib/python3.12/site-packages/gymnasium/spaces/box.py:306: UserWarning: [33mWARN: Box high's precision lowered by casting to float32, current high.dtype=float64[0m
  gym.logger.warn(
/root/miniconda3/lib/python3.12/site-packages/gymnasium/spaces/box.py:236: UserWarning: [33mWARN: Box low's precision lowered by casting to float32, current low.dtype=float64[0m
  gym.logger.warn(
/root/miniconda3/lib/python3.12/site-packages/gymnasium/spaces/box.py:306: UserWarning: [33mWARN: Box high's precision lowered by casting to float32, current high.dtype=float64[0m
  gym.logger.warn(
/root/miniconda3/lib/python3.12/site-packages/gymnasium/spaces/box.py:236: UserWarning: [33mWARN: Box low's precision lowered by casting to float32, current low.dtype=float64[0m
  gym.logger.warn(
/root/miniconda3/lib/python3.12/site-packages/gymnasium/spaces/box.py:306: UserWarning: [33mWARN: Box high's precision lowered by casting to float32, current high.dtype=float64[0m
  gym.logger.warn(
/root/miniconda3/lib/python3.12/site-packages/gymnasium/spaces/box.py:236: UserWarning: [33mWARN: Box low's precision lowered by casting to float32, current low.dtype=float64[0m
  gym.logger.warn(
/root/miniconda3/lib/python3.12/site-packages/gymnasium/spaces/box.py:306: UserWarning: [33mWARN: Box high's precision lowered by casting to float32, current high.dtype=float64[0m
  gym.logger.warn(
Resumed from checkpoints/v5_iql_A/final.pth (step=499712, update=62)
Online PPO: 244 updates, 2048 steps × 4 envs = 8192/update [reward-norm]
Reward params: {'R_catch': 200.0, 'R_fail': -50.0, 'alpha': 5.0, 'c_sg': 3.0, 'd_sg_safe': 1.5, 'c_path': 2.0, 'lam_time': 0.02}
  Update 62/244 | steps=507904 | ep_rew=82.1 | ep_len=56 | sr=77.78% | pi=0.001 vf=8.4 ent=1.829 kl=-4.426 clip=0.01 | beta=0.098 lr=7.6e-06 | FPS=58
    [Reward] event=151.0 shaping=46.4 sg_obs=-114.2 time=-1.1
    [Eval] rew=93.65±242.7  sr=80.00%  steps=44  cap_steps=26
    [Eval Reward] event=152.5 shaping=42.4 sg_obs=-100.4 time=-0.9
Saved: /root/autodl-tmp/pursue_20260302/checkpoints/v5_iql_A/best.pth
Saved: /root/autodl-tmp/pursue_20260302/checkpoints/v5_iql_A/latest.pth
    [Eval] rew=151.92±176.5  sr=95.00%  steps=37  cap_steps=32
    [Eval Reward] event=187.5 shaping=45.9 sg_obs=-80.7 time=-0.7
Saved: /root/autodl-tmp/pursue_20260302/checkpoints/v5_iql_A/best.pth
    [Eval] rew=88.58±203.3  sr=85.00%  steps=51  cap_steps=38
    [Eval Reward] event=167.5 shaping=43.7 sg_obs=-121.6 time=-1.0
Saved: /root/autodl-tmp/pursue_20260302/checkpoints/v5_iql_A/latest.pth
    [Eval] rew=129.65±174.4  sr=85.00%  steps=46  cap_steps=33
    [Eval Reward] event=167.5 shaping=45.8 sg_obs=-82.8 time=-0.9
  Update 70/244 | steps=573440 | ep_rew=92.0 | ep_len=54 | sr=82.44% | pi=-0.001 vf=7.0 ent=1.827 kl=-4.310 clip=0.00 | beta=0.085 lr=7.3e-06 | FPS=51
    [Reward] event=153.4 shaping=45.3 sg_obs=-105.5 time=-1.1
    [Eval] rew=113.29±157.7  sr=90.00%  steps=50  cap_steps=42
    [Eval Reward] event=177.5 shaping=47.7 sg_obs=-110.9 time=-1.0
    [Eval] rew=119.50±222.1  sr=90.00%  steps=38  cap_steps=29
    [Eval Reward] event=177.5 shaping=44.5 sg_obs=-101.7 time=-0.8
Saved: /root/autodl-tmp/pursue_20260302/checkpoints/v5_iql_A/latest.pth
    [Eval] rew=219.60±38.1  sr=100.00%  steps=23  cap_steps=23
    [Eval Reward] event=200.0 shaping=37.0 sg_obs=-17.0 time=-0.5
Saved: /root/autodl-tmp/pursue_20260302/checkpoints/v5_iql_A/best.pth
    [Eval] rew=172.03±157.6  sr=95.00%  steps=29  cap_steps=25
    [Eval Reward] event=187.5 shaping=41.3 sg_obs=-56.2 time=-0.6
  Update 80/244 | steps=655360 | ep_rew=102.5 | ep_len=54 | sr=82.49% | pi=-0.001 vf=7.0 ent=1.826 kl=-4.445 clip=0.01 | beta=0.069 lr=6.9e-06 | FPS=52
    [Reward] event=153.7 shaping=44.5 sg_obs=-94.6 time=-1.1
Saved: /root/autodl-tmp/pursue_20260302/checkpoints/v5_iql_A/latest.pth
    [Eval] rew=146.35±123.3  sr=100.00%  steps=43  cap_steps=43
    [Eval Reward] event=200.0 shaping=48.1 sg_obs=-100.9 time=-0.9
    [Eval] rew=118.64±201.5  sr=90.00%  steps=43  cap_steps=34
    [Eval Reward] event=175.0 shaping=44.3 sg_obs=-99.8 time=-0.9
    [Eval] rew=144.35±143.2  sr=90.00%  steps=36  cap_steps=26
    [Eval Reward] event=180.0 shaping=41.9 sg_obs=-76.8 time=-0.7
Saved: /root/autodl-tmp/pursue_20260302/checkpoints/v5_iql_A/latest.pth
    [Eval] rew=138.65±180.5  sr=95.00%  steps=43  cap_steps=39
    [Eval Reward] event=187.5 shaping=47.5 sg_obs=-95.4 time=-0.9
  Update 90/244 | steps=737280 | ep_rew=102.8 | ep_len=49 | sr=82.86% | pi=0.000 vf=8.4 ent=1.823 kl=-4.477 clip=0.01 | beta=0.053 lr=6.5e-06 | FPS=52
    [Reward] event=162.2 shaping=44.3 sg_obs=-102.7 time=-1.0
    [Eval] rew=141.29±111.5  sr=100.00%  steps=44  cap_steps=44
    [Eval Reward] event=200.0 shaping=48.9 sg_obs=-106.7 time=-0.9
Saved: /root/autodl-tmp/pursue_20260302/checkpoints/v5_iql_A/latest.pth
    [Eval] rew=217.18±24.7  sr=100.00%  steps=31  cap_steps=31
    [Eval Reward] event=200.0 shaping=40.8 sg_obs=-23.0 time=-0.6
    [Eval] rew=114.53±166.6  sr=95.00%  steps=46  cap_steps=42
    [Eval Reward] event=190.0 shaping=48.9 sg_obs=-123.5 time=-0.9
Device: cuda
Creating SubprocVecEnv with 4 workers ...
Loaded v5 direct thrust NN: obs=8, act=8, hidden=(64, 64)
/root/miniconda3/lib/python3.12/site-packages/gymnasium/spaces/box.py:236: UserWarning: [33mWARN: Box low's precision lowered by casting to float32, current low.dtype=float64[0m
  gym.logger.warn(
/root/miniconda3/lib/python3.12/site-packages/gymnasium/spaces/box.py:306: UserWarning: [33mWARN: Box high's precision lowered by casting to float32, current high.dtype=float64[0m
  gym.logger.warn(
Resumed from checkpoints/v5_iql_A/latest.pth (step=753664, update=93)
Online PPO: 244 updates, 2048 steps × 4 envs = 8192/update [reward-norm]
Reward params: {'R_catch': 200.0, 'R_fail': -50.0, 'alpha': 5.0, 'c_sg': 3.0, 'd_sg_safe': 1.5, 'c_path': 2.0, 'lam_time': 0.02}
/root/miniconda3/lib/python3.12/site-packages/gymnasium/spaces/box.py:236: UserWarning: [33mWARN: Box low's precision lowered by casting to float32, current low.dtype=float64[0m
  gym.logger.warn(
/root/miniconda3/lib/python3.12/site-packages/gymnasium/spaces/box.py:306: UserWarning: [33mWARN: Box high's precision lowered by casting to float32, current high.dtype=float64[0m
  gym.logger.warn(
/root/miniconda3/lib/python3.12/site-packages/gymnasium/spaces/box.py:236: UserWarning: [33mWARN: Box low's precision lowered by casting to float32, current low.dtype=float64[0m
  gym.logger.warn(
/root/miniconda3/lib/python3.12/site-packages/gymnasium/spaces/box.py:306: UserWarning: [33mWARN: Box high's precision lowered by casting to float32, current high.dtype=float64[0m
  gym.logger.warn(
/root/miniconda3/lib/python3.12/site-packages/gymnasium/spaces/box.py:236: UserWarning: [33mWARN: Box low's precision lowered by casting to float32, current low.dtype=float64[0m
  gym.logger.warn(
/root/miniconda3/lib/python3.12/site-packages/gymnasium/spaces/box.py:306: UserWarning: [33mWARN: Box high's precision lowered by casting to float32, current high.dtype=float64[0m
  gym.logger.warn(
/root/miniconda3/lib/python3.12/site-packages/gymnasium/spaces/box.py:236: UserWarning: [33mWARN: Box low's precision lowered by casting to float32, current low.dtype=float64[0m
  gym.logger.warn(
/root/miniconda3/lib/python3.12/site-packages/gymnasium/spaces/box.py:306: UserWarning: [33mWARN: Box high's precision lowered by casting to float32, current high.dtype=float64[0m
  gym.logger.warn(
  Update 93/244 | steps=761856 | ep_rew=105.4 | ep_len=50 | sr=82.61% | pi=-0.000 vf=7.1 ent=1.823 kl=-4.579 clip=0.01 | beta=0.048 lr=6.4e-06 | FPS=57
    [Reward] event=162.7 shaping=46.8 sg_obs=-103.1 time=-1.0
    [Eval] rew=92.56±248.0  sr=80.00%  steps=44  cap_steps=25
    [Eval Reward] event=152.5 shaping=41.4 sg_obs=-100.5 time=-0.9
Saved: /root/autodl-tmp/pursue_20260302/checkpoints/v5_iql_A/best.pth
    [Eval] rew=140.76±179.1  sr=90.00%  steps=41  cap_steps=32
    [Eval Reward] event=177.5 shaping=45.7 sg_obs=-81.6 time=-0.8
Saved: /root/autodl-tmp/pursue_20260302/checkpoints/v5_iql_A/best.pth
    [Eval] rew=75.99±217.3  sr=80.00%  steps=52  cap_steps=36
    [Eval Reward] event=157.5 shaping=42.9 sg_obs=-123.4 time=-1.0
Saved: /root/autodl-tmp/pursue_20260302/checkpoints/v5_iql_A/latest.pth
  Update 100/244 | steps=819200 | ep_rew=102.5 | ep_len=50 | sr=84.05% | pi=0.002 vf=7.3 ent=1.822 kl=-4.581 clip=0.01 | beta=0.036 lr=6.1e-06 | FPS=54
    [Reward] event=168.4 shaping=46.4 sg_obs=-111.3 time=-1.0
    [Eval] rew=99.71±188.3  sr=80.00%  steps=51  cap_steps=34
    [Eval Reward] event=155.0 shaping=47.0 sg_obs=-101.3 time=-1.0
    [Eval] rew=117.72±198.4  sr=90.00%  steps=44  cap_steps=35
    [Eval Reward] event=177.5 shaping=45.7 sg_obs=-104.6 time=-0.9
Saved: /root/autodl-tmp/pursue_20260302/checkpoints/v5_iql_A/latest.pth
    [Eval] rew=119.42±227.9  sr=90.00%  steps=38  cap_steps=29
    [Eval Reward] event=175.0 shaping=44.2 sg_obs=-99.0 time=-0.8
    [Eval] rew=219.96±37.3  sr=100.00%  steps=22  cap_steps=22
    [Eval Reward] event=200.0 shaping=36.8 sg_obs=-16.4 time=-0.4
Saved: /root/autodl-tmp/pursue_20260302/checkpoints/v5_iql_A/best.pth
  Update 110/244 | steps=901120 | ep_rew=122.6 | ep_len=49 | sr=84.29% | pi=-0.001 vf=7.0 ent=1.821 kl=-4.404 clip=0.00 | beta=0.020 lr=5.8e-06 | FPS=56
    [Reward] event=171.7 shaping=46.0 sg_obs=-94.2 time=-1.0
    [Eval] rew=180.51±151.7  sr=95.00%  steps=27  cap_steps=22
    [Eval Reward] event=187.5 shaping=40.5 sg_obs=-47.0 time=-0.5
Saved: /root/autodl-tmp/pursue_20260302/checkpoints/v5_iql_A/latest.pth
    [Eval] rew=128.79±156.7  sr=90.00%  steps=46  cap_steps=37
    [Eval Reward] event=180.0 shaping=47.9 sg_obs=-98.2 time=-0.9
    [Eval] rew=134.49±169.9  sr=90.00%  steps=42  cap_steps=33
    [Eval Reward] event=177.5 shaping=44.8 sg_obs=-86.9 time=-0.8
Saved: /root/autodl-tmp/pursue_20260302/checkpoints/v5_iql_A/latest.pth
    [Eval] rew=150.17±140.5  sr=90.00%  steps=37  cap_steps=27
    [Eval Reward] event=180.0 shaping=41.5 sg_obs=-70.6 time=-0.7
  Update 120/244 | steps=983040 | ep_rew=98.8 | ep_len=52 | sr=84.31% | pi=-0.000 vf=7.3 ent=1.820 kl=-4.492 clip=0.01 | beta=0.003 lr=5.4e-06 | FPS=57
    [Reward] event=166.3 shaping=46.7 sg_obs=-113.2 time=-1.0
    [Eval] rew=155.27±128.3  sr=100.00%  steps=41  cap_steps=41
    [Eval Reward] event=200.0 shaping=48.4 sg_obs=-92.3 time=-0.8
    [Eval] rew=140.46±114.1  sr=100.00%  steps=46  cap_steps=46
    [Eval Reward] event=200.0 shaping=48.9 sg_obs=-107.6 time=-0.9
Saved: /root/autodl-tmp/pursue_20260302/checkpoints/v5_iql_A/latest.pth
    [Eval] rew=216.58±26.7  sr=100.00%  steps=30  cap_steps=30
    [Eval Reward] event=200.0 shaping=40.7 sg_obs=-23.5 time=-0.6
    [Eval] rew=115.49±165.2  sr=95.00%  steps=46  cap_steps=42
    [Eval Reward] event=190.0 shaping=49.1 sg_obs=-122.6 time=-0.9
Saved: /root/autodl-tmp/pursue_20260302/checkpoints/v5_iql_A/latest.pth
  Update 130/244 | steps=1064960 | ep_rew=120.7 | ep_len=48 | sr=84.15% | pi=-0.001 vf=7.3 ent=1.820 kl=0.000 clip=0.00 | beta=0.000 lr=5.0e-06 | FPS=57
    [Reward] event=170.0 shaping=43.7 sg_obs=-92.1 time=-1.0
Device: cuda
Creating SubprocVecEnv with 4 workers ...
Loaded v5 direct thrust NN: obs=8, act=8, hidden=(64, 64)
/root/miniconda3/lib/python3.12/site-packages/gymnasium/spaces/box.py:236: UserWarning: [33mWARN: Box low's precision lowered by casting to float32, current low.dtype=float64[0m
  gym.logger.warn(
/root/miniconda3/lib/python3.12/site-packages/gymnasium/spaces/box.py:306: UserWarning: [33mWARN: Box high's precision lowered by casting to float32, current high.dtype=float64[0m
  gym.logger.warn(
Resumed from checkpoints/v5_iql_A/latest.pth (step=1056768, update=130)
Online PPO: 244 updates, 2048 steps × 4 envs = 8192/update [reward-norm]
Reward params: {'R_catch': 200.0, 'R_fail': -50.0, 'alpha': 5.0, 'c_sg': 3.0, 'd_sg_safe': 1.5, 'c_path': 2.0, 'lam_time': 0.02}
/root/miniconda3/lib/python3.12/site-packages/gymnasium/spaces/box.py:236: UserWarning: [33mWARN: Box low's precision lowered by casting to float32, current low.dtype=float64[0m
  gym.logger.warn(
/root/miniconda3/lib/python3.12/site-packages/gymnasium/spaces/box.py:306: UserWarning: [33mWARN: Box high's precision lowered by casting to float32, current high.dtype=float64[0m
  gym.logger.warn(
/root/miniconda3/lib/python3.12/site-packages/gymnasium/spaces/box.py:236: UserWarning: [33mWARN: Box low's precision lowered by casting to float32, current low.dtype=float64[0m
  gym.logger.warn(
/root/miniconda3/lib/python3.12/site-packages/gymnasium/spaces/box.py:306: UserWarning: [33mWARN: Box high's precision lowered by casting to float32, current high.dtype=float64[0m
  gym.logger.warn(
/root/miniconda3/lib/python3.12/site-packages/gymnasium/spaces/box.py:236: UserWarning: [33mWARN: Box low's precision lowered by casting to float32, current low.dtype=float64[0m
  gym.logger.warn(
/root/miniconda3/lib/python3.12/site-packages/gymnasium/spaces/box.py:306: UserWarning: [33mWARN: Box high's precision lowered by casting to float32, current high.dtype=float64[0m
  gym.logger.warn(
/root/miniconda3/lib/python3.12/site-packages/gymnasium/spaces/box.py:236: UserWarning: [33mWARN: Box low's precision lowered by casting to float32, current low.dtype=float64[0m
  gym.logger.warn(
/root/miniconda3/lib/python3.12/site-packages/gymnasium/spaces/box.py:306: UserWarning: [33mWARN: Box high's precision lowered by casting to float32, current high.dtype=float64[0m
  gym.logger.warn(
  Update 130/244 | steps=1064960 | ep_rew=109.1 | ep_len=49 | sr=83.54% | pi=-0.000 vf=7.0 ent=1.820 kl=0.000 clip=0.00 | beta=0.000 lr=5.0e-06 | FPS=52
    [Reward] event=164.6 shaping=46.3 sg_obs=-100.9 time=-1.0
    [Eval] rew=134.97±176.0  sr=90.00%  steps=37  cap_steps=28
    [Eval Reward] event=177.5 shaping=42.3 sg_obs=-84.1 time=-0.7
Saved: /root/autodl-tmp/pursue_20260302/checkpoints/v5_iql_A/best.pth
    [Eval] rew=169.02±125.4  sr=95.00%  steps=36  cap_steps=32
    [Eval Reward] event=190.0 shaping=46.8 sg_obs=-67.0 time=-0.7
Saved: /root/autodl-tmp/pursue_20260302/checkpoints/v5_iql_A/best.pth
    [Eval] rew=127.60±151.3  sr=90.00%  steps=49  cap_steps=41
    [Eval Reward] event=180.0 shaping=43.1 sg_obs=-94.5 time=-1.0
Saved: /root/autodl-tmp/pursue_20260302/checkpoints/v5_iql_A/latest.pth
    [Eval] rew=139.25±113.0  sr=90.00%  steps=52  cap_steps=44
    [Eval Reward] event=180.0 shaping=49.6 sg_obs=-89.3 time=-1.0
  Update 140/244 | steps=1146880 | ep_rew=92.2 | ep_len=55 | sr=85.32% | pi=-0.001 vf=6.5 ent=1.819 kl=0.000 clip=0.00 | beta=0.000 lr=4.6e-06 | FPS=53
    [Reward] event=163.5 shaping=48.6 sg_obs=-118.8 time=-1.1
    [Eval] rew=113.24±179.3  sr=90.00%  steps=51  cap_steps=43
    [Eval Reward] event=175.0 shaping=47.0 sg_obs=-107.8 time=-1.0
Saved: /root/autodl-tmp/pursue_20260302/checkpoints/v5_iql_A/latest.pth
    [Eval] rew=117.92±227.7  sr=90.00%  steps=36  cap_steps=27
    [Eval Reward] event=175.0 shaping=43.7 sg_obs=-100.1 time=-0.7
    [Eval] rew=220.90±36.9  sr=100.00%  steps=22  cap_steps=22
    [Eval Reward] event=200.0 shaping=36.9 sg_obs=-15.5 time=-0.4
Saved: /root/autodl-tmp/pursue_20260302/checkpoints/v5_iql_A/best.pth
    [Eval] rew=173.54±154.8  sr=95.00%  steps=29  cap_steps=25
    [Eval Reward] event=187.5 shaping=41.6 sg_obs=-55.0 time=-0.6
Saved: /root/autodl-tmp/pursue_20260302/checkpoints/v5_iql_A/latest.pth
    [Eval] rew=131.49±131.8  sr=95.00%  steps=46  cap_steps=42
    [Eval Reward] event=190.0 shaping=49.0 sg_obs=-106.6 time=-0.9
  Update 150/244 | steps=1228800 | ep_rew=87.4 | ep_len=59 | sr=84.78% | pi=0.001 vf=6.0 ent=1.818 kl=0.000 clip=0.00 | beta=0.000 lr=4.2e-06 | FPS=54
    [Reward] event=153.6 shaping=47.1 sg_obs=-112.2 time=-1.2
    [Eval] rew=108.52±217.6  sr=85.00%  steps=44  cap_steps=30
    [Eval Reward] event=165.0 shaping=44.4 sg_obs=-100.1 time=-0.9
Saved: /root/autodl-tmp/pursue_20260302/checkpoints/v5_iql_A/latest.pth
    [Eval] rew=151.02±140.6  sr=90.00%  steps=37  cap_steps=28
    [Eval Reward] event=180.0 shaping=41.4 sg_obs=-69.7 time=-0.7
