Using device: cuda
/root/miniconda3/lib/python3.12/site-packages/gymnasium/spaces/box.py:236: UserWarning: [33mWARN: Box low's precision lowered by casting to float32, current low.dtype=float64[0m
  gym.logger.warn(
/root/miniconda3/lib/python3.12/site-packages/gymnasium/spaces/box.py:306: UserWarning: [33mWARN: Box high's precision lowered by casting to float32, current high.dtype=float64[0m
  gym.logger.warn(
[3DContEnv] heave step in config is 0.0000, fallback to sway_step=0.0300
[3DContEnv] yaw delta in config is 0.0000, fallback to yaw_delta=0.0800
[3DContEnv] heave step in config is 0.0000, fallback to sway_step=0.0300
[3DContEnv] yaw delta in config is 0.0000, fallback to yaw_delta=0.0800
[3DContEnv] heave step in config is 0.0000, fallback to sway_step=0.0300
[3DContEnv] yaw delta in config is 0.0000, fallback to yaw_delta=0.0800
[3DContEnv] heave step in config is 0.0000, fallback to sway_step=0.0300
[3DContEnv] yaw delta in config is 0.0000, fallback to yaw_delta=0.0800
[3DContEnv] heave step in config is 0.0000, fallback to sway_step=0.0300
[3DContEnv] yaw delta in config is 0.0000, fallback to yaw_delta=0.0800
3D V2 Continuous Environment initialized:
  Observation dim: 10
  Action dim: 5 (continuous)
  Target distance: 12.0m
  Z range: [1.0, 6.0]
  Success radius: 0.6
  Heave step: 0.03
  Yaw delta: 0.08
  Num envs: 4
Network parameters: 10,123
Start training for 488 updates (2000000 timesteps)
  [Eval] steps=8192 mean_reward=-8494.252 success_rate=0.00%
  [EvalTerm] {'success': 0, 'timeout': 10, 'out_of_bounds': 0, 'other': 0}
Saved checkpoint: /root/autodl-tmp/pursue_20260302/checkpoints/3d_v2_cont_big_b/best.pth
  [Eval] steps=12288 mean_reward=-7814.720 success_rate=0.00%
  [EvalTerm] {'success': 0, 'timeout': 10, 'out_of_bounds': 0, 'other': 0}
Saved checkpoint: /root/autodl-tmp/pursue_20260302/checkpoints/3d_v2_cont_big_b/best.pth
  [Eval] steps=16384 mean_reward=-8114.676 success_rate=0.00%
  [EvalTerm] {'success': 0, 'timeout': 10, 'out_of_bounds': 0, 'other': 0}
  [Eval] steps=20480 mean_reward=-8340.282 success_rate=0.00%
  [EvalTerm] {'success': 0, 'timeout': 10, 'out_of_bounds': 0, 'other': 0}
Saved checkpoint: /root/autodl-tmp/pursue_20260302/checkpoints/3d_v2_cont_big_b/latest.pth
  [Eval] steps=28672 mean_reward=-9254.523 success_rate=0.00%
  [EvalTerm] {'success': 0, 'timeout': 10, 'out_of_bounds': 0, 'other': 0}
  [Eval] steps=32768 mean_reward=-8063.861 success_rate=0.00%
  [EvalTerm] {'success': 0, 'timeout': 10, 'out_of_bounds': 0, 'other': 0}
  [Eval] steps=36864 mean_reward=-8955.258 success_rate=0.00%
  [EvalTerm] {'success': 0, 'timeout': 10, 'out_of_bounds': 0, 'other': 0}
Update 10/488 | Steps 40960 | TrainRew -2.404 | Loss 4369.1073 | Succ 0.00%
  [Eval] steps=40960 mean_reward=-7847.979 success_rate=0.00%
  [EvalTerm] {'success': 0, 'timeout': 10, 'out_of_bounds': 0, 'other': 0}
Saved checkpoint: /root/autodl-tmp/pursue_20260302/checkpoints/3d_v2_cont_big_b/latest.pth
  [Eval] steps=45056 mean_reward=-8321.585 success_rate=0.00%
  [EvalTerm] {'success': 0, 'timeout': 10, 'out_of_bounds': 0, 'other': 0}
  [Eval] steps=53248 mean_reward=-8243.642 success_rate=0.00%
  [EvalTerm] {'success': 0, 'timeout': 10, 'out_of_bounds': 0, 'other': 0}
  [Eval] steps=57344 mean_reward=-8818.091 success_rate=0.00%
  [EvalTerm] {'success': 0, 'timeout': 10, 'out_of_bounds': 0, 'other': 0}
  [Eval] steps=61440 mean_reward=-7822.828 success_rate=0.00%
  [EvalTerm] {'success': 0, 'timeout': 10, 'out_of_bounds': 0, 'other': 0}
Saved checkpoint: /root/autodl-tmp/pursue_20260302/checkpoints/3d_v2_cont_big_b/latest.pth
  [Eval] steps=65536 mean_reward=-8368.006 success_rate=0.00%
  [EvalTerm] {'success': 0, 'timeout': 10, 'out_of_bounds': 0, 'other': 0}
  [Eval] steps=73728 mean_reward=-8315.065 success_rate=0.00%
  [EvalTerm] {'success': 0, 'timeout': 10, 'out_of_bounds': 0, 'other': 0}
  [Eval] steps=77824 mean_reward=-9565.222 success_rate=0.00%
  [EvalTerm] {'success': 0, 'timeout': 10, 'out_of_bounds': 0, 'other': 0}
Update 20/488 | Steps 81920 | TrainRew -1.765 | Loss 342.4037 | Succ 0.00%
  [Eval] steps=81920 mean_reward=-8510.352 success_rate=0.00%
  [EvalTerm] {'success': 0, 'timeout': 10, 'out_of_bounds': 0, 'other': 0}
Saved checkpoint: /root/autodl-tmp/pursue_20260302/checkpoints/3d_v2_cont_big_b/latest.pth
  [Eval] steps=86016 mean_reward=-7909.141 success_rate=0.00%
  [EvalTerm] {'success': 0, 'timeout': 10, 'out_of_bounds': 0, 'other': 0}
  [Eval] steps=90112 mean_reward=-8866.859 success_rate=0.00%
  [EvalTerm] {'success': 0, 'timeout': 10, 'out_of_bounds': 0, 'other': 0}
  [Eval] steps=98304 mean_reward=-9586.621 success_rate=0.00%
  [EvalTerm] {'success': 0, 'timeout': 10, 'out_of_bounds': 0, 'other': 0}
  [Eval] steps=102400 mean_reward=-8404.278 success_rate=0.00%
  [EvalTerm] {'success': 0, 'timeout': 10, 'out_of_bounds': 0, 'other': 0}
Saved checkpoint: /root/autodl-tmp/pursue_20260302/checkpoints/3d_v2_cont_big_b/latest.pth
  [Eval] steps=106496 mean_reward=-8156.092 success_rate=0.00%
  [EvalTerm] {'success': 0, 'timeout': 10, 'out_of_bounds': 0, 'other': 0}
  [Eval] steps=110592 mean_reward=-7918.620 success_rate=0.00%
  [EvalTerm] {'success': 0, 'timeout': 10, 'out_of_bounds': 0, 'other': 0}
  [Eval] steps=118784 mean_reward=-8047.030 success_rate=0.00%
  [EvalTerm] {'success': 0, 'timeout': 10, 'out_of_bounds': 0, 'other': 0}
Update 30/488 | Steps 122880 | TrainRew -2.341 | Loss 105.1145 | Succ 0.00%
  [Eval] steps=122880 mean_reward=-9425.419 success_rate=0.00%
  [EvalTerm] {'success': 0, 'timeout': 10, 'out_of_bounds': 0, 'other': 0}
Saved checkpoint: /root/autodl-tmp/pursue_20260302/checkpoints/3d_v2_cont_big_b/latest.pth
  [Eval] steps=126976 mean_reward=-8512.944 success_rate=0.00%
  [EvalTerm] {'success': 0, 'timeout': 10, 'out_of_bounds': 0, 'other': 0}
  [Eval] steps=131072 mean_reward=-7775.843 success_rate=0.00%
  [EvalTerm] {'success': 0, 'timeout': 10, 'out_of_bounds': 0, 'other': 0}
Saved checkpoint: /root/autodl-tmp/pursue_20260302/checkpoints/3d_v2_cont_big_b/best.pth
  [Eval] steps=135168 mean_reward=-9333.326 success_rate=0.00%
  [EvalTerm] {'success': 0, 'timeout': 10, 'out_of_bounds': 0, 'other': 0}
  [Eval] steps=143360 mean_reward=-8694.149 success_rate=0.00%
  [EvalTerm] {'success': 0, 'timeout': 10, 'out_of_bounds': 0, 'other': 0}
Saved checkpoint: /root/autodl-tmp/pursue_20260302/checkpoints/3d_v2_cont_big_b/latest.pth
  [Eval] steps=147456 mean_reward=-8947.025 success_rate=0.00%
  [EvalTerm] {'success': 0, 'timeout': 10, 'out_of_bounds': 0, 'other': 0}
  [Eval] steps=151552 mean_reward=-7845.562 success_rate=0.00%
  [EvalTerm] {'success': 0, 'timeout': 10, 'out_of_bounds': 0, 'other': 0}
  [Eval] steps=155648 mean_reward=-8204.559 success_rate=0.00%
  [EvalTerm] {'success': 0, 'timeout': 10, 'out_of_bounds': 0, 'other': 0}
Update 40/488 | Steps 163840 | TrainRew -2.134 | Loss 77.1883 | Succ 0.00%
  [Eval] steps=163840 mean_reward=-8608.210 success_rate=0.00%
  [EvalTerm] {'success': 0, 'timeout': 10, 'out_of_bounds': 0, 'other': 0}
Saved checkpoint: /root/autodl-tmp/pursue_20260302/checkpoints/3d_v2_cont_big_b/latest.pth
  [Eval] steps=167936 mean_reward=-8166.753 success_rate=0.00%
  [EvalTerm] {'success': 0, 'timeout': 10, 'out_of_bounds': 0, 'other': 0}
  [Eval] steps=172032 mean_reward=-8447.871 success_rate=0.00%
  [EvalTerm] {'success': 0, 'timeout': 10, 'out_of_bounds': 0, 'other': 0}
  [Eval] steps=176128 mean_reward=-8858.582 success_rate=0.00%
  [EvalTerm] {'success': 0, 'timeout': 10, 'out_of_bounds': 0, 'other': 0}
  [Eval] steps=180224 mean_reward=-8804.727 success_rate=0.00%
  [EvalTerm] {'success': 0, 'timeout': 10, 'out_of_bounds': 0, 'other': 0}
Saved checkpoint: /root/autodl-tmp/pursue_20260302/checkpoints/3d_v2_cont_big_b/latest.pth
  [Eval] steps=188416 mean_reward=-7960.208 success_rate=0.00%
  [EvalTerm] {'success': 0, 'timeout': 10, 'out_of_bounds': 0, 'other': 0}
  [Eval] steps=192512 mean_reward=-8093.860 success_rate=0.00%
  [EvalTerm] {'success': 0, 'timeout': 10, 'out_of_bounds': 0, 'other': 0}
  [Eval] steps=196608 mean_reward=-7809.490 success_rate=0.00%
  [EvalTerm] {'success': 0, 'timeout': 10, 'out_of_bounds': 0, 'other': 0}
  [Eval] steps=200704 mean_reward=-8009.319 success_rate=0.00%
  [EvalTerm] {'success': 0, 'timeout': 10, 'out_of_bounds': 0, 'other': 0}
Saved checkpoint: /root/autodl-tmp/pursue_20260302/checkpoints/3d_v2_cont_big_b/latest.pth
Update 50/488 | Steps 204800 | TrainRew -2.151 | Loss 52.7430 | Succ 0.00%
  [Eval] steps=208896 mean_reward=-8069.048 success_rate=0.00%
  [EvalTerm] {'success': 0, 'timeout': 10, 'out_of_bounds': 0, 'other': 0}
  [Eval] steps=212992 mean_reward=-8688.990 success_rate=0.00%
  [EvalTerm] {'success': 0, 'timeout': 10, 'out_of_bounds': 0, 'other': 0}
  [Eval] steps=217088 mean_reward=-7328.382 success_rate=0.00%
  [EvalTerm] {'success': 0, 'timeout': 10, 'out_of_bounds': 0, 'other': 0}
Saved checkpoint: /root/autodl-tmp/pursue_20260302/checkpoints/3d_v2_cont_big_b/best.pth
  [Eval] steps=221184 mean_reward=-8068.086 success_rate=0.00%
  [EvalTerm] {'success': 0, 'timeout': 10, 'out_of_bounds': 0, 'other': 0}
Saved checkpoint: /root/autodl-tmp/pursue_20260302/checkpoints/3d_v2_cont_big_b/latest.pth
  [Eval] steps=225280 mean_reward=-8573.887 success_rate=0.00%
  [EvalTerm] {'success': 0, 'timeout': 10, 'out_of_bounds': 0, 'other': 0}
  [Eval] steps=233472 mean_reward=-7602.626 success_rate=0.00%
  [EvalTerm] {'success': 0, 'timeout': 10, 'out_of_bounds': 0, 'other': 0}
  [Eval] steps=237568 mean_reward=-8184.061 success_rate=0.00%
  [EvalTerm] {'success': 0, 'timeout': 10, 'out_of_bounds': 0, 'other': 0}
  [Eval] steps=241664 mean_reward=-8330.233 success_rate=0.00%
  [EvalTerm] {'success': 0, 'timeout': 10, 'out_of_bounds': 0, 'other': 0}
Saved checkpoint: /root/autodl-tmp/pursue_20260302/checkpoints/3d_v2_cont_big_b/latest.pth
Update 60/488 | Steps 245760 | TrainRew -2.072 | Loss 63.9573 | Succ 0.00%
  [Eval] steps=245760 mean_reward=-8124.460 success_rate=0.00%
  [EvalTerm] {'success': 0, 'timeout': 10, 'out_of_bounds': 0, 'other': 0}
  [Eval] steps=253952 mean_reward=-9196.882 success_rate=0.00%
  [EvalTerm] {'success': 0, 'timeout': 10, 'out_of_bounds': 0, 'other': 0}
  [Eval] steps=258048 mean_reward=-7828.076 success_rate=0.00%
  [EvalTerm] {'success': 0, 'timeout': 10, 'out_of_bounds': 0, 'other': 0}
  [Eval] steps=262144 mean_reward=-9179.917 success_rate=0.00%
  [EvalTerm] {'success': 0, 'timeout': 10, 'out_of_bounds': 0, 'other': 0}
Saved checkpoint: /root/autodl-tmp/pursue_20260302/checkpoints/3d_v2_cont_big_b/latest.pth
  [Eval] steps=266240 mean_reward=-8179.971 success_rate=0.00%
  [EvalTerm] {'success': 0, 'timeout': 10, 'out_of_bounds': 0, 'other': 0}
  [Eval] steps=270336 mean_reward=-9126.695 success_rate=0.00%
  [EvalTerm] {'success': 0, 'timeout': 10, 'out_of_bounds': 0, 'other': 0}
  [Eval] steps=278528 mean_reward=-8687.067 success_rate=0.00%
  [EvalTerm] {'success': 0, 'timeout': 10, 'out_of_bounds': 0, 'other': 0}
  [Eval] steps=282624 mean_reward=-8134.674 success_rate=0.00%
  [EvalTerm] {'success': 0, 'timeout': 10, 'out_of_bounds': 0, 'other': 0}
Saved checkpoint: /root/autodl-tmp/pursue_20260302/checkpoints/3d_v2_cont_big_b/latest.pth
Update 70/488 | Steps 286720 | TrainRew -1.868 | Loss 55.1665 | Succ 0.00%
  [Eval] steps=286720 mean_reward=-8251.513 success_rate=0.00%
  [EvalTerm] {'success': 0, 'timeout': 10, 'out_of_bounds': 0, 'other': 0}
  [Eval] steps=290816 mean_reward=-8460.960 success_rate=0.00%
  [EvalTerm] {'success': 0, 'timeout': 10, 'out_of_bounds': 0, 'other': 0}
  [Eval] steps=299008 mean_reward=-9275.796 success_rate=0.00%
  [EvalTerm] {'success': 0, 'timeout': 10, 'out_of_bounds': 0, 'other': 0}
  [Eval] steps=303104 mean_reward=-9038.694 success_rate=0.00%
  [EvalTerm] {'success': 0, 'timeout': 10, 'out_of_bounds': 0, 'other': 0}
Saved checkpoint: /root/autodl-tmp/pursue_20260302/checkpoints/3d_v2_cont_big_b/latest.pth
  [Eval] steps=307200 mean_reward=-9101.272 success_rate=0.00%
  [EvalTerm] {'success': 0, 'timeout': 10, 'out_of_bounds': 0, 'other': 0}
  [Eval] steps=311296 mean_reward=-7837.363 success_rate=0.00%
  [EvalTerm] {'success': 0, 'timeout': 10, 'out_of_bounds': 0, 'other': 0}
  [Eval] steps=315392 mean_reward=-7421.081 success_rate=0.00%
  [EvalTerm] {'success': 0, 'timeout': 10, 'out_of_bounds': 0, 'other': 0}
  [Eval] steps=323584 mean_reward=-7970.200 success_rate=0.00%
  [EvalTerm] {'success': 0, 'timeout': 10, 'out_of_bounds': 0, 'other': 0}
Saved checkpoint: /root/autodl-tmp/pursue_20260302/checkpoints/3d_v2_cont_big_b/latest.pth
Update 80/488 | Steps 327680 | TrainRew -1.948 | Loss 41.8765 | Succ 0.00%
  [Eval] steps=327680 mean_reward=-8104.626 success_rate=0.00%
  [EvalTerm] {'success': 0, 'timeout': 10, 'out_of_bounds': 0, 'other': 0}
  [Eval] steps=331776 mean_reward=-8466.150 success_rate=0.00%
  [EvalTerm] {'success': 0, 'timeout': 10, 'out_of_bounds': 0, 'other': 0}
  [Eval] steps=335872 mean_reward=-9199.952 success_rate=0.00%
  [EvalTerm] {'success': 0, 'timeout': 10, 'out_of_bounds': 0, 'other': 0}
  [Eval] steps=344064 mean_reward=-9258.448 success_rate=0.00%
  [EvalTerm] {'success': 0, 'timeout': 10, 'out_of_bounds': 0, 'other': 0}
Saved checkpoint: /root/autodl-tmp/pursue_20260302/checkpoints/3d_v2_cont_big_b/latest.pth
  [Eval] steps=348160 mean_reward=-8774.540 success_rate=0.00%
  [EvalTerm] {'success': 0, 'timeout': 10, 'out_of_bounds': 0, 'other': 0}
  [Eval] steps=352256 mean_reward=-8702.582 success_rate=0.00%
  [EvalTerm] {'success': 0, 'timeout': 10, 'out_of_bounds': 0, 'other': 0}
  [Eval] steps=356352 mean_reward=-7957.593 success_rate=0.00%
  [EvalTerm] {'success': 0, 'timeout': 10, 'out_of_bounds': 0, 'other': 0}
  [Eval] steps=360448 mean_reward=-9395.501 success_rate=0.00%
  [EvalTerm] {'success': 0, 'timeout': 10, 'out_of_bounds': 0, 'other': 0}
Saved checkpoint: /root/autodl-tmp/pursue_20260302/checkpoints/3d_v2_cont_big_b/latest.pth
Update 90/488 | Steps 368640 | TrainRew -1.772 | Loss 51.1422 | Succ 0.00%
  [Eval] steps=368640 mean_reward=-8412.351 success_rate=0.00%
  [EvalTerm] {'success': 0, 'timeout': 10, 'out_of_bounds': 0, 'other': 0}
  [Eval] steps=372736 mean_reward=-9270.638 success_rate=0.00%
  [EvalTerm] {'success': 0, 'timeout': 10, 'out_of_bounds': 0, 'other': 0}
  [Eval] steps=376832 mean_reward=-8264.602 success_rate=0.00%
  [EvalTerm] {'success': 0, 'timeout': 10, 'out_of_bounds': 0, 'other': 0}
  [Eval] steps=380928 mean_reward=-8709.573 success_rate=0.00%
  [EvalTerm] {'success': 0, 'timeout': 10, 'out_of_bounds': 0, 'other': 0}
Saved checkpoint: /root/autodl-tmp/pursue_20260302/checkpoints/3d_v2_cont_big_b/latest.pth
  [Eval] steps=385024 mean_reward=-8498.983 success_rate=0.00%
  [EvalTerm] {'success': 0, 'timeout': 10, 'out_of_bounds': 0, 'other': 0}
  [Eval] steps=393216 mean_reward=-8788.221 success_rate=0.00%
  [EvalTerm] {'success': 0, 'timeout': 10, 'out_of_bounds': 0, 'other': 0}
  [Eval] steps=397312 mean_reward=-7447.447 success_rate=0.00%
  [EvalTerm] {'success': 0, 'timeout': 10, 'out_of_bounds': 0, 'other': 0}
  [Eval] steps=401408 mean_reward=-9272.793 success_rate=0.00%
  [EvalTerm] {'success': 0, 'timeout': 10, 'out_of_bounds': 0, 'other': 0}
Saved checkpoint: /root/autodl-tmp/pursue_20260302/checkpoints/3d_v2_cont_big_b/latest.pth
  [Eval] steps=405504 mean_reward=-9258.173 success_rate=0.00%
  [EvalTerm] {'success': 0, 'timeout': 10, 'out_of_bounds': 0, 'other': 0}
Update 100/488 | Steps 409600 | TrainRew -1.935 | Loss 46.5531 | Succ 0.00%
  [Eval] steps=413696 mean_reward=-9799.091 success_rate=0.00%
  [EvalTerm] {'success': 0, 'timeout': 10, 'out_of_bounds': 0, 'other': 0}
  [Eval] steps=417792 mean_reward=-8710.360 success_rate=0.00%
  [EvalTerm] {'success': 0, 'timeout': 10, 'out_of_bounds': 0, 'other': 0}
  [Eval] steps=421888 mean_reward=-8726.464 success_rate=0.00%
  [EvalTerm] {'success': 0, 'timeout': 10, 'out_of_bounds': 0, 'other': 0}
Saved checkpoint: /root/autodl-tmp/pursue_20260302/checkpoints/3d_v2_cont_big_b/latest.pth
  [Eval] steps=425984 mean_reward=-7832.995 success_rate=0.00%
  [EvalTerm] {'success': 0, 'timeout': 10, 'out_of_bounds': 0, 'other': 0}
  [Eval] steps=430080 mean_reward=-9323.359 success_rate=0.00%
  [EvalTerm] {'success': 0, 'timeout': 10, 'out_of_bounds': 0, 'other': 0}
  [Eval] steps=438272 mean_reward=-8618.574 success_rate=0.00%
  [EvalTerm] {'success': 0, 'timeout': 10, 'out_of_bounds': 0, 'other': 0}
  [Eval] steps=442368 mean_reward=-9234.161 success_rate=0.00%
  [EvalTerm] {'success': 0, 'timeout': 10, 'out_of_bounds': 0, 'other': 0}
Saved checkpoint: /root/autodl-tmp/pursue_20260302/checkpoints/3d_v2_cont_big_b/latest.pth
  [Eval] steps=446464 mean_reward=-8743.635 success_rate=0.00%
  [EvalTerm] {'success': 0, 'timeout': 10, 'out_of_bounds': 0, 'other': 0}
Update 110/488 | Steps 450560 | TrainRew -1.795 | Loss 56.8327 | Succ 0.00%
  [Eval] steps=450560 mean_reward=-7917.708 success_rate=0.00%
  [EvalTerm] {'success': 0, 'timeout': 10, 'out_of_bounds': 0, 'other': 0}
  [Eval] steps=458752 mean_reward=-7933.430 success_rate=0.00%
  [EvalTerm] {'success': 0, 'timeout': 10, 'out_of_bounds': 0, 'other': 0}
  [Eval] steps=462848 mean_reward=-8912.606 success_rate=0.00%
  [EvalTerm] {'success': 0, 'timeout': 10, 'out_of_bounds': 0, 'other': 0}
Saved checkpoint: /root/autodl-tmp/pursue_20260302/checkpoints/3d_v2_cont_big_b/latest.pth
  [Eval] steps=466944 mean_reward=-8252.332 success_rate=0.00%
  [EvalTerm] {'success': 0, 'timeout': 10, 'out_of_bounds': 0, 'other': 0}
  [Eval] steps=471040 mean_reward=-7770.600 success_rate=0.00%
  [EvalTerm] {'success': 0, 'timeout': 10, 'out_of_bounds': 0, 'other': 0}
  [Eval] steps=475136 mean_reward=-7985.859 success_rate=0.00%
  [EvalTerm] {'success': 0, 'timeout': 10, 'out_of_bounds': 0, 'other': 0}
  [Eval] steps=483328 mean_reward=-7867.728 success_rate=0.00%
  [EvalTerm] {'success': 0, 'timeout': 10, 'out_of_bounds': 0, 'other': 0}
Saved checkpoint: /root/autodl-tmp/pursue_20260302/checkpoints/3d_v2_cont_big_b/latest.pth
  [Eval] steps=487424 mean_reward=-8559.919 success_rate=0.00%
  [EvalTerm] {'success': 0, 'timeout': 10, 'out_of_bounds': 0, 'other': 0}
Update 120/488 | Steps 491520 | TrainRew -1.980 | Loss 52.5229 | Succ 0.00%
  [Eval] steps=491520 mean_reward=-8156.928 success_rate=0.00%
  [EvalTerm] {'success': 0, 'timeout': 10, 'out_of_bounds': 0, 'other': 0}
  [Eval] steps=495616 mean_reward=-8569.265 success_rate=0.00%
  [EvalTerm] {'success': 0, 'timeout': 10, 'out_of_bounds': 0, 'other': 0}
  [Eval] steps=503808 mean_reward=-8486.083 success_rate=0.00%
  [EvalTerm] {'success': 0, 'timeout': 10, 'out_of_bounds': 0, 'other': 0}
Saved checkpoint: /root/autodl-tmp/pursue_20260302/checkpoints/3d_v2_cont_big_b/latest.pth
  [Eval] steps=507904 mean_reward=-8629.371 success_rate=0.00%
  [EvalTerm] {'success': 0, 'timeout': 10, 'out_of_bounds': 0, 'other': 0}
  [Eval] steps=512000 mean_reward=-8140.199 success_rate=0.00%
  [EvalTerm] {'success': 0, 'timeout': 10, 'out_of_bounds': 0, 'other': 0}
  [Eval] steps=516096 mean_reward=-8422.344 success_rate=0.00%
  [EvalTerm] {'success': 0, 'timeout': 10, 'out_of_bounds': 0, 'other': 0}
  [Eval] steps=520192 mean_reward=-8840.744 success_rate=0.00%
  [EvalTerm] {'success': 0, 'timeout': 10, 'out_of_bounds': 0, 'other': 0}
Saved checkpoint: /root/autodl-tmp/pursue_20260302/checkpoints/3d_v2_cont_big_b/latest.pth
  [Eval] steps=528384 mean_reward=-8401.763 success_rate=0.00%
  [EvalTerm] {'success': 0, 'timeout': 10, 'out_of_bounds': 0, 'other': 0}
Update 130/488 | Steps 532480 | TrainRew -2.111 | Loss 72.7902 | Succ 0.00%
  [Eval] steps=532480 mean_reward=-9021.056 success_rate=0.00%
  [EvalTerm] {'success': 0, 'timeout': 10, 'out_of_bounds': 0, 'other': 0}
  [Eval] steps=536576 mean_reward=-8882.054 success_rate=0.00%
  [EvalTerm] {'success': 0, 'timeout': 10, 'out_of_bounds': 0, 'other': 0}
  [Eval] steps=540672 mean_reward=-8165.010 success_rate=0.00%
  [EvalTerm] {'success': 0, 'timeout': 10, 'out_of_bounds': 0, 'other': 0}
Saved checkpoint: /root/autodl-tmp/pursue_20260302/checkpoints/3d_v2_cont_big_b/latest.pth
  [Eval] steps=548864 mean_reward=-9443.225 success_rate=0.00%
  [EvalTerm] {'success': 0, 'timeout': 10, 'out_of_bounds': 0, 'other': 0}
  [Eval] steps=552960 mean_reward=-9540.843 success_rate=0.00%
  [EvalTerm] {'success': 0, 'timeout': 10, 'out_of_bounds': 0, 'other': 0}
  [Eval] steps=557056 mean_reward=-8011.019 success_rate=0.00%
  [EvalTerm] {'success': 0, 'timeout': 10, 'out_of_bounds': 0, 'other': 0}
  [Eval] steps=561152 mean_reward=-7942.400 success_rate=0.00%
  [EvalTerm] {'success': 0, 'timeout': 10, 'out_of_bounds': 0, 'other': 0}
Saved checkpoint: /root/autodl-tmp/pursue_20260302/checkpoints/3d_v2_cont_big_b/latest.pth
  [Eval] steps=565248 mean_reward=-8954.644 success_rate=0.00%
  [EvalTerm] {'success': 0, 'timeout': 10, 'out_of_bounds': 0, 'other': 0}
Update 140/488 | Steps 573440 | TrainRew -2.018 | Loss 59.5242 | Succ 0.00%
  [Eval] steps=573440 mean_reward=-9493.785 success_rate=0.00%
  [EvalTerm] {'success': 0, 'timeout': 10, 'out_of_bounds': 0, 'other': 0}
  [Eval] steps=577536 mean_reward=-8975.093 success_rate=0.00%
  [EvalTerm] {'success': 0, 'timeout': 10, 'out_of_bounds': 0, 'other': 0}
  [Eval] steps=581632 mean_reward=-8704.977 success_rate=0.00%
  [EvalTerm] {'success': 0, 'timeout': 10, 'out_of_bounds': 0, 'other': 0}
Saved checkpoint: /root/autodl-tmp/pursue_20260302/checkpoints/3d_v2_cont_big_b/latest.pth
  [Eval] steps=585728 mean_reward=-8131.833 success_rate=0.00%
  [EvalTerm] {'success': 0, 'timeout': 10, 'out_of_bounds': 0, 'other': 0}
  [Eval] steps=593920 mean_reward=-8821.658 success_rate=0.00%
  [EvalTerm] {'success': 0, 'timeout': 10, 'out_of_bounds': 0, 'other': 0}
  [Eval] steps=598016 mean_reward=-8491.454 success_rate=0.00%
  [EvalTerm] {'success': 0, 'timeout': 10, 'out_of_bounds': 0, 'other': 0}
  [Eval] steps=602112 mean_reward=-8919.788 success_rate=0.00%
  [EvalTerm] {'success': 0, 'timeout': 10, 'out_of_bounds': 0, 'other': 0}
Saved checkpoint: /root/autodl-tmp/pursue_20260302/checkpoints/3d_v2_cont_big_b/latest.pth
  [Eval] steps=606208 mean_reward=-8788.548 success_rate=0.00%
  [EvalTerm] {'success': 0, 'timeout': 10, 'out_of_bounds': 0, 'other': 0}
  [Eval] steps=610304 mean_reward=-8496.844 success_rate=0.00%
  [EvalTerm] {'success': 0, 'timeout': 10, 'out_of_bounds': 0, 'other': 0}
Update 150/488 | Steps 614400 | TrainRew -2.004 | Loss 34.8310 | Succ 0.00%
  [Eval] steps=618496 mean_reward=-8552.365 success_rate=0.00%
  [EvalTerm] {'success': 0, 'timeout': 10, 'out_of_bounds': 0, 'other': 0}
  [Eval] steps=622592 mean_reward=-8228.172 success_rate=0.00%
  [EvalTerm] {'success': 0, 'timeout': 10, 'out_of_bounds': 0, 'other': 0}
Saved checkpoint: /root/autodl-tmp/pursue_20260302/checkpoints/3d_v2_cont_big_b/latest.pth
  [Eval] steps=626688 mean_reward=-8796.005 success_rate=0.00%
  [EvalTerm] {'success': 0, 'timeout': 10, 'out_of_bounds': 0, 'other': 0}
  [Eval] steps=630784 mean_reward=-8781.076 success_rate=0.00%
  [EvalTerm] {'success': 0, 'timeout': 10, 'out_of_bounds': 0, 'other': 0}
  [Eval] steps=638976 mean_reward=-8288.743 success_rate=0.00%
  [EvalTerm] {'success': 0, 'timeout': 10, 'out_of_bounds': 0, 'other': 0}
  [Eval] steps=643072 mean_reward=-8887.241 success_rate=0.00%
  [EvalTerm] {'success': 0, 'timeout': 10, 'out_of_bounds': 0, 'other': 0}
Saved checkpoint: /root/autodl-tmp/pursue_20260302/checkpoints/3d_v2_cont_big_b/latest.pth
  [Eval] steps=647168 mean_reward=-9316.384 success_rate=0.00%
  [EvalTerm] {'success': 0, 'timeout': 10, 'out_of_bounds': 0, 'other': 0}
  [Eval] steps=651264 mean_reward=-9398.020 success_rate=0.00%
  [EvalTerm] {'success': 0, 'timeout': 10, 'out_of_bounds': 0, 'other': 0}
Update 160/488 | Steps 655360 | TrainRew -2.186 | Loss 64.5941 | Succ 0.00%
  [Eval] steps=655360 mean_reward=-9168.551 success_rate=0.00%
  [EvalTerm] {'success': 0, 'timeout': 10, 'out_of_bounds': 0, 'other': 0}
  [Eval] steps=663552 mean_reward=-10001.326 success_rate=0.00%
  [EvalTerm] {'success': 0, 'timeout': 10, 'out_of_bounds': 0, 'other': 0}
Saved checkpoint: /root/autodl-tmp/pursue_20260302/checkpoints/3d_v2_cont_big_b/latest.pth
  [Eval] steps=667648 mean_reward=-10021.889 success_rate=0.00%
  [EvalTerm] {'success': 0, 'timeout': 10, 'out_of_bounds': 0, 'other': 0}
  [Eval] steps=671744 mean_reward=-9505.860 success_rate=0.00%
  [EvalTerm] {'success': 0, 'timeout': 10, 'out_of_bounds': 0, 'other': 0}
  [Eval] steps=675840 mean_reward=-9320.083 success_rate=0.00%
  [EvalTerm] {'success': 0, 'timeout': 10, 'out_of_bounds': 0, 'other': 0}
  [Eval] steps=684032 mean_reward=-9845.607 success_rate=0.00%
  [EvalTerm] {'success': 0, 'timeout': 10, 'out_of_bounds': 0, 'other': 0}
Saved checkpoint: /root/autodl-tmp/pursue_20260302/checkpoints/3d_v2_cont_big_b/latest.pth
  [Eval] steps=688128 mean_reward=-7212.682 success_rate=0.00%
  [EvalTerm] {'success': 0, 'timeout': 10, 'out_of_bounds': 0, 'other': 0}
Saved checkpoint: /root/autodl-tmp/pursue_20260302/checkpoints/3d_v2_cont_big_b/best.pth
  [Eval] steps=692224 mean_reward=-9096.911 success_rate=0.00%
  [EvalTerm] {'success': 0, 'timeout': 10, 'out_of_bounds': 0, 'other': 0}
Update 170/488 | Steps 696320 | TrainRew -2.062 | Loss 46.5768 | Succ 0.00%
  [Eval] steps=696320 mean_reward=-7676.708 success_rate=0.00%
  [EvalTerm] {'success': 0, 'timeout': 10, 'out_of_bounds': 0, 'other': 0}
  [Eval] steps=700416 mean_reward=-8717.210 success_rate=0.00%
  [EvalTerm] {'success': 0, 'timeout': 10, 'out_of_bounds': 0, 'other': 0}
Saved checkpoint: /root/autodl-tmp/pursue_20260302/checkpoints/3d_v2_cont_big_b/latest.pth
  [Eval] steps=708608 mean_reward=-9133.131 success_rate=0.00%
  [EvalTerm] {'success': 0, 'timeout': 10, 'out_of_bounds': 0, 'other': 0}
  [Eval] steps=712704 mean_reward=-8811.085 success_rate=0.00%
  [EvalTerm] {'success': 0, 'timeout': 10, 'out_of_bounds': 0, 'other': 0}
  [Eval] steps=716800 mean_reward=-9184.252 success_rate=0.00%
  [EvalTerm] {'success': 0, 'timeout': 10, 'out_of_bounds': 0, 'other': 0}
  [Eval] steps=720896 mean_reward=-8312.534 success_rate=0.00%
  [EvalTerm] {'success': 0, 'timeout': 10, 'out_of_bounds': 0, 'other': 0}
Saved checkpoint: /root/autodl-tmp/pursue_20260302/checkpoints/3d_v2_cont_big_b/latest.pth
  [Eval] steps=729088 mean_reward=-8637.688 success_rate=0.00%
  [EvalTerm] {'success': 0, 'timeout': 10, 'out_of_bounds': 0, 'other': 0}
  [Eval] steps=733184 mean_reward=-8991.755 success_rate=0.00%
  [EvalTerm] {'success': 0, 'timeout': 10, 'out_of_bounds': 0, 'other': 0}
Update 180/488 | Steps 737280 | TrainRew -2.507 | Loss 44.3688 | Succ 0.00%
  [Eval] steps=737280 mean_reward=-8344.377 success_rate=0.00%
  [EvalTerm] {'success': 0, 'timeout': 10, 'out_of_bounds': 0, 'other': 0}
  [Eval] steps=741376 mean_reward=-8105.766 success_rate=0.00%
  [EvalTerm] {'success': 0, 'timeout': 10, 'out_of_bounds': 0, 'other': 0}
Saved checkpoint: /root/autodl-tmp/pursue_20260302/checkpoints/3d_v2_cont_big_b/latest.pth
  [Eval] steps=745472 mean_reward=-9097.148 success_rate=0.00%
  [EvalTerm] {'success': 0, 'timeout': 10, 'out_of_bounds': 0, 'other': 0}
  [Eval] steps=753664 mean_reward=-8155.395 success_rate=0.00%
  [EvalTerm] {'success': 0, 'timeout': 10, 'out_of_bounds': 0, 'other': 0}
  [Eval] steps=757760 mean_reward=-9752.940 success_rate=0.00%
  [EvalTerm] {'success': 0, 'timeout': 10, 'out_of_bounds': 0, 'other': 0}
  [Eval] steps=761856 mean_reward=-7702.032 success_rate=0.00%
  [EvalTerm] {'success': 0, 'timeout': 10, 'out_of_bounds': 0, 'other': 0}
Saved checkpoint: /root/autodl-tmp/pursue_20260302/checkpoints/3d_v2_cont_big_b/latest.pth
  [Eval] steps=765952 mean_reward=-8564.530 success_rate=0.00%
  [EvalTerm] {'success': 0, 'timeout': 10, 'out_of_bounds': 0, 'other': 0}
  [Eval] steps=770048 mean_reward=-8952.527 success_rate=0.00%
  [EvalTerm] {'success': 0, 'timeout': 10, 'out_of_bounds': 0, 'other': 0}
Update 190/488 | Steps 778240 | TrainRew -2.382 | Loss 40.1202 | Succ 0.00%
  [Eval] steps=778240 mean_reward=-8362.394 success_rate=0.00%
  [EvalTerm] {'success': 0, 'timeout': 10, 'out_of_bounds': 0, 'other': 0}
  [Eval] steps=782336 mean_reward=-8268.034 success_rate=0.00%
  [EvalTerm] {'success': 0, 'timeout': 10, 'out_of_bounds': 0, 'other': 0}
Saved checkpoint: /root/autodl-tmp/pursue_20260302/checkpoints/3d_v2_cont_big_b/latest.pth
  [Eval] steps=786432 mean_reward=-8407.658 success_rate=0.00%
  [EvalTerm] {'success': 0, 'timeout': 10, 'out_of_bounds': 0, 'other': 0}
  [Eval] steps=790528 mean_reward=-9088.679 success_rate=0.00%
  [EvalTerm] {'success': 0, 'timeout': 10, 'out_of_bounds': 0, 'other': 0}
  [Eval] steps=798720 mean_reward=-8474.743 success_rate=0.00%
  [EvalTerm] {'success': 0, 'timeout': 10, 'out_of_bounds': 0, 'other': 0}
  [Eval] steps=802816 mean_reward=-8621.069 success_rate=0.00%
  [EvalTerm] {'success': 0, 'timeout': 10, 'out_of_bounds': 0, 'other': 0}
Saved checkpoint: /root/autodl-tmp/pursue_20260302/checkpoints/3d_v2_cont_big_b/latest.pth
  [Eval] steps=806912 mean_reward=-9474.098 success_rate=0.00%
  [EvalTerm] {'success': 0, 'timeout': 10, 'out_of_bounds': 0, 'other': 0}
  [Eval] steps=811008 mean_reward=-7808.656 success_rate=0.00%
  [EvalTerm] {'success': 0, 'timeout': 10, 'out_of_bounds': 0, 'other': 0}
  [Eval] steps=815104 mean_reward=-7994.892 success_rate=0.00%
  [EvalTerm] {'success': 0, 'timeout': 10, 'out_of_bounds': 0, 'other': 0}
Update 200/488 | Steps 819200 | TrainRew -2.292 | Loss 38.0337 | Succ 0.00%
  [Eval] steps=823296 mean_reward=-8290.751 success_rate=0.00%
  [EvalTerm] {'success': 0, 'timeout': 10, 'out_of_bounds': 0, 'other': 0}
Saved checkpoint: /root/autodl-tmp/pursue_20260302/checkpoints/3d_v2_cont_big_b/latest.pth
  [Eval] steps=827392 mean_reward=-8315.142 success_rate=0.00%
  [EvalTerm] {'success': 0, 'timeout': 10, 'out_of_bounds': 0, 'other': 0}
  [Eval] steps=831488 mean_reward=-8478.058 success_rate=0.00%
  [EvalTerm] {'success': 0, 'timeout': 10, 'out_of_bounds': 0, 'other': 0}
  [Eval] steps=835584 mean_reward=-8515.644 success_rate=0.00%
  [EvalTerm] {'success': 0, 'timeout': 10, 'out_of_bounds': 0, 'other': 0}
  [Eval] steps=843776 mean_reward=-8379.246 success_rate=0.00%
  [EvalTerm] {'success': 0, 'timeout': 10, 'out_of_bounds': 0, 'other': 0}
Saved checkpoint: /root/autodl-tmp/pursue_20260302/checkpoints/3d_v2_cont_big_b/latest.pth
  [Eval] steps=847872 mean_reward=-8254.417 success_rate=0.00%
  [EvalTerm] {'success': 0, 'timeout': 10, 'out_of_bounds': 0, 'other': 0}
  [Eval] steps=851968 mean_reward=-7376.839 success_rate=0.00%
  [EvalTerm] {'success': 0, 'timeout': 10, 'out_of_bounds': 0, 'other': 0}
  [Eval] steps=856064 mean_reward=-7696.816 success_rate=0.00%
  [EvalTerm] {'success': 0, 'timeout': 10, 'out_of_bounds': 0, 'other': 0}
Update 210/488 | Steps 860160 | TrainRew -2.371 | Loss 33.3173 | Succ 0.00%
  [Eval] steps=860160 mean_reward=-8967.802 success_rate=0.00%
  [EvalTerm] {'success': 0, 'timeout': 10, 'out_of_bounds': 0, 'other': 0}
Saved checkpoint: /root/autodl-tmp/pursue_20260302/checkpoints/3d_v2_cont_big_b/latest.pth
  [Eval] steps=868352 mean_reward=-8777.945 success_rate=0.00%
  [EvalTerm] {'success': 0, 'timeout': 10, 'out_of_bounds': 0, 'other': 0}
  [Eval] steps=872448 mean_reward=-7931.315 success_rate=0.00%
  [EvalTerm] {'success': 0, 'timeout': 10, 'out_of_bounds': 0, 'other': 0}
  [Eval] steps=876544 mean_reward=-9175.069 success_rate=0.00%
  [EvalTerm] {'success': 0, 'timeout': 10, 'out_of_bounds': 0, 'other': 0}
  [Eval] steps=880640 mean_reward=-8790.219 success_rate=0.00%
  [EvalTerm] {'success': 0, 'timeout': 10, 'out_of_bounds': 0, 'other': 0}
Saved checkpoint: /root/autodl-tmp/pursue_20260302/checkpoints/3d_v2_cont_big_b/latest.pth
  [Eval] steps=888832 mean_reward=-8214.195 success_rate=0.00%
  [EvalTerm] {'success': 0, 'timeout': 10, 'out_of_bounds': 0, 'other': 0}
  [Eval] steps=892928 mean_reward=-8828.417 success_rate=0.00%
  [EvalTerm] {'success': 0, 'timeout': 10, 'out_of_bounds': 0, 'other': 0}
  [Eval] steps=897024 mean_reward=-8360.669 success_rate=0.00%
  [EvalTerm] {'success': 0, 'timeout': 10, 'out_of_bounds': 0, 'other': 0}
Update 220/488 | Steps 901120 | TrainRew -2.052 | Loss 35.3527 | Succ 0.00%
  [Eval] steps=901120 mean_reward=-9163.312 success_rate=0.00%
  [EvalTerm] {'success': 0, 'timeout': 10, 'out_of_bounds': 0, 'other': 0}
Saved checkpoint: /root/autodl-tmp/pursue_20260302/checkpoints/3d_v2_cont_big_b/latest.pth
  [Eval] steps=905216 mean_reward=-8079.392 success_rate=0.00%
  [EvalTerm] {'success': 0, 'timeout': 10, 'out_of_bounds': 0, 'other': 0}
  [Eval] steps=913408 mean_reward=-8290.121 success_rate=0.00%
  [EvalTerm] {'success': 0, 'timeout': 10, 'out_of_bounds': 0, 'other': 0}
  [Eval] steps=917504 mean_reward=-7437.045 success_rate=0.00%
  [EvalTerm] {'success': 0, 'timeout': 10, 'out_of_bounds': 0, 'other': 0}
  [Eval] steps=921600 mean_reward=-8649.149 success_rate=0.00%
  [EvalTerm] {'success': 0, 'timeout': 10, 'out_of_bounds': 0, 'other': 0}
Saved checkpoint: /root/autodl-tmp/pursue_20260302/checkpoints/3d_v2_cont_big_b/latest.pth
  [Eval] steps=925696 mean_reward=-9669.802 success_rate=0.00%
  [EvalTerm] {'success': 0, 'timeout': 10, 'out_of_bounds': 0, 'other': 0}
  [Eval] steps=933888 mean_reward=-8673.497 success_rate=0.00%
  [EvalTerm] {'success': 0, 'timeout': 10, 'out_of_bounds': 0, 'other': 0}
  [Eval] steps=937984 mean_reward=-8963.247 success_rate=0.00%
  [EvalTerm] {'success': 0, 'timeout': 10, 'out_of_bounds': 0, 'other': 0}
Update 230/488 | Steps 942080 | TrainRew -1.981 | Loss 29.0748 | Succ 0.00%
  [Eval] steps=942080 mean_reward=-7563.979 success_rate=0.00%
  [EvalTerm] {'success': 0, 'timeout': 10, 'out_of_bounds': 0, 'other': 0}
Saved checkpoint: /root/autodl-tmp/pursue_20260302/checkpoints/3d_v2_cont_big_b/latest.pth
  [Eval] steps=946176 mean_reward=-8972.134 success_rate=0.00%
  [EvalTerm] {'success': 0, 'timeout': 10, 'out_of_bounds': 0, 'other': 0}
  [Eval] steps=950272 mean_reward=-8299.907 success_rate=0.00%
  [EvalTerm] {'success': 0, 'timeout': 10, 'out_of_bounds': 0, 'other': 0}
  [Eval] steps=958464 mean_reward=-8512.241 success_rate=0.00%
  [EvalTerm] {'success': 0, 'timeout': 10, 'out_of_bounds': 0, 'other': 0}
  [Eval] steps=962560 mean_reward=-8690.776 success_rate=0.00%
  [EvalTerm] {'success': 0, 'timeout': 10, 'out_of_bounds': 0, 'other': 0}
Saved checkpoint: /root/autodl-tmp/pursue_20260302/checkpoints/3d_v2_cont_big_b/latest.pth
  [Eval] steps=966656 mean_reward=-7284.301 success_rate=0.00%
  [EvalTerm] {'success': 0, 'timeout': 10, 'out_of_bounds': 0, 'other': 0}
  [Eval] steps=970752 mean_reward=-8853.088 success_rate=0.00%
  [EvalTerm] {'success': 0, 'timeout': 10, 'out_of_bounds': 0, 'other': 0}
  [Eval] steps=978944 mean_reward=-8121.007 success_rate=0.00%
  [EvalTerm] {'success': 0, 'timeout': 10, 'out_of_bounds': 0, 'other': 0}
Update 240/488 | Steps 983040 | TrainRew -2.331 | Loss 17.6466 | Succ 0.00%
  [Eval] steps=983040 mean_reward=-7933.525 success_rate=0.00%
  [EvalTerm] {'success': 0, 'timeout': 10, 'out_of_bounds': 0, 'other': 0}
Saved checkpoint: /root/autodl-tmp/pursue_20260302/checkpoints/3d_v2_cont_big_b/latest.pth
  [Eval] steps=987136 mean_reward=-8728.958 success_rate=0.00%
  [EvalTerm] {'success': 0, 'timeout': 10, 'out_of_bounds': 0, 'other': 0}
  [Eval] steps=991232 mean_reward=-8605.989 success_rate=0.00%
  [EvalTerm] {'success': 0, 'timeout': 10, 'out_of_bounds': 0, 'other': 0}
  [Eval] steps=995328 mean_reward=-9037.398 success_rate=0.00%
  [EvalTerm] {'success': 0, 'timeout': 10, 'out_of_bounds': 0, 'other': 0}
  [Eval] steps=1003520 mean_reward=-8751.987 success_rate=0.00%
  [EvalTerm] {'success': 0, 'timeout': 10, 'out_of_bounds': 0, 'other': 0}
Saved checkpoint: /root/autodl-tmp/pursue_20260302/checkpoints/3d_v2_cont_big_b/latest.pth
  [Eval] steps=1007616 mean_reward=-7086.377 success_rate=0.00%
  [EvalTerm] {'success': 0, 'timeout': 10, 'out_of_bounds': 0, 'other': 0}
Saved checkpoint: /root/autodl-tmp/pursue_20260302/checkpoints/3d_v2_cont_big_b/best.pth
  [Eval] steps=1011712 mean_reward=-8527.992 success_rate=0.00%
  [EvalTerm] {'success': 0, 'timeout': 10, 'out_of_bounds': 0, 'other': 0}
  [Eval] steps=1015808 mean_reward=-7771.227 success_rate=0.00%
  [EvalTerm] {'success': 0, 'timeout': 10, 'out_of_bounds': 0, 'other': 0}
Update 250/488 | Steps 1024000 | TrainRew -2.026 | Loss 41.2443 | Succ 0.00%
  [Eval] steps=1024000 mean_reward=-7673.377 success_rate=0.00%
  [EvalTerm] {'success': 0, 'timeout': 10, 'out_of_bounds': 0, 'other': 0}
Saved checkpoint: /root/autodl-tmp/pursue_20260302/checkpoints/3d_v2_cont_big_b/latest.pth
  [Eval] steps=1028096 mean_reward=-8164.148 success_rate=0.00%
  [EvalTerm] {'success': 0, 'timeout': 10, 'out_of_bounds': 0, 'other': 0}
  [Eval] steps=1032192 mean_reward=-8558.391 success_rate=0.00%
  [EvalTerm] {'success': 0, 'timeout': 10, 'out_of_bounds': 0, 'other': 0}
  [Eval] steps=1036288 mean_reward=-8268.657 success_rate=0.00%
  [EvalTerm] {'success': 0, 'timeout': 10, 'out_of_bounds': 0, 'other': 0}
  [Eval] steps=1040384 mean_reward=-7375.130 success_rate=0.00%
  [EvalTerm] {'success': 0, 'timeout': 10, 'out_of_bounds': 0, 'other': 0}
Saved checkpoint: /root/autodl-tmp/pursue_20260302/checkpoints/3d_v2_cont_big_b/latest.pth
  [Eval] steps=1048576 mean_reward=-7990.986 success_rate=0.00%
  [EvalTerm] {'success': 0, 'timeout': 10, 'out_of_bounds': 0, 'other': 0}
  [Eval] steps=1052672 mean_reward=-9166.698 success_rate=0.00%
  [EvalTerm] {'success': 0, 'timeout': 10, 'out_of_bounds': 0, 'other': 0}
  [Eval] steps=1056768 mean_reward=-7951.267 success_rate=0.00%
  [EvalTerm] {'success': 0, 'timeout': 10, 'out_of_bounds': 0, 'other': 0}
  [Eval] steps=1060864 mean_reward=-8964.738 success_rate=0.00%
  [EvalTerm] {'success': 0, 'timeout': 10, 'out_of_bounds': 0, 'other': 0}
Saved checkpoint: /root/autodl-tmp/pursue_20260302/checkpoints/3d_v2_cont_big_b/latest.pth
Update 260/488 | Steps 1064960 | TrainRew -1.882 | Loss 38.7143 | Succ 0.00%
  [Eval] steps=1069056 mean_reward=-7283.809 success_rate=0.00%
  [EvalTerm] {'success': 0, 'timeout': 10, 'out_of_bounds': 0, 'other': 0}
  [Eval] steps=1073152 mean_reward=-7887.602 success_rate=0.00%
  [EvalTerm] {'success': 0, 'timeout': 10, 'out_of_bounds': 0, 'other': 0}
  [Eval] steps=1077248 mean_reward=-8039.208 success_rate=0.00%
  [EvalTerm] {'success': 0, 'timeout': 10, 'out_of_bounds': 0, 'other': 0}
  [Eval] steps=1081344 mean_reward=-7724.582 success_rate=0.00%
  [EvalTerm] {'success': 0, 'timeout': 10, 'out_of_bounds': 0, 'other': 0}
Saved checkpoint: /root/autodl-tmp/pursue_20260302/checkpoints/3d_v2_cont_big_b/latest.pth
  [Eval] steps=1085440 mean_reward=-8321.467 success_rate=0.00%
  [EvalTerm] {'success': 0, 'timeout': 10, 'out_of_bounds': 0, 'other': 0}
  [Eval] steps=1093632 mean_reward=-8602.005 success_rate=0.00%
  [EvalTerm] {'success': 0, 'timeout': 10, 'out_of_bounds': 0, 'other': 0}
  [Eval] steps=1097728 mean_reward=-8804.135 success_rate=0.00%
  [EvalTerm] {'success': 0, 'timeout': 10, 'out_of_bounds': 0, 'other': 0}
  [Eval] steps=1101824 mean_reward=-7638.780 success_rate=0.00%
  [EvalTerm] {'success': 0, 'timeout': 10, 'out_of_bounds': 0, 'other': 0}
Saved checkpoint: /root/autodl-tmp/pursue_20260302/checkpoints/3d_v2_cont_big_b/latest.pth
Update 270/488 | Steps 1105920 | TrainRew -2.440 | Loss 35.7536 | Succ 0.00%
  [Eval] steps=1105920 mean_reward=-7476.838 success_rate=0.00%
  [EvalTerm] {'success': 0, 'timeout': 10, 'out_of_bounds': 0, 'other': 0}
  [Eval] steps=1110016 mean_reward=-7712.456 success_rate=0.00%
  [EvalTerm] {'success': 0, 'timeout': 10, 'out_of_bounds': 0, 'other': 0}
  [Eval] steps=1118208 mean_reward=-8014.347 success_rate=0.00%
  [EvalTerm] {'success': 0, 'timeout': 10, 'out_of_bounds': 0, 'other': 0}
  [Eval] steps=1122304 mean_reward=-8810.724 success_rate=0.00%
  [EvalTerm] {'success': 0, 'timeout': 10, 'out_of_bounds': 0, 'other': 0}
Saved checkpoint: /root/autodl-tmp/pursue_20260302/checkpoints/3d_v2_cont_big_b/latest.pth
  [Eval] steps=1126400 mean_reward=-7953.144 success_rate=0.00%
  [EvalTerm] {'success': 0, 'timeout': 10, 'out_of_bounds': 0, 'other': 0}
  [Eval] steps=1130496 mean_reward=-8581.545 success_rate=0.00%
  [EvalTerm] {'success': 0, 'timeout': 10, 'out_of_bounds': 0, 'other': 0}
  [Eval] steps=1138688 mean_reward=-8154.351 success_rate=0.00%
  [EvalTerm] {'success': 0, 'timeout': 10, 'out_of_bounds': 0, 'other': 0}
  [Eval] steps=1142784 mean_reward=-7535.048 success_rate=0.00%
  [EvalTerm] {'success': 0, 'timeout': 10, 'out_of_bounds': 0, 'other': 0}
Saved checkpoint: /root/autodl-tmp/pursue_20260302/checkpoints/3d_v2_cont_big_b/latest.pth
Update 280/488 | Steps 1146880 | TrainRew -2.306 | Loss 21.5799 | Succ 0.00%
  [Eval] steps=1146880 mean_reward=-7275.565 success_rate=0.00%
  [EvalTerm] {'success': 0, 'timeout': 10, 'out_of_bounds': 0, 'other': 0}
  [Eval] steps=1150976 mean_reward=-9129.941 success_rate=0.00%
  [EvalTerm] {'success': 0, 'timeout': 10, 'out_of_bounds': 0, 'other': 0}
  [Eval] steps=1155072 mean_reward=-6608.485 success_rate=0.00%
  [EvalTerm] {'success': 0, 'timeout': 10, 'out_of_bounds': 0, 'other': 0}
Saved checkpoint: /root/autodl-tmp/pursue_20260302/checkpoints/3d_v2_cont_big_b/best.pth
  [Eval] steps=1163264 mean_reward=-7695.588 success_rate=0.00%
  [EvalTerm] {'success': 0, 'timeout': 10, 'out_of_bounds': 0, 'other': 0}
Saved checkpoint: /root/autodl-tmp/pursue_20260302/checkpoints/3d_v2_cont_big_b/latest.pth
  [Eval] steps=1167360 mean_reward=-7551.610 success_rate=0.00%
  [EvalTerm] {'success': 0, 'timeout': 10, 'out_of_bounds': 0, 'other': 0}
  [Eval] steps=1171456 mean_reward=-8701.104 success_rate=0.00%
  [EvalTerm] {'success': 0, 'timeout': 10, 'out_of_bounds': 0, 'other': 0}
  [Eval] steps=1175552 mean_reward=-7681.636 success_rate=0.00%
  [EvalTerm] {'success': 0, 'timeout': 10, 'out_of_bounds': 0, 'other': 0}
  [Eval] steps=1183744 mean_reward=-8390.843 success_rate=0.00%
  [EvalTerm] {'success': 0, 'timeout': 10, 'out_of_bounds': 0, 'other': 0}
Saved checkpoint: /root/autodl-tmp/pursue_20260302/checkpoints/3d_v2_cont_big_b/latest.pth
Update 290/488 | Steps 1187840 | TrainRew -1.852 | Loss 42.0624 | Succ 0.00%
  [Eval] steps=1187840 mean_reward=-7263.272 success_rate=0.00%
  [EvalTerm] {'success': 0, 'timeout': 10, 'out_of_bounds': 0, 'other': 0}
  [Eval] steps=1191936 mean_reward=-9123.769 success_rate=0.00%
  [EvalTerm] {'success': 0, 'timeout': 10, 'out_of_bounds': 0, 'other': 0}
  [Eval] steps=1196032 mean_reward=-7418.323 success_rate=0.00%
  [EvalTerm] {'success': 0, 'timeout': 10, 'out_of_bounds': 0, 'other': 0}
  [Eval] steps=1200128 mean_reward=-8000.328 success_rate=0.00%
  [EvalTerm] {'success': 0, 'timeout': 10, 'out_of_bounds': 0, 'other': 0}
Saved checkpoint: /root/autodl-tmp/pursue_20260302/checkpoints/3d_v2_cont_big_b/latest.pth
  [Eval] steps=1208320 mean_reward=-8287.809 success_rate=0.00%
  [EvalTerm] {'success': 0, 'timeout': 10, 'out_of_bounds': 0, 'other': 0}
  [Eval] steps=1212416 mean_reward=-6791.894 success_rate=0.00%
  [EvalTerm] {'success': 0, 'timeout': 10, 'out_of_bounds': 0, 'other': 0}
  [Eval] steps=1216512 mean_reward=-7300.685 success_rate=0.00%
  [EvalTerm] {'success': 0, 'timeout': 10, 'out_of_bounds': 0, 'other': 0}
  [Eval] steps=1220608 mean_reward=-7010.467 success_rate=0.00%
  [EvalTerm] {'success': 0, 'timeout': 10, 'out_of_bounds': 0, 'other': 0}
Saved checkpoint: /root/autodl-tmp/pursue_20260302/checkpoints/3d_v2_cont_big_b/latest.pth
Update 300/488 | Steps 1228800 | TrainRew -2.293 | Loss 102.1787 | Succ 0.00%
  [Eval] steps=1228800 mean_reward=-7633.403 success_rate=0.00%
  [EvalTerm] {'success': 0, 'timeout': 10, 'out_of_bounds': 0, 'other': 0}
  [Eval] steps=1232896 mean_reward=-8686.135 success_rate=0.00%
  [EvalTerm] {'success': 0, 'timeout': 10, 'out_of_bounds': 0, 'other': 0}
  [Eval] steps=1236992 mean_reward=-7776.309 success_rate=0.00%
  [EvalTerm] {'success': 0, 'timeout': 10, 'out_of_bounds': 0, 'other': 0}
  [Eval] steps=1241088 mean_reward=-6503.974 success_rate=0.00%
  [EvalTerm] {'success': 0, 'timeout': 10, 'out_of_bounds': 0, 'other': 0}
Saved checkpoint: /root/autodl-tmp/pursue_20260302/checkpoints/3d_v2_cont_big_b/best.pth
Saved checkpoint: /root/autodl-tmp/pursue_20260302/checkpoints/3d_v2_cont_big_b/latest.pth
  [Eval] steps=1245184 mean_reward=-6904.631 success_rate=0.00%
  [EvalTerm] {'success': 0, 'timeout': 10, 'out_of_bounds': 0, 'other': 0}
  [Eval] steps=1253376 mean_reward=-6240.567 success_rate=0.00%
  [EvalTerm] {'success': 0, 'timeout': 10, 'out_of_bounds': 0, 'other': 0}
Saved checkpoint: /root/autodl-tmp/pursue_20260302/checkpoints/3d_v2_cont_big_b/best.pth
  [Eval] steps=1257472 mean_reward=-5472.866 success_rate=0.00%
  [EvalTerm] {'success': 0, 'timeout': 10, 'out_of_bounds': 0, 'other': 0}
Saved checkpoint: /root/autodl-tmp/pursue_20260302/checkpoints/3d_v2_cont_big_b/best.pth
  [Eval] steps=1261568 mean_reward=-6641.762 success_rate=0.00%
  [EvalTerm] {'success': 0, 'timeout': 10, 'out_of_bounds': 0, 'other': 0}
Saved checkpoint: /root/autodl-tmp/pursue_20260302/checkpoints/3d_v2_cont_big_b/latest.pth
  [Eval] steps=1265664 mean_reward=-6626.006 success_rate=0.00%
  [EvalTerm] {'success': 0, 'timeout': 10, 'out_of_bounds': 0, 'other': 0}
Update 310/488 | Steps 1269760 | TrainRew -2.033 | Loss 87.7102 | Succ 0.00%
  [Eval] steps=1273856 mean_reward=-6576.336 success_rate=0.00%
  [EvalTerm] {'success': 0, 'timeout': 10, 'out_of_bounds': 0, 'other': 0}
  [Eval] steps=1277952 mean_reward=-5701.142 success_rate=0.00%
  [EvalTerm] {'success': 0, 'timeout': 10, 'out_of_bounds': 0, 'other': 0}
  [Eval] steps=1282048 mean_reward=-5178.504 success_rate=0.00%
  [EvalTerm] {'success': 0, 'timeout': 10, 'out_of_bounds': 0, 'other': 0}
Saved checkpoint: /root/autodl-tmp/pursue_20260302/checkpoints/3d_v2_cont_big_b/best.pth
Saved checkpoint: /root/autodl-tmp/pursue_20260302/checkpoints/3d_v2_cont_big_b/latest.pth
  [Eval] steps=1286144 mean_reward=-5428.083 success_rate=0.00%
  [EvalTerm] {'success': 0, 'timeout': 10, 'out_of_bounds': 0, 'other': 0}
  [Eval] steps=1290240 mean_reward=-5146.408 success_rate=0.00%
  [EvalTerm] {'success': 0, 'timeout': 10, 'out_of_bounds': 0, 'other': 0}
Saved checkpoint: /root/autodl-tmp/pursue_20260302/checkpoints/3d_v2_cont_big_b/best.pth
  [Eval] steps=1298432 mean_reward=-5484.401 success_rate=0.00%
  [EvalTerm] {'success': 0, 'timeout': 10, 'out_of_bounds': 0, 'other': 0}
  [Eval] steps=1302528 mean_reward=-5265.338 success_rate=10.00%
  [EvalTerm] {'success': 1, 'timeout': 9, 'out_of_bounds': 0, 'other': 0}
Saved checkpoint: /root/autodl-tmp/pursue_20260302/checkpoints/3d_v2_cont_big_b/latest.pth
  [Eval] steps=1306624 mean_reward=-4643.615 success_rate=0.00%
  [EvalTerm] {'success': 0, 'timeout': 10, 'out_of_bounds': 0, 'other': 0}
Saved checkpoint: /root/autodl-tmp/pursue_20260302/checkpoints/3d_v2_cont_big_b/best.pth
Update 320/488 | Steps 1310720 | TrainRew -1.900 | Loss 133.7426 | Succ 0.00%
  [Eval] steps=1310720 mean_reward=-5385.572 success_rate=0.00%
  [EvalTerm] {'success': 0, 'timeout': 10, 'out_of_bounds': 0, 'other': 0}
  [Eval] steps=1318912 mean_reward=-5486.092 success_rate=0.00%
  [EvalTerm] {'success': 0, 'timeout': 10, 'out_of_bounds': 0, 'other': 0}
  [Eval] steps=1323008 mean_reward=-5843.686 success_rate=0.00%
  [EvalTerm] {'success': 0, 'timeout': 10, 'out_of_bounds': 0, 'other': 0}
Saved checkpoint: /root/autodl-tmp/pursue_20260302/checkpoints/3d_v2_cont_big_b/latest.pth
  [Eval] steps=1327104 mean_reward=-5508.534 success_rate=0.00%
  [EvalTerm] {'success': 0, 'timeout': 10, 'out_of_bounds': 0, 'other': 0}
  [Eval] steps=1331200 mean_reward=-5935.484 success_rate=0.00%
  [EvalTerm] {'success': 0, 'timeout': 10, 'out_of_bounds': 0, 'other': 0}
  [Eval] steps=1335296 mean_reward=-5464.982 success_rate=0.00%
  [EvalTerm] {'success': 0, 'timeout': 10, 'out_of_bounds': 0, 'other': 0}
  [Eval] steps=1343488 mean_reward=-6734.417 success_rate=0.00%
  [EvalTerm] {'success': 0, 'timeout': 10, 'out_of_bounds': 0, 'other': 0}
Saved checkpoint: /root/autodl-tmp/pursue_20260302/checkpoints/3d_v2_cont_big_b/latest.pth
  [Eval] steps=1347584 mean_reward=-4625.089 success_rate=10.00%
  [EvalTerm] {'success': 1, 'timeout': 9, 'out_of_bounds': 0, 'other': 0}
Saved checkpoint: /root/autodl-tmp/pursue_20260302/checkpoints/3d_v2_cont_big_b/best.pth
Update 330/488 | Steps 1351680 | TrainRew -1.701 | Loss 74.8346 | Succ 0.00%
  [Eval] steps=1351680 mean_reward=-4824.062 success_rate=0.00%
  [EvalTerm] {'success': 0, 'timeout': 10, 'out_of_bounds': 0, 'other': 0}
  [Eval] steps=1355776 mean_reward=-5132.773 success_rate=10.00%
  [EvalTerm] {'success': 1, 'timeout': 9, 'out_of_bounds': 0, 'other': 0}
  [Eval] steps=1363968 mean_reward=-5191.282 success_rate=0.00%
  [EvalTerm] {'success': 0, 'timeout': 10, 'out_of_bounds': 0, 'other': 0}
Saved checkpoint: /root/autodl-tmp/pursue_20260302/checkpoints/3d_v2_cont_big_b/latest.pth
  [Eval] steps=1368064 mean_reward=-6325.013 success_rate=0.00%
  [EvalTerm] {'success': 0, 'timeout': 10, 'out_of_bounds': 0, 'other': 0}
  [Eval] steps=1372160 mean_reward=-4869.570 success_rate=0.00%
  [EvalTerm] {'success': 0, 'timeout': 10, 'out_of_bounds': 0, 'other': 0}
  [Eval] steps=1376256 mean_reward=-5466.756 success_rate=0.00%
  [EvalTerm] {'success': 0, 'timeout': 10, 'out_of_bounds': 0, 'other': 0}
  [Eval] steps=1380352 mean_reward=-6165.806 success_rate=0.00%
  [EvalTerm] {'success': 0, 'timeout': 10, 'out_of_bounds': 0, 'other': 0}
Saved checkpoint: /root/autodl-tmp/pursue_20260302/checkpoints/3d_v2_cont_big_b/latest.pth
  [Eval] steps=1388544 mean_reward=-4982.440 success_rate=0.00%
  [EvalTerm] {'success': 0, 'timeout': 10, 'out_of_bounds': 0, 'other': 0}
Update 340/488 | Steps 1392640 | TrainRew -1.777 | Loss 76.5473 | Succ 0.00%
  [Eval] steps=1392640 mean_reward=-5942.029 success_rate=10.00%
  [EvalTerm] {'success': 1, 'timeout': 9, 'out_of_bounds': 0, 'other': 0}
  [Eval] steps=1396736 mean_reward=-6591.018 success_rate=0.00%
  [EvalTerm] {'success': 0, 'timeout': 10, 'out_of_bounds': 0, 'other': 0}
  [Eval] steps=1400832 mean_reward=-5932.075 success_rate=0.00%
  [EvalTerm] {'success': 0, 'timeout': 10, 'out_of_bounds': 0, 'other': 0}
Saved checkpoint: /root/autodl-tmp/pursue_20260302/checkpoints/3d_v2_cont_big_b/latest.pth
  [Eval] steps=1409024 mean_reward=-6440.439 success_rate=0.00%
  [EvalTerm] {'success': 0, 'timeout': 10, 'out_of_bounds': 0, 'other': 0}
  [Eval] steps=1413120 mean_reward=-5647.094 success_rate=0.00%
  [EvalTerm] {'success': 0, 'timeout': 10, 'out_of_bounds': 0, 'other': 0}
  [Eval] steps=1417216 mean_reward=-5754.455 success_rate=0.00%
  [EvalTerm] {'success': 0, 'timeout': 10, 'out_of_bounds': 0, 'other': 0}
  [Eval] steps=1421312 mean_reward=-5739.894 success_rate=0.00%
  [EvalTerm] {'success': 0, 'timeout': 10, 'out_of_bounds': 0, 'other': 0}
Saved checkpoint: /root/autodl-tmp/pursue_20260302/checkpoints/3d_v2_cont_big_b/latest.pth
  [Eval] steps=1425408 mean_reward=-6084.042 success_rate=0.00%
  [EvalTerm] {'success': 0, 'timeout': 10, 'out_of_bounds': 0, 'other': 0}
Update 350/488 | Steps 1433600 | TrainRew -1.653 | Loss 97.9161 | Succ 0.00%
  [Eval] steps=1433600 mean_reward=-6965.068 success_rate=0.00%
  [EvalTerm] {'success': 0, 'timeout': 10, 'out_of_bounds': 0, 'other': 0}
  [Eval] steps=1437696 mean_reward=-6462.287 success_rate=0.00%
  [EvalTerm] {'success': 0, 'timeout': 10, 'out_of_bounds': 0, 'other': 0}
  [Eval] steps=1441792 mean_reward=-6164.326 success_rate=0.00%
  [EvalTerm] {'success': 0, 'timeout': 10, 'out_of_bounds': 0, 'other': 0}
Saved checkpoint: /root/autodl-tmp/pursue_20260302/checkpoints/3d_v2_cont_big_b/latest.pth
  [Eval] steps=1445888 mean_reward=-6776.271 success_rate=0.00%
  [EvalTerm] {'success': 0, 'timeout': 10, 'out_of_bounds': 0, 'other': 0}
  [Eval] steps=1454080 mean_reward=-6546.146 success_rate=0.00%
  [EvalTerm] {'success': 0, 'timeout': 10, 'out_of_bounds': 0, 'other': 0}
  [Eval] steps=1458176 mean_reward=-5419.069 success_rate=0.00%
  [EvalTerm] {'success': 0, 'timeout': 10, 'out_of_bounds': 0, 'other': 0}
  [Eval] steps=1462272 mean_reward=-6476.150 success_rate=0.00%
  [EvalTerm] {'success': 0, 'timeout': 10, 'out_of_bounds': 0, 'other': 0}
Saved checkpoint: /root/autodl-tmp/pursue_20260302/checkpoints/3d_v2_cont_big_b/latest.pth
  [Eval] steps=1466368 mean_reward=-6214.866 success_rate=0.00%
  [EvalTerm] {'success': 0, 'timeout': 10, 'out_of_bounds': 0, 'other': 0}
  [Eval] steps=1470464 mean_reward=-5219.621 success_rate=0.00%
  [EvalTerm] {'success': 0, 'timeout': 10, 'out_of_bounds': 0, 'other': 0}
Update 360/488 | Steps 1474560 | TrainRew -1.942 | Loss 77.4181 | Succ 0.00%
  [Eval] steps=1478656 mean_reward=-6425.297 success_rate=0.00%
  [EvalTerm] {'success': 0, 'timeout': 10, 'out_of_bounds': 0, 'other': 0}
  [Eval] steps=1482752 mean_reward=-7473.417 success_rate=0.00%
  [EvalTerm] {'success': 0, 'timeout': 10, 'out_of_bounds': 0, 'other': 0}
Saved checkpoint: /root/autodl-tmp/pursue_20260302/checkpoints/3d_v2_cont_big_b/latest.pth
  [Eval] steps=1486848 mean_reward=-5933.726 success_rate=10.00%
  [EvalTerm] {'success': 1, 'timeout': 9, 'out_of_bounds': 0, 'other': 0}
  [Eval] steps=1490944 mean_reward=-8847.144 success_rate=10.00%
  [EvalTerm] {'success': 1, 'timeout': 9, 'out_of_bounds': 0, 'other': 0}
  [Eval] steps=1495040 mean_reward=-6374.957 success_rate=10.00%
  [EvalTerm] {'success': 1, 'timeout': 9, 'out_of_bounds': 0, 'other': 0}
  [Eval] steps=1503232 mean_reward=-6822.991 success_rate=0.00%
  [EvalTerm] {'success': 0, 'timeout': 10, 'out_of_bounds': 0, 'other': 0}
Saved checkpoint: /root/autodl-tmp/pursue_20260302/checkpoints/3d_v2_cont_big_b/latest.pth
  [Eval] steps=1507328 mean_reward=-6963.098 success_rate=0.00%
  [EvalTerm] {'success': 0, 'timeout': 10, 'out_of_bounds': 0, 'other': 0}
  [Eval] steps=1511424 mean_reward=-5587.928 success_rate=0.00%
  [EvalTerm] {'success': 0, 'timeout': 10, 'out_of_bounds': 0, 'other': 0}
Update 370/488 | Steps 1515520 | TrainRew -2.091 | Loss 62.6874 | Succ 0.00%
  [Eval] steps=1515520 mean_reward=-6295.399 success_rate=0.00%
  [EvalTerm] {'success': 0, 'timeout': 10, 'out_of_bounds': 0, 'other': 0}
  [Eval] steps=1523712 mean_reward=-5360.867 success_rate=0.00%
  [EvalTerm] {'success': 0, 'timeout': 10, 'out_of_bounds': 0, 'other': 0}
Saved checkpoint: /root/autodl-tmp/pursue_20260302/checkpoints/3d_v2_cont_big_b/latest.pth
  [Eval] steps=1527808 mean_reward=-5444.439 success_rate=20.00%
  [EvalTerm] {'success': 2, 'timeout': 8, 'out_of_bounds': 0, 'other': 0}
  [Eval] steps=1531904 mean_reward=-7001.461 success_rate=0.00%
  [EvalTerm] {'success': 0, 'timeout': 10, 'out_of_bounds': 0, 'other': 0}
  [Eval] steps=1536000 mean_reward=-6720.257 success_rate=0.00%
  [EvalTerm] {'success': 0, 'timeout': 10, 'out_of_bounds': 0, 'other': 0}
  [Eval] steps=1540096 mean_reward=-6024.156 success_rate=10.00%
  [EvalTerm] {'success': 1, 'timeout': 9, 'out_of_bounds': 0, 'other': 0}
Saved checkpoint: /root/autodl-tmp/pursue_20260302/checkpoints/3d_v2_cont_big_b/latest.pth
  [Eval] steps=1548288 mean_reward=-5762.387 success_rate=0.00%
  [EvalTerm] {'success': 0, 'timeout': 10, 'out_of_bounds': 0, 'other': 0}
  [Eval] steps=1552384 mean_reward=-7175.094 success_rate=10.00%
  [EvalTerm] {'success': 1, 'timeout': 9, 'out_of_bounds': 0, 'other': 0}
Update 380/488 | Steps 1556480 | TrainRew -2.197 | Loss 55.1416 | Succ 0.00%
  [Eval] steps=1556480 mean_reward=-5773.708 success_rate=10.00%
  [EvalTerm] {'success': 1, 'timeout': 9, 'out_of_bounds': 0, 'other': 0}
  [Eval] steps=1560576 mean_reward=-7221.337 success_rate=0.00%
  [EvalTerm] {'success': 0, 'timeout': 10, 'out_of_bounds': 0, 'other': 0}
Saved checkpoint: /root/autodl-tmp/pursue_20260302/checkpoints/3d_v2_cont_big_b/latest.pth
  [Eval] steps=1568768 mean_reward=-5881.877 success_rate=0.00%
  [EvalTerm] {'success': 0, 'timeout': 10, 'out_of_bounds': 0, 'other': 0}
  [Eval] steps=1572864 mean_reward=-6635.500 success_rate=0.00%
  [EvalTerm] {'success': 0, 'timeout': 10, 'out_of_bounds': 0, 'other': 0}
  [Eval] steps=1576960 mean_reward=-7148.747 success_rate=0.00%
  [EvalTerm] {'success': 0, 'timeout': 10, 'out_of_bounds': 0, 'other': 0}
  [Eval] steps=1581056 mean_reward=-8514.416 success_rate=0.00%
  [EvalTerm] {'success': 0, 'timeout': 10, 'out_of_bounds': 0, 'other': 0}
Saved checkpoint: /root/autodl-tmp/pursue_20260302/checkpoints/3d_v2_cont_big_b/latest.pth
  [Eval] steps=1585152 mean_reward=-6567.017 success_rate=20.00%
  [EvalTerm] {'success': 2, 'timeout': 8, 'out_of_bounds': 0, 'other': 0}
  [Eval] steps=1593344 mean_reward=-5221.519 success_rate=20.00%
  [EvalTerm] {'success': 2, 'timeout': 8, 'out_of_bounds': 0, 'other': 0}
Update 390/488 | Steps 1597440 | TrainRew -1.914 | Loss 62.9245 | Succ 0.00%
  [Eval] steps=1597440 mean_reward=-7707.871 success_rate=0.00%
  [EvalTerm] {'success': 0, 'timeout': 10, 'out_of_bounds': 0, 'other': 0}
  [Eval] steps=1601536 mean_reward=-7281.434 success_rate=10.00%
  [EvalTerm] {'success': 1, 'timeout': 9, 'out_of_bounds': 0, 'other': 0}
Saved checkpoint: /root/autodl-tmp/pursue_20260302/checkpoints/3d_v2_cont_big_b/latest.pth
  [Eval] steps=1605632 mean_reward=-6436.274 success_rate=20.00%
  [EvalTerm] {'success': 2, 'timeout': 8, 'out_of_bounds': 0, 'other': 0}
  [Eval] steps=1613824 mean_reward=-6245.596 success_rate=20.00%
  [EvalTerm] {'success': 2, 'timeout': 8, 'out_of_bounds': 0, 'other': 0}
  [Eval] steps=1617920 mean_reward=-4402.572 success_rate=40.00%
  [EvalTerm] {'success': 4, 'timeout': 6, 'out_of_bounds': 0, 'other': 0}
Saved checkpoint: /root/autodl-tmp/pursue_20260302/checkpoints/3d_v2_cont_big_b/best.pth
  [Eval] steps=1622016 mean_reward=-5746.974 success_rate=10.00%
  [EvalTerm] {'success': 1, 'timeout': 9, 'out_of_bounds': 0, 'other': 0}
Saved checkpoint: /root/autodl-tmp/pursue_20260302/checkpoints/3d_v2_cont_big_b/latest.pth
  [Eval] steps=1626112 mean_reward=-7000.668 success_rate=0.00%
  [EvalTerm] {'success': 0, 'timeout': 10, 'out_of_bounds': 0, 'other': 0}
  [Eval] steps=1630208 mean_reward=-6198.825 success_rate=10.00%
  [EvalTerm] {'success': 1, 'timeout': 9, 'out_of_bounds': 0, 'other': 0}
Update 400/488 | Steps 1638400 | TrainRew -1.868 | Loss 75.3012 | Succ 0.00%
  [Eval] steps=1638400 mean_reward=-9693.819 success_rate=0.00%
  [EvalTerm] {'success': 0, 'timeout': 10, 'out_of_bounds': 0, 'other': 0}
  [Eval] steps=1642496 mean_reward=-7529.336 success_rate=10.00%
  [EvalTerm] {'success': 1, 'timeout': 9, 'out_of_bounds': 0, 'other': 0}
Saved checkpoint: /root/autodl-tmp/pursue_20260302/checkpoints/3d_v2_cont_big_b/latest.pth
  [Eval] steps=1646592 mean_reward=-7253.916 success_rate=0.00%
  [EvalTerm] {'success': 0, 'timeout': 10, 'out_of_bounds': 0, 'other': 0}
  [Eval] steps=1650688 mean_reward=-8347.954 success_rate=10.00%
  [EvalTerm] {'success': 1, 'timeout': 9, 'out_of_bounds': 0, 'other': 0}
  [Eval] steps=1658880 mean_reward=-11302.579 success_rate=0.00%
  [EvalTerm] {'success': 0, 'timeout': 10, 'out_of_bounds': 0, 'other': 0}
  [Eval] steps=1662976 mean_reward=-6362.219 success_rate=30.00%
  [EvalTerm] {'success': 3, 'timeout': 7, 'out_of_bounds': 0, 'other': 0}
Saved checkpoint: /root/autodl-tmp/pursue_20260302/checkpoints/3d_v2_cont_big_b/latest.pth
  [Eval] steps=1667072 mean_reward=-6822.003 success_rate=20.00%
  [EvalTerm] {'success': 2, 'timeout': 8, 'out_of_bounds': 0, 'other': 0}
  [Eval] steps=1671168 mean_reward=-8550.897 success_rate=10.00%
  [EvalTerm] {'success': 1, 'timeout': 9, 'out_of_bounds': 0, 'other': 0}
  [Eval] steps=1675264 mean_reward=-8353.016 success_rate=0.00%
  [EvalTerm] {'success': 0, 'timeout': 10, 'out_of_bounds': 0, 'other': 0}
Update 410/488 | Steps 1679360 | TrainRew -1.906 | Loss 71.4751 | Succ 0.00%
  [Eval] steps=1683456 mean_reward=-7321.505 success_rate=0.00%
  [EvalTerm] {'success': 0, 'timeout': 10, 'out_of_bounds': 0, 'other': 0}
Saved checkpoint: /root/autodl-tmp/pursue_20260302/checkpoints/3d_v2_cont_big_b/latest.pth
  [Eval] steps=1687552 mean_reward=-8030.588 success_rate=0.00%
  [EvalTerm] {'success': 0, 'timeout': 10, 'out_of_bounds': 0, 'other': 0}
  [Eval] steps=1691648 mean_reward=-5808.952 success_rate=20.00%
  [EvalTerm] {'success': 2, 'timeout': 8, 'out_of_bounds': 0, 'other': 0}
  [Eval] steps=1695744 mean_reward=-6355.327 success_rate=10.00%
  [EvalTerm] {'success': 1, 'timeout': 9, 'out_of_bounds': 0, 'other': 0}
  [Eval] steps=1703936 mean_reward=-5350.829 success_rate=10.00%
  [EvalTerm] {'success': 1, 'timeout': 9, 'out_of_bounds': 0, 'other': 0}
Saved checkpoint: /root/autodl-tmp/pursue_20260302/checkpoints/3d_v2_cont_big_b/latest.pth
  [Eval] steps=1708032 mean_reward=-5513.269 success_rate=30.00%
  [EvalTerm] {'success': 3, 'timeout': 7, 'out_of_bounds': 0, 'other': 0}
  [Eval] steps=1712128 mean_reward=-6837.195 success_rate=0.00%
  [EvalTerm] {'success': 0, 'timeout': 10, 'out_of_bounds': 0, 'other': 0}
  [Eval] steps=1716224 mean_reward=-5920.935 success_rate=20.00%
  [EvalTerm] {'success': 2, 'timeout': 8, 'out_of_bounds': 0, 'other': 0}
Update 420/488 | Steps 1720320 | TrainRew -2.024 | Loss 79.5151 | Succ 0.00%
  [Eval] steps=1720320 mean_reward=-6640.357 success_rate=10.00%
  [EvalTerm] {'success': 1, 'timeout': 9, 'out_of_bounds': 0, 'other': 0}
Saved checkpoint: /root/autodl-tmp/pursue_20260302/checkpoints/3d_v2_cont_big_b/latest.pth
  [Eval] steps=1728512 mean_reward=-6465.817 success_rate=30.00%
  [EvalTerm] {'success': 3, 'timeout': 7, 'out_of_bounds': 0, 'other': 0}
  [Eval] steps=1732608 mean_reward=-4566.741 success_rate=50.00%
  [EvalTerm] {'success': 5, 'timeout': 5, 'out_of_bounds': 0, 'other': 0}
  [Eval] steps=1736704 mean_reward=-6046.261 success_rate=10.00%
  [EvalTerm] {'success': 1, 'timeout': 9, 'out_of_bounds': 0, 'other': 0}
  [Eval] steps=1740800 mean_reward=-6346.562 success_rate=10.00%
  [EvalTerm] {'success': 1, 'timeout': 9, 'out_of_bounds': 0, 'other': 0}
Saved checkpoint: /root/autodl-tmp/pursue_20260302/checkpoints/3d_v2_cont_big_b/latest.pth
  [Eval] steps=1748992 mean_reward=-6657.253 success_rate=0.00%
  [EvalTerm] {'success': 0, 'timeout': 10, 'out_of_bounds': 0, 'other': 0}
  [Eval] steps=1753088 mean_reward=-6715.338 success_rate=20.00%
  [EvalTerm] {'success': 2, 'timeout': 8, 'out_of_bounds': 0, 'other': 0}
  [Eval] steps=1757184 mean_reward=-4613.622 success_rate=40.00%
  [EvalTerm] {'success': 4, 'timeout': 6, 'out_of_bounds': 0, 'other': 0}
Update 430/488 | Steps 1761280 | TrainRew -1.712 | Loss 54.9664 | Succ 0.00%
  [Eval] steps=1761280 mean_reward=-6743.962 success_rate=10.00%
  [EvalTerm] {'success': 1, 'timeout': 9, 'out_of_bounds': 0, 'other': 0}
Saved checkpoint: /root/autodl-tmp/pursue_20260302/checkpoints/3d_v2_cont_big_b/latest.pth
  [Eval] steps=1765376 mean_reward=-6830.845 success_rate=10.00%
  [EvalTerm] {'success': 1, 'timeout': 9, 'out_of_bounds': 0, 'other': 0}
  [Eval] steps=1773568 mean_reward=-8387.074 success_rate=0.00%
  [EvalTerm] {'success': 0, 'timeout': 10, 'out_of_bounds': 0, 'other': 0}
  [Eval] steps=1777664 mean_reward=-6342.078 success_rate=10.00%
  [EvalTerm] {'success': 1, 'timeout': 9, 'out_of_bounds': 0, 'other': 0}
  [Eval] steps=1781760 mean_reward=-6837.963 success_rate=0.00%
  [EvalTerm] {'success': 0, 'timeout': 10, 'out_of_bounds': 0, 'other': 0}
Saved checkpoint: /root/autodl-tmp/pursue_20260302/checkpoints/3d_v2_cont_big_b/latest.pth
  [Eval] steps=1785856 mean_reward=-7418.025 success_rate=0.00%
  [EvalTerm] {'success': 0, 'timeout': 10, 'out_of_bounds': 0, 'other': 0}
  [Eval] steps=1794048 mean_reward=-7857.712 success_rate=0.00%
  [EvalTerm] {'success': 0, 'timeout': 10, 'out_of_bounds': 0, 'other': 0}
  [Eval] steps=1798144 mean_reward=-6326.732 success_rate=0.00%
  [EvalTerm] {'success': 0, 'timeout': 10, 'out_of_bounds': 0, 'other': 0}
Update 440/488 | Steps 1802240 | TrainRew -1.896 | Loss 48.2569 | Succ 0.00%
  [Eval] steps=1802240 mean_reward=-7076.542 success_rate=0.00%
  [EvalTerm] {'success': 0, 'timeout': 10, 'out_of_bounds': 0, 'other': 0}
Saved checkpoint: /root/autodl-tmp/pursue_20260302/checkpoints/3d_v2_cont_big_b/latest.pth
  [Eval] steps=1806336 mean_reward=-6654.860 success_rate=10.00%
  [EvalTerm] {'success': 1, 'timeout': 9, 'out_of_bounds': 0, 'other': 0}
  [Eval] steps=1810432 mean_reward=-6614.007 success_rate=10.00%
  [EvalTerm] {'success': 1, 'timeout': 9, 'out_of_bounds': 0, 'other': 0}
  [Eval] steps=1818624 mean_reward=-6524.400 success_rate=0.00%
  [EvalTerm] {'success': 0, 'timeout': 10, 'out_of_bounds': 0, 'other': 0}
  [Eval] steps=1822720 mean_reward=-6022.898 success_rate=10.00%
  [EvalTerm] {'success': 1, 'timeout': 9, 'out_of_bounds': 0, 'other': 0}
Saved checkpoint: /root/autodl-tmp/pursue_20260302/checkpoints/3d_v2_cont_big_b/latest.pth
  [Eval] steps=1826816 mean_reward=-7071.677 success_rate=10.00%
  [EvalTerm] {'success': 1, 'timeout': 9, 'out_of_bounds': 0, 'other': 0}
  [Eval] steps=1830912 mean_reward=-7747.835 success_rate=0.00%
  [EvalTerm] {'success': 0, 'timeout': 10, 'out_of_bounds': 0, 'other': 0}
  [Eval] steps=1835008 mean_reward=-6398.699 success_rate=10.00%
  [EvalTerm] {'success': 1, 'timeout': 9, 'out_of_bounds': 0, 'other': 0}
Update 450/488 | Steps 1843200 | TrainRew -2.002 | Loss 79.4873 | Succ 0.00%
  [Eval] steps=1843200 mean_reward=-5853.681 success_rate=10.00%
  [EvalTerm] {'success': 1, 'timeout': 9, 'out_of_bounds': 0, 'other': 0}
Saved checkpoint: /root/autodl-tmp/pursue_20260302/checkpoints/3d_v2_cont_big_b/latest.pth
  [Eval] steps=1847296 mean_reward=-7327.990 success_rate=0.00%
  [EvalTerm] {'success': 0, 'timeout': 10, 'out_of_bounds': 0, 'other': 0}
  [Eval] steps=1851392 mean_reward=-6120.586 success_rate=20.00%
  [EvalTerm] {'success': 2, 'timeout': 8, 'out_of_bounds': 0, 'other': 0}
  [Eval] steps=1855488 mean_reward=-6233.748 success_rate=10.00%
  [EvalTerm] {'success': 1, 'timeout': 9, 'out_of_bounds': 0, 'other': 0}
  [Eval] steps=1863680 mean_reward=-5074.190 success_rate=20.00%
  [EvalTerm] {'success': 2, 'timeout': 8, 'out_of_bounds': 0, 'other': 0}
Saved checkpoint: /root/autodl-tmp/pursue_20260302/checkpoints/3d_v2_cont_big_b/latest.pth
  [Eval] steps=1867776 mean_reward=-6354.849 success_rate=10.00%
  [EvalTerm] {'success': 1, 'timeout': 9, 'out_of_bounds': 0, 'other': 0}
  [Eval] steps=1871872 mean_reward=-5060.842 success_rate=0.00%
  [EvalTerm] {'success': 0, 'timeout': 10, 'out_of_bounds': 0, 'other': 0}
  [Eval] steps=1875968 mean_reward=-7303.024 success_rate=0.00%
  [EvalTerm] {'success': 0, 'timeout': 10, 'out_of_bounds': 0, 'other': 0}
  [Eval] steps=1880064 mean_reward=-7604.085 success_rate=0.00%
  [EvalTerm] {'success': 0, 'timeout': 10, 'out_of_bounds': 0, 'other': 0}
Saved checkpoint: /root/autodl-tmp/pursue_20260302/checkpoints/3d_v2_cont_big_b/latest.pth
Update 460/488 | Steps 1884160 | TrainRew -1.783 | Loss 48.4394 | Succ 0.00%
  [Eval] steps=1888256 mean_reward=-5899.979 success_rate=10.00%
  [EvalTerm] {'success': 1, 'timeout': 9, 'out_of_bounds': 0, 'other': 0}
  [Eval] steps=1892352 mean_reward=-5604.362 success_rate=10.00%
  [EvalTerm] {'success': 1, 'timeout': 9, 'out_of_bounds': 0, 'other': 0}
  [Eval] steps=1896448 mean_reward=-5930.408 success_rate=10.00%
  [EvalTerm] {'success': 1, 'timeout': 9, 'out_of_bounds': 0, 'other': 0}
  [Eval] steps=1900544 mean_reward=-6420.954 success_rate=0.00%
  [EvalTerm] {'success': 0, 'timeout': 10, 'out_of_bounds': 0, 'other': 0}
Saved checkpoint: /root/autodl-tmp/pursue_20260302/checkpoints/3d_v2_cont_big_b/latest.pth
  [Eval] steps=1908736 mean_reward=-6861.098 success_rate=0.00%
  [EvalTerm] {'success': 0, 'timeout': 10, 'out_of_bounds': 0, 'other': 0}
  [Eval] steps=1912832 mean_reward=-5148.029 success_rate=10.00%
  [EvalTerm] {'success': 1, 'timeout': 9, 'out_of_bounds': 0, 'other': 0}
  [Eval] steps=1916928 mean_reward=-5711.703 success_rate=20.00%
  [EvalTerm] {'success': 2, 'timeout': 8, 'out_of_bounds': 0, 'other': 0}
  [Eval] steps=1921024 mean_reward=-6036.962 success_rate=20.00%
  [EvalTerm] {'success': 2, 'timeout': 8, 'out_of_bounds': 0, 'other': 0}
Saved checkpoint: /root/autodl-tmp/pursue_20260302/checkpoints/3d_v2_cont_big_b/latest.pth
Update 470/488 | Steps 1925120 | TrainRew -2.161 | Loss 35.0064 | Succ 0.00%
  [Eval] steps=1925120 mean_reward=-6270.630 success_rate=10.00%
  [EvalTerm] {'success': 1, 'timeout': 9, 'out_of_bounds': 0, 'other': 0}
  [Eval] steps=1933312 mean_reward=-5919.574 success_rate=0.00%
  [EvalTerm] {'success': 0, 'timeout': 10, 'out_of_bounds': 0, 'other': 0}
  [Eval] steps=1937408 mean_reward=-6400.288 success_rate=0.00%
  [EvalTerm] {'success': 0, 'timeout': 10, 'out_of_bounds': 0, 'other': 0}
  [Eval] steps=1941504 mean_reward=-6739.235 success_rate=10.00%
  [EvalTerm] {'success': 1, 'timeout': 9, 'out_of_bounds': 0, 'other': 0}
Saved checkpoint: /root/autodl-tmp/pursue_20260302/checkpoints/3d_v2_cont_big_b/latest.pth
  [Eval] steps=1945600 mean_reward=-5532.871 success_rate=20.00%
  [EvalTerm] {'success': 2, 'timeout': 8, 'out_of_bounds': 0, 'other': 0}
  [Eval] steps=1953792 mean_reward=-5933.115 success_rate=0.00%
  [EvalTerm] {'success': 0, 'timeout': 10, 'out_of_bounds': 0, 'other': 0}
  [Eval] steps=1957888 mean_reward=-5572.942 success_rate=0.00%
  [EvalTerm] {'success': 0, 'timeout': 10, 'out_of_bounds': 0, 'other': 0}
  [Eval] steps=1961984 mean_reward=-6085.210 success_rate=20.00%
  [EvalTerm] {'success': 2, 'timeout': 8, 'out_of_bounds': 0, 'other': 0}
Saved checkpoint: /root/autodl-tmp/pursue_20260302/checkpoints/3d_v2_cont_big_b/latest.pth
Update 480/488 | Steps 1966080 | TrainRew -1.952 | Loss 48.4497 | Succ 0.00%
  [Eval] steps=1966080 mean_reward=-5598.729 success_rate=30.00%
  [EvalTerm] {'success': 3, 'timeout': 7, 'out_of_bounds': 0, 'other': 0}
  [Eval] steps=1970176 mean_reward=-7231.927 success_rate=0.00%
  [EvalTerm] {'success': 0, 'timeout': 10, 'out_of_bounds': 0, 'other': 0}
  [Eval] steps=1978368 mean_reward=-6958.249 success_rate=20.00%
  [EvalTerm] {'success': 2, 'timeout': 8, 'out_of_bounds': 0, 'other': 0}
  [Eval] steps=1982464 mean_reward=-5952.702 success_rate=10.00%
  [EvalTerm] {'success': 1, 'timeout': 9, 'out_of_bounds': 0, 'other': 0}
Saved checkpoint: /root/autodl-tmp/pursue_20260302/checkpoints/3d_v2_cont_big_b/latest.pth
  [Eval] steps=1986560 mean_reward=-5101.639 success_rate=20.00%
  [EvalTerm] {'success': 2, 'timeout': 8, 'out_of_bounds': 0, 'other': 0}
  [Eval] steps=1990656 mean_reward=-6675.966 success_rate=0.00%
  [EvalTerm] {'success': 0, 'timeout': 10, 'out_of_bounds': 0, 'other': 0}
  [Eval] steps=1998848 mean_reward=-7528.105 success_rate=10.00%
  [EvalTerm] {'success': 1, 'timeout': 9, 'out_of_bounds': 0, 'other': 0}
Saved checkpoint: /root/autodl-tmp/pursue_20260302/checkpoints/3d_v2_cont_big_b/final.pth
Saved training curves: /root/autodl-tmp/pursue_20260302/visualization/logs/3d_v2_cont_big_b/training_curves.png
Training finished.
