\BOOKMARK [1][-]{section.1}{\376\377\000P\000r\000o\000b\000l\000e\000m\000\040\000S\000e\000t\000u\000p\000\040\000a\000n\000d\000\040\000A\000s\000y\000m\000m\000e\000t\000r\000y\000\040\000C\000o\000n\000s\000t\000r\000a\000i\000n\000t\000s}{}% 1
\BOOKMARK [1][-]{section.2}{\376\377\000P\000r\000i\000m\000i\000t\000i\000v\000e\000\040\000D\000y\000n\000a\000m\000i\000c\000s\000\040\000M\000o\000d\000e\000l}{}% 2
\BOOKMARK [1][-]{section.3}{\376\377\000L\000o\000w\000-\000L\000e\000v\000e\000l\000\040\000C\000o\000n\000t\000i\000n\000u\000o\000u\000s\000\040\000C\000o\000n\000t\000r\000o\000l\000\040\000M\000D\000P\000\040\000\050\000E\000x\000e\000c\000u\000t\000i\000o\000n\000\040\000L\000a\000y\000e\000r\000\051}{}% 3
\BOOKMARK [2][-]{subsection.3.1}{\376\377\000S\000t\000a\000t\000e\000\040\000d\000e\000s\000i\000g\000n\000\040\000\050\000a\000c\000c\000e\000l\000e\000r\000a\000t\000i\000o\000n\000-\000a\000w\000a\000r\000e\000\051}{section.3}% 4
\BOOKMARK [2][-]{subsection.3.2}{\376\377\000C\000o\000n\000t\000i\000n\000u\000o\000u\000s\000\040\000a\000c\000t\000i\000o\000n\000\040\000p\000a\000r\000a\000m\000e\000t\000e\000r\000i\000z\000a\000t\000i\000o\000n\000\040\000\050\000O\000p\000t\000i\000o\000n\000\040\000A\000\051}{section.3}% 5
\BOOKMARK [2][-]{subsection.3.3}{\376\377\000P\000I\000D\000\040\000e\000x\000e\000c\000u\000t\000i\000o\000n\000\040\000e\000q\000u\000a\000t\000i\000o\000n\000s\000\040\000\050\000p\000r\000o\000j\000e\000c\000t\000-\000a\000l\000i\000g\000n\000e\000d\000\040\000s\000t\000y\000l\000e\000\051}{section.3}% 6
\BOOKMARK [2][-]{subsection.3.4}{\376\377\000L\000o\000w\000-\000l\000e\000v\000e\000l\000\040\000r\000e\000w\000a\000r\000d}{section.3}% 7
\BOOKMARK [1][-]{section.4}{\376\377\000H\000i\000g\000h\000-\000L\000e\000v\000e\000l\000\040\000P\000u\000r\000s\000u\000i\000t\000\040\000M\000D\000P\000\040\000\050\000D\000e\000c\000i\000s\000i\000o\000n\000\040\000L\000a\000y\000e\000r\000\051}{}% 8
\BOOKMARK [2][-]{subsection.4.1}{\376\377\000S\000t\000a\000t\000e}{section.4}% 9
\BOOKMARK [2][-]{subsection.4.2}{\376\377\000A\000c\000t\000i\000o\000n\000\040\000\050\000d\000i\000s\000c\000r\000e\000t\000e\000\040\000m\000a\000c\000r\000o\000-\000i\000n\000t\000e\000n\000t\000\051}{section.4}% 10
\BOOKMARK [2][-]{subsection.4.3}{\376\377\000H\000i\000g\000h\000-\000l\000e\000v\000e\000l\000\040\000r\000e\000w\000a\000r\000d\000\040\000\050\000t\000a\000s\000k\000\040\000o\000b\000j\000e\000c\000t\000i\000v\000e\000\051}{section.4}% 11
\BOOKMARK [1][-]{section.5}{\376\377\000U\000n\000i\000f\000i\000e\000d\000\040\000S\000M\000D\000P\000\040\000C\000o\000u\000p\000l\000i\000n\000g\000\040\000\050\000H\000i\000g\000h\000-\000L\000e\000v\000e\000l\000\040\000+\000\040\000L\000o\000w\000-\000L\000e\000v\000e\000l\000\051}{}% 12
\BOOKMARK [1][-]{section.6}{\376\377\000N\000o\000n\000-\000a\000s\000y\000m\000m\000e\000t\000r\000i\000c\000\040\000f\000e\000a\000s\000i\000b\000i\000l\000i\000t\000y\000\040\000i\000n\000s\000i\000g\000h\000t\000\040\000\050\000w\000h\000y\000\040\000a\000c\000c\000e\000l\000e\000r\000a\000t\000i\000o\000n\000\040\000m\000a\000t\000t\000e\000r\000s\000\051}{}% 13
\BOOKMARK [1][-]{section.7}{\376\377\000P\000r\000a\000c\000t\000i\000c\000a\000l\000\040\000d\000e\000s\000i\000g\000n\000\040\000a\000n\000s\000w\000e\000r\000s\000\040\000f\000o\000r\000\040\000y\000o\000u\000r\000\040\000t\000w\000o\000\040\000c\000o\000n\000c\000e\000r\000n\000s}{}% 14
\BOOKMARK [2][-]{subsection.7.1}{\376\377\000C\000o\000n\000c\000e\000r\000n\000\040\0001\000:\000\040\000`\000`\000D\000o\000\040\000w\000e\000\040\000n\000e\000e\000d\000\040\000a\000c\000c\000e\000l\000e\000r\000a\000t\000i\000o\000n\000\040\000o\000b\000s\000e\000r\000v\000a\000t\000i\000o\000n\000?\000'\000'}{section.7}% 15
\BOOKMARK [2][-]{subsection.7.2}{\376\377\000C\000o\000n\000c\000e\000r\000n\000\040\0002\000:\000\040\000`\000`\000I\000s\000\040\000d\000i\000s\000c\000r\000e\000t\000e\000\040\000l\000o\000w\000-\000l\000e\000v\000e\000l\000\040\000a\000c\000t\000i\000o\000n\000\040\000s\000u\000i\000t\000a\000b\000l\000e\000\040\000f\000o\000r\000\040\000a\000c\000c\000e\000l\000e\000r\000a\000t\000i\000o\000n\000\040\000t\000r\000a\000c\000k\000i\000n\000g\000?\000'\000'}{section.7}% 16
\BOOKMARK [1][-]{section.8}{\376\377\000O\000p\000t\000i\000m\000i\000z\000a\000t\000i\000o\000n\000\040\000o\000b\000j\000e\000c\000t\000i\000v\000e\000s}{}% 17
\BOOKMARK [2][-]{subsection.8.1}{\376\377\000H\000i\000g\000h\000-\000l\000e\000v\000e\000l\000\040\000o\000p\000t\000i\000m\000i\000z\000a\000t\000i\000o\000n\000\040\000\050\000d\000i\000s\000c\000r\000e\000t\000e\000\040\000P\000P\000O\000\051}{section.8}% 18
\BOOKMARK [2][-]{subsection.8.2}{\376\377\000L\000o\000w\000-\000l\000e\000v\000e\000l\000\040\000o\000p\000t\000i\000m\000i\000z\000a\000t\000i\000o\000n}{section.8}% 19
\BOOKMARK [1][-]{section.9}{\376\377\000I\000m\000p\000l\000e\000m\000e\000n\000t\000a\000t\000i\000o\000n\000\040\000m\000a\000p\000p\000i\000n\000g\000\040\000t\000o\000\040\000c\000u\000r\000r\000e\000n\000t\000\040\000p\000r\000o\000j\000e\000c\000t\000\040\000f\000i\000l\000e\000s}{}% 20
